Archive member included to satisfy reference by file (symbol)

C:/ST/STM32CubeIDE_1.19.0/STM32CubeIDE/plugins/com.st.stm32cube.ide.mcu.externaltools.gnu-tools-for-stm32.13.3.rel1.win32_1.0.0.202411081344/tools/bin/../lib/gcc/arm-none-eabi/13.3.1/../../../../arm-none-eabi/lib/thumb/v7e-m+fp/hard\libc_nano.a(libc_a-exit.o)
                              C:/ST/STM32CubeIDE_1.19.0/STM32CubeIDE/plugins/com.st.stm32cube.ide.mcu.externaltools.gnu-tools-for-stm32.13.3.rel1.win32_1.0.0.202411081344/tools/bin/../lib/gcc/arm-none-eabi/13.3.1/../../../../arm-none-eabi/lib/thumb/v7e-m+fp/hard/crt0.o (exit)
C:/ST/STM32CubeIDE_1.19.0/STM32CubeIDE/plugins/com.st.stm32cube.ide.mcu.externaltools.gnu-tools-for-stm32.13.3.rel1.win32_1.0.0.202411081344/tools/bin/../lib/gcc/arm-none-eabi/13.3.1/../../../../arm-none-eabi/lib/thumb/v7e-m+fp/hard\libc_nano.a(libc_a-findfp.o)
                              C:/ST/STM32CubeIDE_1.19.0/STM32CubeIDE/plugins/com.st.stm32cube.ide.mcu.externaltools.gnu-tools-for-stm32.13.3.rel1.win32_1.0.0.202411081344/tools/bin/../lib/gcc/arm-none-eabi/13.3.1/../../../../arm-none-eabi/lib/thumb/v7e-m+fp/hard\libc_nano.a(libc_a-exit.o) (__stdio_exit_handler)
C:/ST/STM32CubeIDE_1.19.0/STM32CubeIDE/plugins/com.st.stm32cube.ide.mcu.externaltools.gnu-tools-for-stm32.13.3.rel1.win32_1.0.0.202411081344/tools/bin/../lib/gcc/arm-none-eabi/13.3.1/../../../../arm-none-eabi/lib/thumb/v7e-m+fp/hard\libc_nano.a(libc_a-fwalk.o)
                              C:/ST/STM32CubeIDE_1.19.0/STM32CubeIDE/plugins/com.st.stm32cube.ide.mcu.externaltools.gnu-tools-for-stm32.13.3.rel1.win32_1.0.0.202411081344/tools/bin/../lib/gcc/arm-none-eabi/13.3.1/../../../../arm-none-eabi/lib/thumb/v7e-m+fp/hard\libc_nano.a(libc_a-findfp.o) (_fwalk_sglue)
C:/ST/STM32CubeIDE_1.19.0/STM32CubeIDE/plugins/com.st.stm32cube.ide.mcu.externaltools.gnu-tools-for-stm32.13.3.rel1.win32_1.0.0.202411081344/tools/bin/../lib/gcc/arm-none-eabi/13.3.1/../../../../arm-none-eabi/lib/thumb/v7e-m+fp/hard\libc_nano.a(libc_a-stdio.o)
                              C:/ST/STM32CubeIDE_1.19.0/STM32CubeIDE/plugins/com.st.stm32cube.ide.mcu.externaltools.gnu-tools-for-stm32.13.3.rel1.win32_1.0.0.202411081344/tools/bin/../lib/gcc/arm-none-eabi/13.3.1/../../../../arm-none-eabi/lib/thumb/v7e-m+fp/hard\libc_nano.a(libc_a-findfp.o) (__sread)
C:/ST/STM32CubeIDE_1.19.0/STM32CubeIDE/plugins/com.st.stm32cube.ide.mcu.externaltools.gnu-tools-for-stm32.13.3.rel1.win32_1.0.0.202411081344/tools/bin/../lib/gcc/arm-none-eabi/13.3.1/../../../../arm-none-eabi/lib/thumb/v7e-m+fp/hard\libc_nano.a(libc_a-memset.o)
                              C:/ST/STM32CubeIDE_1.19.0/STM32CubeIDE/plugins/com.st.stm32cube.ide.mcu.externaltools.gnu-tools-for-stm32.13.3.rel1.win32_1.0.0.202411081344/tools/bin/../lib/gcc/arm-none-eabi/13.3.1/../../../../arm-none-eabi/lib/thumb/v7e-m+fp/hard/crt0.o (memset)
C:/ST/STM32CubeIDE_1.19.0/STM32CubeIDE/plugins/com.st.stm32cube.ide.mcu.externaltools.gnu-tools-for-stm32.13.3.rel1.win32_1.0.0.202411081344/tools/bin/../lib/gcc/arm-none-eabi/13.3.1/../../../../arm-none-eabi/lib/thumb/v7e-m+fp/hard\libc_nano.a(libc_a-closer.o)
                              C:/ST/STM32CubeIDE_1.19.0/STM32CubeIDE/plugins/com.st.stm32cube.ide.mcu.externaltools.gnu-tools-for-stm32.13.3.rel1.win32_1.0.0.202411081344/tools/bin/../lib/gcc/arm-none-eabi/13.3.1/../../../../arm-none-eabi/lib/thumb/v7e-m+fp/hard\libc_nano.a(libc_a-stdio.o) (_close_r)
C:/ST/STM32CubeIDE_1.19.0/STM32CubeIDE/plugins/com.st.stm32cube.ide.mcu.externaltools.gnu-tools-for-stm32.13.3.rel1.win32_1.0.0.202411081344/tools/bin/../lib/gcc/arm-none-eabi/13.3.1/../../../../arm-none-eabi/lib/thumb/v7e-m+fp/hard\libc_nano.a(libc_a-reent.o)
                              C:/ST/STM32CubeIDE_1.19.0/STM32CubeIDE/plugins/com.st.stm32cube.ide.mcu.externaltools.gnu-tools-for-stm32.13.3.rel1.win32_1.0.0.202411081344/tools/bin/../lib/gcc/arm-none-eabi/13.3.1/../../../../arm-none-eabi/lib/thumb/v7e-m+fp/hard\libc_nano.a(libc_a-closer.o) (errno)
C:/ST/STM32CubeIDE_1.19.0/STM32CubeIDE/plugins/com.st.stm32cube.ide.mcu.externaltools.gnu-tools-for-stm32.13.3.rel1.win32_1.0.0.202411081344/tools/bin/../lib/gcc/arm-none-eabi/13.3.1/../../../../arm-none-eabi/lib/thumb/v7e-m+fp/hard\libc_nano.a(libc_a-impure.o)
                              C:/ST/STM32CubeIDE_1.19.0/STM32CubeIDE/plugins/com.st.stm32cube.ide.mcu.externaltools.gnu-tools-for-stm32.13.3.rel1.win32_1.0.0.202411081344/tools/bin/../lib/gcc/arm-none-eabi/13.3.1/../../../../arm-none-eabi/lib/thumb/v7e-m+fp/hard\libc_nano.a(libc_a-reent.o) (_impure_ptr)
C:/ST/STM32CubeIDE_1.19.0/STM32CubeIDE/plugins/com.st.stm32cube.ide.mcu.externaltools.gnu-tools-for-stm32.13.3.rel1.win32_1.0.0.202411081344/tools/bin/../lib/gcc/arm-none-eabi/13.3.1/../../../../arm-none-eabi/lib/thumb/v7e-m+fp/hard\libc_nano.a(libc_a-lseekr.o)
[...]
Memory Configuration

Name             Origin             Length             Attributes
RAM              0x20000000         0x00020000         xrw
FLASH            0x08000000         0x00080000         xr
*default*        0x00000000         0xffffffff

Linker script and memory map

LOAD C:/ST/STM32CubeIDE_1.19.0/STM32CubeIDE/plugins/com.st.stm32cube.ide.mcu.externaltools.gnu-tools-for-stm32.13.3.rel1.win32_1.0.0.202411081344/tools/bin/../lib/gcc/arm-none-eabi/13.3.1/thumb/v7e-m+fp/hard/crti.o
LOAD C:/ST/STM32CubeIDE_1.19.0/STM32CubeIDE/plugins/com.st.stm32cube.ide.mcu.externaltools.gnu-tools-for-stm32.13.3.rel1.win32_1.0.0.202411081344/tools/bin/../lib/gcc/arm-none-eabi/13.3.1/thumb/v7e-m+fp/hard/crtbegin.o
LOAD C:/ST/STM32CubeIDE_1.19.0/STM32CubeIDE/plugins/com.st.stm32cube.ide.mcu.externaltools.gnu-tools-for-stm32.13.3.rel1.win32_1.0.0.202411081344/tools/bin/../lib/gcc/arm-none-eabi/13.3.1/../../../../arm-none-eabi/lib/thumb/v7e-m+fp/hard/crt0.o
LOAD ./Core/Src/Controller.o
LOAD ./Core/Src/LowPassFilter.o
LOAD ./Core/Src/MotorDriver.o
LOAD ./Core/Src/PWM.o
LOAD ./Core/Src/QEI.o
LOAD ./Core/Src/RevRobot1DOF.o
LOAD ./Core/Src/Trajectory.o
LOAD ./Core/Src/gpio.o
LOAD ./Core/Src/main.o
LOAD ./Core/Src/stm32f4xx_hal_msp.o
LOAD ./Core/Src/stm32f4xx_it.o
LOAD ./Core/Src/syscalls.o
LOAD ./Core/Src/sysmem.o
LOAD ./Core/Src/system_stm32f4xx.o
LOAD ./Core/Src/tim.o
LOAD ./Core/Src/usart.o
LOAD ./Core/Startup/startup_stm32f411retx.o
LOAD ./Drivers/STM32F4xx_HAL_Driver/Src/stm32f4xx_hal.o
LOAD ./Drivers/STM32F4xx_HAL_Driver/Src/stm32f4xx_hal_cortex.o
LOAD ./Drivers/STM32F4xx_HAL_Driver/Src/stm32f4xx_hal_dma.o
LOAD ./Drivers/STM32F4xx_HAL_Driver/Src/stm32f4xx_hal_dma_ex.o
LOAD ./Drivers/STM32F4xx_HAL_Driver/Src/stm32f4xx_hal_exti.o
LOAD ./Drivers/STM32F4xx_HAL_Driver/Src/stm32f4xx_hal_flash.o
LOAD ./Drivers/STM32F4xx_HAL_Driver/Src/stm32f4xx_hal_flash_ex.o
LOAD ./Drivers/STM32F4xx_HAL_Driver/Src/stm32f4xx_hal_flash_ramfunc.o
LOAD ./Drivers/STM32F4xx_HAL_Driver/Src/stm32f4xx_hal_gpio.o
LOAD ./Drivers/STM32F4xx_HAL_Driver/Src/stm32f4xx_hal_pwr.o
LOAD ./Drivers/STM32F4xx_HAL_Driver/Src/stm32f4xx_hal_pwr_ex.o
LOAD ./Drivers/STM32F4xx_HAL_Driver/Src/stm32f4xx_hal_rcc.o
LOAD ./Drivers/STM32F4xx_HAL_Driver/Src/stm32f4xx_hal_rcc_ex.o
LOAD ./Drivers/STM32F4xx_HAL_Driver/Src/stm32f4xx_hal_tim.o
LOAD ./Drivers/STM32F4xx_HAL_Driver/Src/stm32f4xx_hal_tim_ex.o
LOAD ./Drivers/STM32F4xx_HAL_Driver/Src/stm32f4xx_hal_uart.o
LOAD ../Middlewares/Third_Party/ARM_CMSIS/CMSIS/DSP/Lib/GCC\libarm_cortexM4lf_math.a
START GROUP
LOAD C:/ST/STM32CubeIDE_1.19.0/STM32CubeIDE/plugins/com.st.stm32cube.ide.mcu.externaltools.gnu-tools-for-stm32.13.3.rel1.win32_1.0.0.202411081344/tools/bin/../lib/gcc/arm-none-eabi/13.3.1/../../../../arm-none-eabi/lib/thumb/v7e-m+fp/hard\libc_nano.a
LOAD C:/ST/STM32CubeIDE_1.19.0/STM32CubeIDE/plugins/com.st.stm32cube.ide.mcu.externaltools.gnu-tools-for-stm32.13.3.rel1.win32_1.0.0.202411081344/tools/bin/../lib/gcc/arm-none-eabi/13.3.1/../../../../arm-none-eabi/lib/thumb/v7e-m+fp/hard\libm.a
END GROUP
START GROUP
LOAD C:/ST/STM32CubeIDE_1.19.0/STM32CubeIDE/plugins/com.st.stm32cube.ide.mcu.externaltools.gnu-tools-for-stm32.13.3.rel1.win32_1.0.0.202411081344/tools/bin/../lib/gcc/arm-none-eabi/13.3.1/thumb/v7e-m+fp/hard\libgcc.a
LOAD C:/ST/STM32CubeIDE_1.19.0/STM32CubeIDE/plugins/com.st.stm32cube.ide.mcu.externaltools.gnu-tools-for-stm32.13.3.rel1.win32_1.0.0.202411081344/tools/bin/../lib/gcc/arm-none-eabi/13.3.1/../../../../arm-none-eabi/lib/thumb/v7e-m+fp/hard\libc_nano.a
END GROUP
START GROUP
LOAD C:/ST/STM32CubeIDE_1.19.0/STM32CubeIDE/plugins/com.st.stm32cube.ide.mcu.externaltools.gnu-tools-for-stm32.13.3.rel1.win32_1.0.0.202411081344/tools/bin/../lib/gcc/arm-none-eabi/13.3.1/thumb/v7e-m+fp/hard\libgcc.a
LOAD C:/ST/STM32CubeIDE_1.19.0/STM32CubeIDE/plugins/com.st.stm32cube.ide.mcu.externaltools.gnu-tools-for-stm32.13.3.rel1.win32_1.0.0.202411081344/tools/bin/../lib/gcc/arm-none-eabi/13.3.1/../../../../arm-none-eabi/lib/thumb/v7e-m+fp/hard\libc_nano.a
LOAD C:/ST/STM32CubeIDE_1.19.0/STM32CubeIDE/plugins/com.st.stm32cube.ide.mcu.externaltools.gnu-tools-for-stm32.13.3.rel1.win32_1.0.0.202411081344/tools/bin/../lib/gcc/arm-none-eabi/13.3.1/../../../../arm-none-eabi/lib/thumb/v7e-m+fp/hard\libnosys.a
END GROUP
START GROUP
LOAD C:/ST/STM32CubeIDE_1.19.0/STM32CubeIDE/plugins/com.st.stm32cube.ide.mcu.externaltools.gnu-tools-for-stm32.13.3.rel1.win32_1.0.0.202411081344/tools/bin/../lib/gcc/arm-none-eabi/13.3.1/thumb/v7e-m+fp/hard\libgcc.a
LOAD C:/ST/STM32CubeIDE_1.19.0/STM32CubeIDE/plugins/com.st.stm32cube.ide.mcu.externaltools.gnu-tools-for-stm32.13.3.rel1.win32_1.0.0.202411081344/tools/bin/../lib/gcc/arm-none-eabi/13.3.1/../../../../arm-none-eabi/lib/thumb/v7e-m+fp/hard\libc_nano.a
LOAD C:/ST/STM32CubeIDE_1.19.0/STM32CubeIDE/plugins/com.st.stm32cube.ide.mcu.externaltools.gnu-tools-for-stm32.13.3.rel1.win32_1.0.0.202411081344/tools/bin/../lib/gcc/arm-none-eabi/13.3.1/../../../../arm-none-eabi/lib/thumb/v7e-m+fp/hard\libnosys.a
END GROUP
LOAD C:/ST/STM32CubeIDE_1.19.0/STM32CubeIDE/plugins/com.st.stm32cube.ide.mcu.externaltools.gnu-tools-for-stm32.13.3.rel1.win32_1.0.0.202411081344/tools/bin/../lib/gcc/arm-none-eabi/13.3.1/thumb/v7e-m+fp/hard/crtend.o
LOAD C:/ST/STM32CubeIDE_1.19.0/STM32CubeIDE/plugins/com.st.stm32cube.ide.mcu.externaltools.gnu-tools-for-stm32.13.3.rel1.win32_1.0.0.202411081344/tools/bin/../lib/gcc/arm-none-eabi/13.3.1/thumb/v7e-m+fp/hard/crtn.o
                0x20020000                        _estack = (ORIGIN (RAM) + LENGTH (RAM))
                0x00000200                        _Min_Heap_Size = 0x200
                0x00000400                        _Min_Stack_Size = 0x400

.isr_vector     0x08000000      0x198
                0x08000000                        . = ALIGN (0x4)
 *(.isr_vector)
 .isr_vector    0x08000000      0x198 ./Core/Startup/startup_stm32f411retx.o
                0x08000000                g_pfnVectors
                0x08000198                        . = ALIGN (0x4)

.text           0x08000198     0x4fd0
                0x08000198                        . = ALIGN (0x4)
 *(.text)
 .text          0x08000198       0x40 C:/ST/STM32CubeIDE_1.19.0/STM32CubeIDE/plugins/com.st.stm32cube.ide.mcu.externaltools.gnu-tools-for-stm32.13.3.rel1.win32_1.0.0.202411081344/tools/bin/../lib/gcc/arm-none-eabi/13.3.1/thumb/v7e-m+fp/hard/crtbegin.o
 .text          0x080001d8      0x378 C:/ST/STM32CubeIDE_1.19.0/STM32CubeIDE/plugins/com.st.stm32cube.ide.mcu.externaltools.gnu-tools-for-stm32.13.3.rel1.win32_1.0.0.202411081344/tools/bin/../lib/gcc/arm-none-eabi/13.3.1/thumb/v7e-m+fp/hard\libgcc.a(_arm_addsubdf3.o)
                0x080001d8                __aeabi_drsub
                0x080001e0                __aeabi_dsub
                0x080001e0                __subdf3
                0x080001e4                __aeabi_dadd
                0x080001e4                __adddf3
                0x0800045c                __floatunsidf
                0x0800045c                __aeabi_ui2d
                0x0800047c                __floatsidf
                0x0800047c                __aeabi_i2d
                0x080004a0                __aeabi_f2d
                0x080004a0                __extendsfdf2
                0x080004e4                __floatundidf
                0x080004e4                __aeabi_ul2d
                0x080004f4                __floatdidf
                0x080004f4                __aeabi_l2d
 .text          0x08000550      0x424 C:/ST/STM32CubeIDE_1.19.0/STM32CubeIDE/plugins/com.st.stm32cube.ide.mcu.externaltools.gnu-tools-for-stm32.13.3.rel1.win32_1.0.0.202411081344/tools/bin/../lib/gcc/arm-none-eabi/13.3.1/thumb/v7e-m+fp/hard\libgcc.a(_arm_muldivdf3.o)
                0x08000550                __aeabi_dmul
                0x08000550                __muldf3
                0x080007a4                __divdf3
                0x080007a4                __aeabi_ddiv
 .text          0x08000974       0x40 C:/ST/STM32CubeIDE_1.19.0/STM32CubeIDE/plugins/com.st.stm32cube.ide.mcu.externaltools.gnu-tools-for-stm32.13.3.rel1.win32_1.0.0.202411081344/tools/bin/../lib/gcc/arm-none-eabi/13.3.1/thumb/v7e-m+fp/hard\libgcc.a(_arm_fixunsdfsi.o)
                0x08000974                __aeabi_d2uiz
                0x08000974                __fixunsdfsi
 .text          0x080009b4       0xa0 C:/ST/STM32CubeIDE_1.19.0/STM32CubeIDE/plugins/com.st.stm32cube.ide.mcu.externaltools.gnu-tools-for-stm32.13.3.rel1.win32_1.0.0.202411081344/tools/bin/../lib/gcc/arm-none-eabi/13.3.1/thumb/v7e-m+fp/hard\libgcc.a(_arm_truncdfsf2.o)
                0x080009b4                __truncdfsf2
                0x080009b4                __aeabi_d2f
 .text          0x08000a54       0x30 C:/ST/STM32CubeIDE_1.19.0/STM32CubeIDE/plugins/com.st.stm32cube.ide.mcu.externaltools.gnu-tools-for-stm32.13.3.rel1.win32_1.0.0.202411081344/tools/bin/../lib/gcc/arm-none-eabi/13.3.1/thumb/v7e-m+fp/hard\libgcc.a(_aeabi_uldivmod.o)
                0x08000a54                __aeabi_uldivmod
 .text          0x08000a84      0x2f8 C:/ST/STM32CubeIDE_1.19.0/STM32CubeIDE/plugins/com.st.stm32cube.ide.mcu.externaltools.gnu-tools-for-stm32.13.3.rel1.win32_1.0.0.202411081344/tools/bin/../lib/gcc/arm-none-eabi/13.3.1/thumb/v7e-m+fp/hard\libgcc.a(_udivmoddi4.o)
                0x08000a84                __udivmoddi4
 .text          0x08000d7c        0x4 C:/ST/STM32CubeIDE_1.19.0/STM32CubeIDE/plugins/com.st.stm32cube.ide.mcu.externaltools.gnu-tools-for-stm32.13.3.rel1.win32_1.0.0.202411081344/tools/bin/../lib/gcc/arm-none-eabi/13.3.1/thumb/v7e-m+fp/hard\libgcc.a(_dvmd_tls.o)
                0x08000d7c                __aeabi_idiv0
                0x08000d7c                __aeabi_ldiv0
 *(.text*)
 .text.PID_Init
                0x08000d80       0x5c ./Core/Src/Controller.o
                0x08000d80                PID_Init
 .text.PID_Compute
                0x08000ddc      0x18c ./Core/Src/Controller.o
                0x08000ddc                PID_Compute
 .text.LowpassFilter_Init
                0x08000f68       0xb8 ./Core/Src/LowPassFilter.o
                0x08000f68                LowpassFilter_Init
 .text.LowpassFilter
                0x08001020       0x6c ./Core/Src/LowPassFilter.o
                0x08001020                LowpassFilter
 .text.MotorDriver_init
                0x0800108c       0x66 ./Core/Src/MotorDriver.o
                0x0800108c                MotorDriver_init
 *fill*         0x080010f2        0x2 
 .text.MotorDriver_write
                0x080010f4       0xf0 ./Core/Src/MotorDriver.o
                0x080010f4                MotorDriver_write
 .text.MotorDriver_enable
                0x080011e4       0x20 ./Core/Src/MotorDriver.o
                0x080011e4                MotorDriver_enable
 .text.PWM_init
                0x08001204       0x38 ./Core/Src/PWM.o
                0x08001204                PWM_init
 *fill*         0x0800123c        0x4 
 .text.PWM_write
                0x08001240      0x1f0 ./Core/Src/PWM.o
                0x08001240                PWM_write
 .text.QEI_init
                0x08001430       0xbc ./Core/Src/QEI.o
                0x08001430                QEI_init
 *fill*         0x080014ec        0x4 
 .text.QEI_update
                0x080014f0      0x184 ./Core/Src/QEI.o
                0x080014f0                QEI_update
 .text.RevRobot1DOF_init
                0x08001674       0x90 ./Core/Src/RevRobot1DOF.o
                0x08001674                RevRobot1DOF_init
 .text.RevRobot1DOF_init_Motor
                0x08001704       0x5c ./Core/Src/RevRobot1DOF.o
                0x08001704                RevRobot1DOF_init_Motor
 .text.RevRobot1DOF_init_Encoder
                0x08001760       0x62 ./Core/Src/RevRobot1DOF.o
                0x08001760                RevRobot1DOF_init_Encoder
 .text.RevRobot1DOF_init_Filter
                0x080017c2       0x2a ./Core/Src/RevRobot1DOF.o
                0x080017c2                RevRobot1DOF_init_Filter
 .text.RevRobot1DOF_init_Position_PID
                0x080017ec       0x6c ./Core/Src/RevRobot1DOF.o
                0x080017ec                RevRobot1DOF_init_Position_PID
 .text.RevRobot1DOF_init_Velocity_PID
                0x08001858       0x5a ./Core/Src/RevRobot1DOF.o
                0x08001858                RevRobot1DOF_init_Velocity_PID
 *fill*         0x080018b2        0x2 
 .text.RevRobot1DOF_update
                0x080018b4      0x1ec ./Core/Src/RevRobot1DOF.o
                0x080018b4                RevRobot1DOF_update
 .text.RevRobot1DOF_spin_continuous_position
                0x08001aa0       0x70 ./Core/Src/RevRobot1DOF.o
                0x08001aa0                RevRobot1DOF_spin_continuous_position
 .text.Trajectory_Init
                0x08001b10       0x2e ./Core/Src/Trajectory.o
                0x08001b10                Trajectory_Init
 .text.Trajectory_Start
                0x08001b3e       0x1e ./Core/Src/Trajectory.o
                0x08001b3e                Trajectory_Start
 .text.Trajectory_Update
                0x08001b5c       0xb0 ./Core/Src/Trajectory.o
                0x08001b5c                Trajectory_Update
 .text.MX_GPIO_Init
                0x08001c0c      0x124 ./Core/Src/gpio.o
                0x08001c0c                MX_GPIO_Init
 .text.main     0x08001d30      0x15c ./Core/Src/main.o
                0x08001d30                main
 .text.SystemClock_Config
                0x08001e8c       0xd4 ./Core/Src/main.o
                0x08001e8c                SystemClock_Config
 .text.HAL_TIM_PeriodElapsedCallback
                0x08001f60       0x1c ./Core/Src/main.o
                0x08001f60                HAL_TIM_PeriodElapsedCallback
 .text.Error_Handler
                0x08001f7c        0xc ./Core/Src/main.o
                0x08001f7c                Error_Handler
 .text.HAL_MspInit
                0x08001f88       0x50 ./Core/Src/stm32f4xx_hal_msp.o
                0x08001f88                HAL_MspInit
 .text.NMI_Handler
                0x08001fd8        0x8 ./Core/Src/stm32f4xx_it.o
                0x08001fd8                NMI_Handler
 .text.HardFault_Handler
                0x08001fe0        0x8 ./Core/Src/stm32f4xx_it.o
                0x08001fe0                HardFault_Handler
 .text.MemManage_Handler
                0x08001fe8        0x8 ./Core/Src/stm32f4xx_it.o
                0x08001fe8                MemManage_Handler
 .text.BusFault_Handler
                0x08001ff0        0x8 ./Core/Src/stm32f4xx_it.o
                0x08001ff0                BusFault_Handler
 .text.UsageFault_Handler
                0x08001ff8        0x8 ./Core/Src/stm32f4xx_it.o
                0x08001ff8                UsageFault_Handler
 .text.SVC_Handler
                0x08002000        0xe ./Core/Src/stm32f4xx_it.o
                0x08002000                SVC_Handler
 .text.DebugMon_Handler
                0x0800200e        0xe ./Core/Src/stm32f4xx_it.o
                0x0800200e                DebugMon_Handler
 .text.PendSV_Handler
                0x0800201c        0xe ./Core/Src/stm32f4xx_it.o
                0x0800201c                PendSV_Handler
 .text.SysTick_Handler
                0x0800202a        0xc ./Core/Src/stm32f4xx_it.o
                0x0800202a                SysTick_Handler
 *fill*         0x08002036        0x2 
 .text.TIM1_BRK_TIM9_IRQHandler
                0x08002038       0x1c ./Core/Src/stm32f4xx_it.o
                0x08002038                TIM1_BRK_TIM9_IRQHandler
 .text.TIM4_IRQHandler
                0x08002054       0x14 ./Core/Src/stm32f4xx_it.o
                0x08002054                TIM4_IRQHandler
 .text.TIM5_IRQHandler
                0x08002068       0x14 ./Core/Src/stm32f4xx_it.o
                0x08002068                TIM5_IRQHandler
 .text.SystemInit
                0x0800207c       0x24 ./Core/Src/system_stm32f4xx.o
                0x0800207c                SystemInit
 .text.MX_TIM1_Init
                0x080020a0      0x158 ./Core/Src/tim.o
                0x080020a0                MX_TIM1_Init
 .text.MX_TIM2_Init
                0x080021f8       0xa8 ./Core/Src/tim.o
                0x080021f8                MX_TIM2_Init
 .text.MX_TIM4_Init
                0x080022a0       0x9c ./Core/Src/tim.o
                0x080022a0                MX_TIM4_Init
 .text.MX_TIM5_Init
                0x0800233c       0x9c ./Core/Src/tim.o
                0x0800233c                MX_TIM5_Init
 .text.MX_TIM9_Init
                0x080023d8       0x74 ./Core/Src/tim.o
                0x080023d8                MX_TIM9_Init
 .text.HAL_TIM_Base_MspInit
                0x0800244c      0x104 ./Core/Src/tim.o
                0x0800244c                HAL_TIM_Base_MspInit
 .text.HAL_TIM_Encoder_MspInit
                0x08002550       0x8c ./Core/Src/tim.o
                0x08002550                HAL_TIM_Encoder_MspInit
 .text.HAL_TIM_MspPostInit
                0x080025dc       0x74 ./Core/Src/tim.o
                0x080025dc                HAL_TIM_MspPostInit
 .text.MX_USART2_UART_Init
                0x08002650       0x54 ./Core/Src/usart.o
                0x08002650                MX_USART2_UART_Init
 .text.HAL_UART_MspInit
                0x080026a4       0x90 ./Core/Src/usart.o
                0x080026a4                HAL_UART_MspInit
 .text.Reset_Handler
                0x08002734       0x50 ./Core/Startup/startup_stm32f411retx.o
                0x08002734                Reset_Handler
 .text.Default_Handler
                0x08002784        0x2 ./Core/Startup/startup_stm32f411retx.o
                0x08002784                RTC_Alarm_IRQHandler
                0x08002784                EXTI2_IRQHandler
                0x08002784                SPI4_IRQHandler
                0x08002784                TIM1_CC_IRQHandler
                0x08002784                DMA2_Stream5_IRQHandler
                0x08002784                DMA1_Stream5_IRQHandler
                0x08002784                PVD_IRQHandler
                0x08002784                SDIO_IRQHandler
                0x08002784                TAMP_STAMP_IRQHandler
                0x08002784                EXTI3_IRQHandler
                0x08002784                TIM1_UP_TIM10_IRQHandler
                0x08002784                I2C3_ER_IRQHandler
                0x08002784                EXTI0_IRQHandler
                0x08002784                I2C2_EV_IRQHandler
                0x08002784                DMA1_Stream2_IRQHandler
                0x08002784                FPU_IRQHandler
                0x08002784                DMA2_Stream2_IRQHandler
                0x08002784                SPI1_IRQHandler
                0x08002784                DMA2_Stream3_IRQHandler
                0x08002784                USART6_IRQHandler
                0x08002784                DMA2_Stream0_IRQHandler
                0x08002784                I2C1_EV_IRQHandler
                0x08002784                DMA1_Stream6_IRQHandler
                0x08002784                DMA1_Stream1_IRQHandler
                0x08002784                TIM3_IRQHandler
                0x08002784                RCC_IRQHandler
                0x08002784                Default_Handler
                0x08002784                EXTI15_10_IRQHandler
                0x08002784                ADC_IRQHandler
                0x08002784                DMA1_Stream7_IRQHandler
                0x08002784                SPI5_IRQHandler
                0x08002784                DMA2_Stream7_IRQHandler
                0x08002784                I2C3_EV_IRQHandler
                0x08002784                EXTI9_5_IRQHandler
                0x08002784                RTC_WKUP_IRQHandler
                0x08002784                SPI2_IRQHandler
                0x08002784                DMA1_Stream0_IRQHandler
                0x08002784                EXTI4_IRQHandler
                0x08002784                WWDG_IRQHandler
                0x08002784                TIM2_IRQHandler
                0x08002784                OTG_FS_WKUP_IRQHandler
                0x08002784                TIM1_TRG_COM_TIM11_IRQHandler
                0x08002784                EXTI1_IRQHandler
                0x08002784                USART2_IRQHandler
                0x08002784                I2C2_ER_IRQHandler
                0x08002784                DMA2_Stream1_IRQHandler
                0x08002784                FLASH_IRQHandler
                0x08002784                DMA2_Stream4_IRQHandler
                0x08002784                USART1_IRQHandler
                0x08002784                OTG_FS_IRQHandler
                0x08002784                SPI3_IRQHandler
                0x08002784                DMA1_Stream4_IRQHandler
                0x08002784                I2C1_ER_IRQHandler
                0x08002784                DMA2_Stream6_IRQHandler
                0x08002784                DMA1_Stream3_IRQHandler
 *fill*         0x08002786        0x2 
 .text.HAL_Init
                0x08002788       0x44 ./Drivers/STM32F4xx_HAL_Driver/Src/stm32f4xx_hal.o
                0x08002788                HAL_Init
 .text.HAL_InitTick
                0x080027cc       0x60 ./Drivers/STM32F4xx_HAL_Driver/Src/stm32f4xx_hal.o
                0x080027cc                HAL_InitTick
 .text.HAL_IncTick
                0x0800282c       0x28 ./Drivers/STM32F4xx_HAL_Driver/Src/stm32f4xx_hal.o
                0x0800282c                HAL_IncTick
 .text.HAL_GetTick
                0x08002854       0x18 ./Drivers/STM32F4xx_HAL_Driver/Src/stm32f4xx_hal.o
                0x08002854                HAL_GetTick
 .text.__NVIC_SetPriorityGrouping
                0x0800286c       0x48 ./Drivers/STM32F4xx_HAL_Driver/Src/stm32f4xx_hal_cortex.o
 .text.__NVIC_GetPriorityGrouping
                0x080028b4       0x1c ./Drivers/STM32F4xx_HAL_Driver/Src/stm32f4xx_hal_cortex.o
 .text.__NVIC_EnableIRQ
                0x080028d0       0x3c ./Drivers/STM32F4xx_HAL_Driver/Src/stm32f4xx_hal_cortex.o
 .text.__NVIC_SetPriority
                0x0800290c       0x54 ./Drivers/STM32F4xx_HAL_Driver/Src/stm32f4xx_hal_cortex.o
 .text.NVIC_EncodePriority
                0x08002960       0x66 ./Drivers/STM32F4xx_HAL_Driver/Src/stm32f4xx_hal_cortex.o
 *fill*         0x080029c6        0x2 
 .text.SysTick_Config
                0x080029c8       0x44 ./Drivers/STM32F4xx_HAL_Driver/Src/stm32f4xx_hal_cortex.o
 .text.HAL_NVIC_SetPriorityGrouping
                0x08002a0c       0x16 ./Drivers/STM32F4xx_HAL_Driver/Src/stm32f4xx_hal_cortex.o
                0x08002a0c                HAL_NVIC_SetPriorityGrouping
 .text.HAL_NVIC_SetPriority
                0x08002a22       0x38 ./Drivers/STM32F4xx_HAL_Driver/Src/stm32f4xx_hal_cortex.o
                0x08002a22                HAL_NVIC_SetPriority
 .text.HAL_NVIC_EnableIRQ
                0x08002a5a       0x1c ./Drivers/STM32F4xx_HAL_Driver/Src/stm32f4xx_hal_cortex.o
                0x08002a5a                HAL_NVIC_EnableIRQ
 .text.HAL_SYSTICK_Config
                0x08002a76       0x18 ./Drivers/STM32F4xx_HAL_Driver/Src/stm32f4xx_hal_cortex.o
                0x08002a76                HAL_SYSTICK_Config
 *fill*         0x08002a8e        0x2 
 .text.HAL_GPIO_Init
                0x08002a90      0x308 ./Drivers/STM32F4xx_HAL_Driver/Src/stm32f4xx_hal_gpio.o
                0x08002a90                HAL_GPIO_Init
 .text.HAL_GPIO_WritePin
                0x08002d98       0x32 ./Drivers/STM32F4xx_HAL_Driver/Src/stm32f4xx_hal_gpio.o
                0x08002d98                HAL_GPIO_WritePin
 *fill*         0x08002dca        0x2 
 .text.HAL_RCC_OscConfig
                0x08002dcc      0x4f0 ./Drivers/STM32F4xx_HAL_Driver/Src/stm32f4xx_hal_rcc.o
                0x08002dcc                HAL_RCC_OscConfig
 .text.HAL_RCC_ClockConfig
                0x080032bc      0x1cc ./Drivers/STM32F4xx_HAL_Driver/Src/stm32f4xx_hal_rcc.o
                0x080032bc                HAL_RCC_ClockConfig
 .text.HAL_RCC_GetSysClockFreq
                0x08003488      0x20c ./Drivers/STM32F4xx_HAL_Driver/Src/stm32f4xx_hal_rcc.o
                0x08003488                HAL_RCC_GetSysClockFreq
 .text.HAL_RCC_GetHCLKFreq
                0x08003694       0x18 ./Drivers/STM32F4xx_HAL_Driver/Src/stm32f4xx_hal_rcc.o
                0x08003694                HAL_RCC_GetHCLKFreq
 .text.HAL_RCC_GetPCLK1Freq
                0x080036ac       0x28 ./Drivers/STM32F4xx_HAL_Driver/Src/stm32f4xx_hal_rcc.o
                0x080036ac                HAL_RCC_GetPCLK1Freq
 .text.HAL_RCC_GetPCLK2Freq
                0x080036d4       0x28 ./Drivers/STM32F4xx_HAL_Driver/Src/stm32f4xx_hal_rcc.o
                0x080036d4                HAL_RCC_GetPCLK2Freq
 .text.HAL_TIM_Base_Init
                0x080036fc       0x9e ./Drivers/STM32F4xx_HAL_Driver/Src/stm32f4xx_hal_tim.o
                0x080036fc                HAL_TIM_Base_Init
 *fill*         0x0800379a        0x2 
 .text.HAL_TIM_Base_Start
                0x0800379c       0xb4 ./Drivers/STM32F4xx_HAL_Driver/Src/stm32f4xx_hal_tim.o
                0x0800379c                HAL_TIM_Base_Start
 .text.HAL_TIM_Base_Start_IT
                0x08003850       0xc4 ./Drivers/STM32F4xx_HAL_Driver/Src/stm32f4xx_hal_tim.o
                0x08003850                HAL_TIM_Base_Start_IT
 .text.HAL_TIM_PWM_Init
                0x08003914       0x9e ./Drivers/STM32F4xx_HAL_Driver/Src/stm32f4xx_hal_tim.o
                0x08003914                HAL_TIM_PWM_Init
 .text.HAL_TIM_PWM_MspInit
                0x080039b2       0x14 ./Drivers/STM32F4xx_HAL_Driver/Src/stm32f4xx_hal_tim.o
                0x080039b2                HAL_TIM_PWM_MspInit
 *fill*         0x080039c6        0x2 
 .text.HAL_TIM_PWM_Start
                0x080039c8      0x160 ./Drivers/STM32F4xx_HAL_Driver/Src/stm32f4xx_hal_tim.o
                0x080039c8                HAL_TIM_PWM_Start
 .text.HAL_TIM_Encoder_Init
                0x08003b28      0x14c ./Drivers/STM32F4xx_HAL_Driver/Src/stm32f4xx_hal_tim.o
                0x08003b28                HAL_TIM_Encoder_Init
 .text.HAL_TIM_Encoder_Start
                0x08003c74      0x11c ./Drivers/STM32F4xx_HAL_Driver/Src/stm32f4xx_hal_tim.o
                0x08003c74                HAL_TIM_Encoder_Start
 .text.HAL_TIM_IRQHandler
                0x08003d90      0x1e0 ./Drivers/STM32F4xx_HAL_Driver/Src/stm32f4xx_hal_tim.o
                0x08003d90                HAL_TIM_IRQHandler
 .text.HAL_TIM_PWM_ConfigChannel
                0x08003f70      0x184 ./Drivers/STM32F4xx_HAL_Driver/Src/stm32f4xx_hal_tim.o
                0x08003f70                HAL_TIM_PWM_ConfigChannel
 .text.HAL_TIM_ConfigClockSource
                0x080040f4      0x18e ./Drivers/STM32F4xx_HAL_Driver/Src/stm32f4xx_hal_tim.o
                0x080040f4                HAL_TIM_ConfigClockSource
 .text.HAL_TIM_OC_DelayElapsedCallback
                0x08004282       0x14 ./Drivers/STM32F4xx_HAL_Driver/Src/stm32f4xx_hal_tim.o
                0x08004282                HAL_TIM_OC_DelayElapsedCallback
 .text.HAL_TIM_IC_CaptureCallback
                0x08004296       0x14 ./Drivers/STM32F4xx_HAL_Driver/Src/stm32f4xx_hal_tim.o
                0x08004296                HAL_TIM_IC_CaptureCallback
 .text.HAL_TIM_PWM_PulseFinishedCallback
                0x080042aa       0x14 ./Drivers/STM32F4xx_HAL_Driver/Src/stm32f4xx_hal_tim.o
                0x080042aa                HAL_TIM_PWM_PulseFinishedCallback
 .text.HAL_TIM_TriggerCallback
                0x080042be       0x14 ./Drivers/STM32F4xx_HAL_Driver/Src/stm32f4xx_hal_tim.o
                0x080042be                HAL_TIM_TriggerCallback
 *fill*         0x080042d2        0x2 
 .text.TIM_Base_SetConfig
                0x080042d4      0x10c ./Drivers/STM32F4xx_HAL_Driver/Src/stm32f4xx_hal_tim.o
                0x080042d4                TIM_Base_SetConfig
 .text.TIM_OC1_SetConfig
                0x080043e0       0xcc ./Drivers/STM32F4xx_HAL_Driver/Src/stm32f4xx_hal_tim.o
 .text.TIM_OC2_SetConfig
                0x080044ac       0xd8 ./Drivers/STM32F4xx_HAL_Driver/Src/stm32f4xx_hal_tim.o
                0x080044ac                TIM_OC2_SetConfig
 .text.TIM_OC3_SetConfig
                0x08004584       0xd4 ./Drivers/STM32F4xx_HAL_Driver/Src/stm32f4xx_hal_tim.o
 .text.TIM_OC4_SetConfig
                0x08004658       0xa0 ./Drivers/STM32F4xx_HAL_Driver/Src/stm32f4xx_hal_tim.o
 .text.TIM_TI1_ConfigInputStage
                0x080046f8       0x5e ./Drivers/STM32F4xx_HAL_Driver/Src/stm32f4xx_hal_tim.o
 .text.TIM_TI2_ConfigInputStage
                0x08004756       0x60 ./Drivers/STM32F4xx_HAL_Driver/Src/stm32f4xx_hal_tim.o
 .text.TIM_ITRx_SetConfig
                0x080047b6       0x36 ./Drivers/STM32F4xx_HAL_Driver/Src/stm32f4xx_hal_tim.o
 .text.TIM_ETR_SetConfig
                0x080047ec       0x40 ./Drivers/STM32F4xx_HAL_Driver/Src/stm32f4xx_hal_tim.o
                0x080047ec                TIM_ETR_SetConfig
 .text.TIM_CCxChannelCmd
                0x0800482c       0x4a ./Drivers/STM32F4xx_HAL_Driver/Src/stm32f4xx_hal_tim.o
                0x0800482c                TIM_CCxChannelCmd
 *fill*         0x08004876        0x2 
 .text.HAL_TIMEx_MasterConfigSynchronization
                0x08004878       0xdc ./Drivers/STM32F4xx_HAL_Driver/Src/stm32f4xx_hal_tim_ex.o
                0x08004878                HAL_TIMEx_MasterConfigSynchronization
 .text.HAL_TIMEx_ConfigBreakDeadTime
                0x08004954       0xa4 ./Drivers/STM32F4xx_HAL_Driver/Src/stm32f4xx_hal_tim_ex.o
                0x08004954                HAL_TIMEx_ConfigBreakDeadTime
 .text.HAL_TIMEx_CommutCallback
                0x080049f8       0x14 ./Drivers/STM32F4xx_HAL_Driver/Src/stm32f4xx_hal_tim_ex.o
                0x080049f8                HAL_TIMEx_CommutCallback
 .text.HAL_TIMEx_BreakCallback
                0x08004a0c       0x14 ./Drivers/STM32F4xx_HAL_Driver/Src/stm32f4xx_hal_tim_ex.o
                0x08004a0c                HAL_TIMEx_BreakCallback
 .text.HAL_UART_Init
                0x08004a20       0xa0 ./Drivers/STM32F4xx_HAL_Driver/Src/stm32f4xx_hal_uart.o
                0x08004a20                HAL_UART_Init
 .text.UART_SetConfig
                0x08004ac0      0x4e8 ./Drivers/STM32F4xx_HAL_Driver/Src/stm32f4xx_hal_uart.o
 .text.memset   0x08004fa8       0x10 C:/ST/STM32CubeIDE_1.19.0/STM32CubeIDE/plugins/com.st.stm32cube.ide.mcu.externaltools.gnu-tools-for-stm32.13.3.rel1.win32_1.0.0.202411081344/tools/bin/../lib/gcc/arm-none-eabi/13.3.1/../../../../arm-none-eabi/lib/thumb/v7e-m+fp/hard\libc_nano.a(libc_a-memset.o)
                0x08004fa8                memset
 .text.__errno  0x08004fb8        0xc C:/ST/STM32CubeIDE_1.19.0/STM32CubeIDE/plugins/com.st.stm32cube.ide.mcu.externaltools.gnu-tools-for-stm32.13.3.rel1.win32_1.0.0.202411081344/tools/bin/../lib/gcc/arm-none-eabi/13.3.1/../../../../arm-none-eabi/lib/thumb/v7e-m+fp/hard\libc_nano.a(libc_a-errno.o)
                0x08004fb8                __errno
 .text.__libc_init_array
                0x08004fc4       0x48 C:/ST/STM32CubeIDE_1.19.0/STM32CubeIDE/plugins/com.st.stm32cube.ide.mcu.externaltools.gnu-tools-for-stm32.13.3.rel1.win32_1.0.0.202411081344/tools/bin/../lib/gcc/arm-none-eabi/13.3.1/../../../../arm-none-eabi/lib/thumb/v7e-m+fp/hard\libc_nano.a(libc_a-init.o)
                0x08004fc4                __libc_init_array
 .text.fmodf    0x0800500c       0x40 C:/ST/STM32CubeIDE_1.19.0/STM32CubeIDE/plugins/com.st.stm32cube.ide.mcu.externaltools.gnu-tools-for-stm32.13.3.rel1.win32_1.0.0.202411081344/tools/bin/../lib/gcc/arm-none-eabi/13.3.1/../../../../arm-none-eabi/lib/thumb/v7e-m+fp/hard\libm.a(libm_a-wf_fmod.o)
                0x0800500c                fmodf
 .text.__ieee754_fmodf
                0x0800504c      0x104 C:/ST/STM32CubeIDE_1.19.0/STM32CubeIDE/plugins/com.st.stm32cube.ide.mcu.externaltools.gnu-tools-for-stm32.13.3.rel1.win32_1.0.0.202411081344/tools/bin/../lib/gcc/arm-none-eabi/13.3.1/../../../../arm-none-eabi/lib/thumb/v7e-m+fp/hard\libm.a(libm_a-ef_fmod.o)
                0x0800504c                __ieee754_fmodf
 *(.glue_7)
 .glue_7        0x08005150        0x0 linker stubs
 *(.glue_7t)
 .glue_7t       0x08005150        0x0 linker stubs
 *(.eh_frame)
 .eh_frame      0x08005150        0x0 C:/ST/STM32CubeIDE_1.19.0/STM32CubeIDE/plugins/com.st.stm32cube.ide.mcu.externaltools.gnu-tools-for-stm32.13.3.rel1.win32_1.0.0.202411081344/tools/bin/../lib/gcc/arm-none-eabi/13.3.1/thumb/v7e-m+fp/hard/crtbegin.o
 *(.init)
 .init          0x08005150        0x4 C:/ST/STM32CubeIDE_1.19.0/STM32CubeIDE/plugins/com.st.stm32cube.ide.mcu.externaltools.gnu-tools-for-stm32.13.3.rel1.win32_1.0.0.202411081344/tools/bin/../lib/gcc/arm-none-eabi/13.3.1/thumb/v7e-m+fp/hard/crti.o
                0x08005150                _init
 .init          0x08005154        0x8 C:/ST/STM32CubeIDE_1.19.0/STM32CubeIDE/plugins/com.st.stm32cube.ide.mcu.externaltools.gnu-tools-for-stm32.13.3.rel1.win32_1.0.0.202411081344/tools/bin/../lib/gcc/arm-none-eabi/13.3.1/thumb/v7e-m+fp/hard/crtn.o
 *(.fini)
 .fini          0x0800515c        0x4 C:/ST/STM32CubeIDE_1.19.0/STM32CubeIDE/plugins/com.st.stm32cube.ide.mcu.externaltools.gnu-tools-for-stm32.13.3.rel1.win32_1.0.0.202411081344/tools/bin/../lib/gcc/arm-none-eabi/13.3.1/thumb/v7e-m+fp/hard/crti.o
                0x0800515c                _fini
 .fini          0x08005160        0x8 C:/ST/STM32CubeIDE_1.19.0/STM32CubeIDE/plugins/com.st.stm32cube.ide.mcu.externaltools.gnu-tools-for-stm32.13.3.rel1.win32_1.0.0.202411081344/tools/bin/../lib/gcc/arm-none-eabi/13.3.1/thumb/v7e-m+fp/hard/crtn.o
                0x08005168                        . = ALIGN (0x4)
                0x08005168                        _etext = .

.vfp11_veneer   0x08005168        0x0
 .vfp11_veneer  0x08005168        0x0 linker stubs

.v4_bx          0x08005168        0x0
 .v4_bx         0x08005168        0x0 linker stubs

.iplt           0x08005168        0x0
 .iplt          0x08005168        0x0 C:/ST/STM32CubeIDE_1.19.0/STM32CubeIDE/plugins/com.st.stm32cube.ide.mcu.externaltools.gnu-tools-for-stm32.13.3.rel1.win32_1.0.0.202411081344/tools/bin/../lib/gcc/arm-none-eabi/13.3.1/thumb/v7e-m+fp/hard/crtbegin.o

.rodata         0x08005168       0x20
                0x08005168                        . = ALIGN (0x4)
 *(.rodata)
 *(.rodata*)
 .rodata.AHBPrescTable
                0x08005168       0x10 ./Core/Src/system_stm32f4xx.o
                0x08005168                AHBPrescTable
 .rodata.APBPrescTable
                0x08005178        0x8 ./Core/Src/system_stm32f4xx.o
                0x08005178                APBPrescTable
 .rodata.Zero   0x08005180        0x8 C:/ST/STM32CubeIDE_1.19.0/STM32CubeIDE/plugins/com.st.stm32cube.ide.mcu.externaltools.gnu-tools-for-stm32.13.3.rel1.win32_1.0.0.202411081344/tools/bin/../lib/gcc/arm-none-eabi/13.3.1/../../../../arm-none-eabi/lib/thumb/v7e-m+fp/hard\libm.a(libm_a-ef_fmod.o)
                0x08005188                        . = ALIGN (0x4)

.ARM.extab      0x08005188        0x0
                0x08005188                        . = ALIGN (0x4)
 *(.ARM.extab* .gnu.linkonce.armextab.*)
                0x08005188                        . = ALIGN (0x4)

.ARM            0x08005188        0x8
                0x08005188                        . = ALIGN (0x4)
                0x08005188                        __exidx_start = .
 *(.ARM.exidx*)
 .ARM.exidx     0x08005188        0x8 C:/ST/STM32CubeIDE_1.19.0/STM32CubeIDE/plugins/com.st.stm32cube.ide.mcu.externaltools.gnu-tools-for-stm32.13.3.rel1.win32_1.0.0.202411081344/tools/bin/../lib/gcc/arm-none-eabi/13.3.1/thumb/v7e-m+fp/hard\libgcc.a(_udivmoddi4.o)
                0x08005190                        __exidx_end = .
                0x08005190                        . = ALIGN (0x4)

.preinit_array  0x08005190        0x0
                0x08005190                        . = ALIGN (0x4)
                0x08005190                        PROVIDE (__preinit_array_start = .)
 *(.preinit_array*)
                0x08005190                        PROVIDE (__preinit_array_end = .)
                0x08005190                        . = ALIGN (0x4)

.init_array     0x08005190        0x4
                0x08005190                        . = ALIGN (0x4)
                0x08005190                        PROVIDE (__init_array_start = .)
 *(SORT_BY_NAME(.init_array.*))
 *(.init_array*)
 .init_array    0x08005190        0x4 C:/ST/STM32CubeIDE_1.19.0/STM32CubeIDE/plugins/com.st.stm32cube.ide.mcu.externaltools.gnu-tools-for-stm32.13.3.rel1.win32_1.0.0.202411081344/tools/bin/../lib/gcc/arm-none-eabi/13.3.1/thumb/v7e-m+fp/hard/crtbegin.o
                0x08005194                        PROVIDE (__init_array_end = .)
                0x08005194                        . = ALIGN (0x4)

.fini_array     0x08005194        0x4
                0x08005194                        . = ALIGN (0x4)
                [!provide]                        PROVIDE (__fini_array_start = .)
 *(SORT_BY_NAME(.fini_array.*))
 *(.fini_array*)
 .fini_array    0x08005194        0x4 C:/ST/STM32CubeIDE_1.19.0/STM32CubeIDE/plugins/com.st.stm32cube.ide.mcu.externaltools.gnu-tools-for-stm32.13.3.rel1.win32_1.0.0.202411081344/tools/bin/../lib/gcc/arm-none-eabi/13.3.1/thumb/v7e-m+fp/hard/crtbegin.o
                [!provide]                        PROVIDE (__fini_array_end = .)
                0x08005198                        . = ALIGN (0x4)
                0x08005198                        _sidata = LOADADDR (.data)

.rel.dyn        0x08005198        0x0
 .rel.iplt      0x08005198        0x0 C:/ST/STM32CubeIDE_1.19.0/STM32CubeIDE/plugins/com.st.stm32cube.ide.mcu.externaltools.gnu-tools-for-stm32.13.3.rel1.win32_1.0.0.202411081344/tools/bin/../lib/gcc/arm-none-eabi/13.3.1/thumb/v7e-m+fp/hard/crtbegin.o

.data           0x20000000       0x5c load address 0x08005198
                0x20000000                        . = ALIGN (0x4)
                0x20000000                        _sdata = .
 *(.data)
 *(.data*)
 .data.SystemCoreClock
                0x20000000        0x4 ./Core/Src/system_stm32f4xx.o
                0x20000000                SystemCoreClock
 .data.uwTickPrio
                0x20000004        0x4 ./Drivers/STM32F4xx_HAL_Driver/Src/stm32f4xx_hal.o
                0x20000004                uwTickPrio
 .data.uwTickFreq
                0x20000008        0x1 ./Drivers/STM32F4xx_HAL_Driver/Src/stm32f4xx_hal.o
                0x20000008                uwTickFreq
 *fill*         0x20000009        0x3 
 .data._impure_ptr
                0x2000000c        0x4 C:/ST/STM32CubeIDE_1.19.0/STM32CubeIDE/plugins/com.st.stm32cube.ide.mcu.externaltools.gnu-tools-for-stm32.13.3.rel1.win32_1.0.0.202411081344/tools/bin/../lib/gcc/arm-none-eabi/13.3.1/../../../../arm-none-eabi/lib/thumb/v7e-m+fp/hard\libc_nano.a(libc_a-impure.o)
                0x2000000c                _impure_ptr
 .data._impure_data
                0x20000010       0x4c C:/ST/STM32CubeIDE_1.19.0/STM32CubeIDE/plugins/com.st.stm32cube.ide.mcu.externaltools.gnu-tools-for-stm32.13.3.rel1.win32_1.0.0.202411081344/tools/bin/../lib/gcc/arm-none-eabi/13.3.1/../../../../arm-none-eabi/lib/thumb/v7e-m+fp/hard\libc_nano.a(libc_a-impure.o)
                0x20000010                _impure_data
 *(.RamFunc)
 *(.RamFunc*)
                0x2000005c                        . = ALIGN (0x4)
                0x2000005c                        _edata = .

.igot.plt       0x2000005c        0x0 load address 0x080051f4
 .igot.plt      0x2000005c        0x0 C:/ST/STM32CubeIDE_1.19.0/STM32CubeIDE/plugins/com.st.stm32cube.ide.mcu.externaltools.gnu-tools-for-stm32.13.3.rel1.win32_1.0.0.202411081344/tools/bin/../lib/gcc/arm-none-eabi/13.3.1/thumb/v7e-m+fp/hard/crtbegin.o
                0x2000005c                        . = ALIGN (0x4)

.bss            0x20000060      0x448 load address 0x080051f4
                0x20000060                        _sbss = .
                0x20000060                        __bss_start__ = _sbss
 *(.bss)
 .bss           0x20000060       0x1c C:/ST/STM32CubeIDE_1.19.0/STM32CubeIDE/plugins/com.st.stm32cube.ide.mcu.externaltools.gnu-tools-for-stm32.13.3.rel1.win32_1.0.0.202411081344/tools/bin/../lib/gcc/arm-none-eabi/13.3.1/thumb/v7e-m+fp/hard/crtbegin.o
 *(.bss*)
 *fill*         0x2000007c        0x4 
 .bss.BallReciever
                0x20000080      0x130 ./Core/Src/main.o
                0x20000080                BallReciever
 .bss.target_RPM
                0x200001b0        0x4 ./Core/Src/main.o
                0x200001b0                target_RPM
 .bss.last_target_RPM
                0x200001b4        0x4 ./Core/Src/main.o
                0x200001b4                last_target_RPM
 .bss.Tracking_Error
                0x200001b8        0x4 ./Core/Src/main.o
                0x200001b8                Tracking_Error
 .bss.htim1     0x200001bc       0x48 ./Core/Src/tim.o
                0x200001bc                htim1
 .bss.htim2     0x20000204       0x48 ./Core/Src/tim.o
                0x20000204                htim2
 .bss.htim4     0x2000024c       0x48 ./Core/Src/tim.o
                0x2000024c                htim4
 .bss.htim5     0x20000294       0x48 ./Core/Src/tim.o
                0x20000294                htim5
 .bss.htim9     0x200002dc       0x48 ./Core/Src/tim.o
                0x200002dc                htim9
 .bss.huart2    0x20000324       0x48 ./Core/Src/usart.o
                0x20000324                huart2
 .bss.uwTick    0x2000036c        0x4 ./Drivers/STM32F4xx_HAL_Driver/Src/stm32f4xx_hal.o
                0x2000036c                uwTick
 .bss.__sf      0x20000370      0x138 C:/ST/STM32CubeIDE_1.19.0/STM32CubeIDE/plugins/com.st.stm32cube.ide.mcu.externaltools.gnu-tools-for-stm32.13.3.rel1.win32_1.0.0.202411081344/tools/bin/../lib/gcc/arm-none-eabi/13.3.1/../../../../arm-none-eabi/lib/thumb/v7e-m+fp/hard\libc_nano.a(libc_a-findfp.o)
                0x20000370                __sf
 *(COMMON)
                0x200004a8                        . = ALIGN (0x4)
                0x200004a8                        _ebss = .
                0x200004a8                        __bss_end__ = _ebss

._user_heap_stack
                0x200004a8      0x600 load address 0x080051f4
                0x200004a8                        . = ALIGN (0x8)
                [!provide]                        PROVIDE (end = .)
                0x200004a8                        PROVIDE (_end = .)
                0x200006a8                        . = (. + _Min_Heap_Size)
 *fill*         0x200004a8      0x200 
                0x20000aa8                        . = (. + _Min_Stack_Size)
 *fill*         0x200006a8      0x400 
                0x20000aa8                        . = ALIGN (0x8)

/DISCARD/
 libc.a(*)
 libm.a(*)
 libgcc.a(*)

.ARM.attributes
                0x00000000       0x30
 *(.ARM.attributes)
 .ARM.attributes
                0x00000000       0x22 C:/ST/STM32CubeIDE_1.19.0/STM32CubeIDE/plugins/com.st.stm32cube.ide.mcu.externaltools.gnu-tools-for-stm32.13.3.rel1.win32_1.0.0.202411081344/tools/bin/../lib/gcc/arm-none-eabi/13.3.1/thumb/v7e-m+fp/hard/crti.o
 .ARM.attributes
                0x00000022       0x34 C:/ST/STM32CubeIDE_1.19.0/STM32CubeIDE/plugins/com.st.stm32cube.ide.mcu.externaltools.gnu-tools-for-stm32.13.3.rel1.win32_1.0.0.202411081344/tools/bin/../lib/gcc/arm-none-eabi/13.3.1/thumb/v7e-m+fp/hard/crtbegin.o
 .ARM.attributes
                0x00000056       0x34 ./Core/Src/Controller.o
 .ARM.attributes
                0x0000008a       0x34 ./Core/Src/LowPassFilter.o
 .ARM.attributes
                0x000000be       0x34 ./Core/Src/MotorDriver.o
 .ARM.attributes
                0x000000f2       0x34 ./Core/Src/PWM.o
 .ARM.attributes
                0x00000126       0x34 ./Core/Src/QEI.o
 .ARM.attributes
                0x0000015a       0x34 ./Core/Src/RevRobot1DOF.o
 .ARM.attributes
                0x0000018e       0x34 ./Core/Src/Trajectory.o
 .ARM.attributes
                0x000001c2       0x34 ./Core/Src/gpio.o
 .ARM.attributes
                0x000001f6       0x34 ./Core/Src/main.o
 .ARM.attributes
                0x0000022a       0x34 ./Core/Src/stm32f4xx_hal_msp.o
 .ARM.attributes
                0x0000025e       0x34 ./Core/Src/stm32f4xx_it.o
 .ARM.attributes
                0x00000292       0x34 ./Core/Src/system_stm32f4xx.o
 .ARM.attributes
                0x000002c6       0x34 ./Core/Src/tim.o
 .ARM.attributes
                0x000002fa       0x34 ./Core/Src/usart.o
 .ARM.attributes
                0x0000032e       0x21 ./Core/Startup/startup_stm32f411retx.o
 .ARM.attributes
                0x0000034f       0x34 ./Drivers/STM32F4xx_HAL_Driver/Src/stm32f4xx_hal.o
 .ARM.attributes
                0x00000383       0x34 ./Drivers/STM32F4xx_HAL_Driver/Src/stm32f4xx_hal_cortex.o
 .ARM.attributes
                0x000003b7       0x34 ./Drivers/STM32F4xx_HAL_Driver/Src/stm32f4xx_hal_gpio.o
 .ARM.attributes
                0x000003eb       0x34 ./Drivers/STM32F4xx_HAL_Driver/Src/stm32f4xx_hal_rcc.o
 .ARM.attributes
                0x0000041f       0x34 ./Drivers/STM32F4xx_HAL_Driver/Src/stm32f4xx_hal_tim.o
 .ARM.attributes
                0x00000453       0x34 ./Drivers/STM32F4xx_HAL_Driver/Src/stm32f4xx_hal_tim_ex.o
 .ARM.attributes
                0x00000487       0x34 ./Drivers/STM32F4xx_HAL_Driver/Src/stm32f4xx_hal_uart.o
 .ARM.attributes
                0x000004bb       0x34 C:/ST/STM32CubeIDE_1.19.0/STM32CubeIDE/plugins/com.st.stm32cube.ide.mcu.externaltools.gnu-tools-for-stm32.13.3.rel1.win32_1.0.0.202411081344/tools/bin/../lib/gcc/arm-none-eabi/13.3.1/../../../../arm-none-eabi/lib/thumb/v7e-m+fp/hard\libc_nano.a(libc_a-findfp.o)
 .ARM.attributes
                0x000004ef       0x34 C:/ST/STM32CubeIDE_1.19.0/STM32CubeIDE/plugins/com.st.stm32cube.ide.mcu.externaltools.gnu-tools-for-stm32.13.3.rel1.win32_1.0.0.202411081344/tools/bin/../lib/gcc/arm-none-eabi/13.3.1/../../../../arm-none-eabi/lib/thumb/v7e-m+fp/hard\libc_nano.a(libc_a-memset.o)
 .ARM.attributes
                0x00000523       0x34 C:/ST/STM32CubeIDE_1.19.0/STM32CubeIDE/plugins/com.st.stm32cube.ide.mcu.externaltools.gnu-tools-for-stm32.13.3.rel1.win32_1.0.0.202411081344/tools/bin/../lib/gcc/arm-none-eabi/13.3.1/../../../../arm-none-eabi/lib/thumb/v7e-m+fp/hard\libc_nano.a(libc_a-impure.o)
 .ARM.attributes
                0x00000557       0x34 C:/ST/STM32CubeIDE_1.19.0/STM32CubeIDE/plugins/com.st.stm32cube.ide.mcu.externaltools.gnu-tools-for-stm32.13.3.rel1.win32_1.0.0.202411081344/tools/bin/../lib/gcc/arm-none-eabi/13.3.1/../../../../arm-none-eabi/lib/thumb/v7e-m+fp/hard\libc_nano.a(libc_a-errno.o)
 .ARM.attributes
                0x0000058b       0x34 C:/ST/STM32CubeIDE_1.19.0/STM32CubeIDE/plugins/com.st.stm32cube.ide.mcu.externaltools.gnu-tools-for-stm32.13.3.rel1.win32_1.0.0.202411081344/tools/bin/../lib/gcc/arm-none-eabi/13.3.1/../../../../arm-none-eabi/lib/thumb/v7e-m+fp/hard\libc_nano.a(libc_a-init.o)
 .ARM.attributes
                0x000005bf       0x34 C:/ST/STM32CubeIDE_1.19.0/STM32CubeIDE/plugins/com.st.stm32cube.ide.mcu.externaltools.gnu-tools-for-stm32.13.3.rel1.win32_1.0.0.202411081344/tools/bin/../lib/gcc/arm-none-eabi/13.3.1/../../../../arm-none-eabi/lib/thumb/v7e-m+fp/hard\libm.a(libm_a-wf_fmod.o)
 .ARM.attributes
                0x000005f3       0x34 C:/ST/STM32CubeIDE_1.19.0/STM32CubeIDE/plugins/com.st.stm32cube.ide.mcu.externaltools.gnu-tools-for-stm32.13.3.rel1.win32_1.0.0.202411081344/tools/bin/../lib/gcc/arm-none-eabi/13.3.1/../../../../arm-none-eabi/lib/thumb/v7e-m+fp/hard\libm.a(libm_a-ef_fmod.o)
 .ARM.attributes
                0x00000627       0x22 C:/ST/STM32CubeIDE_1.19.0/STM32CubeIDE/plugins/com.st.stm32cube.ide.mcu.externaltools.gnu-tools-for-stm32.13.3.rel1.win32_1.0.0.202411081344/tools/bin/../lib/gcc/arm-none-eabi/13.3.1/thumb/v7e-m+fp/hard\libgcc.a(_arm_addsubdf3.o)
 .ARM.attributes
                0x00000649       0x22 C:/ST/STM32CubeIDE_1.19.0/STM32CubeIDE/plugins/com.st.stm32cube.ide.mcu.externaltools.gnu-tools-for-stm32.13.3.rel1.win32_1.0.0.202411081344/tools/bin/../lib/gcc/arm-none-eabi/13.3.1/thumb/v7e-m+fp/hard\libgcc.a(_arm_muldivdf3.o)
 .ARM.attributes
                0x0000066b       0x22 C:/ST/STM32CubeIDE_1.19.0/STM32CubeIDE/plugins/com.st.stm32cube.ide.mcu.externaltools.gnu-tools-for-stm32.13.3.rel1.win32_1.0.0.202411081344/tools/bin/../lib/gcc/arm-none-eabi/13.3.1/thumb/v7e-m+fp/hard\libgcc.a(_arm_fixunsdfsi.o)
 .ARM.attributes
                0x0000068d       0x22 C:/ST/STM32CubeIDE_1.19.0/STM32CubeIDE/plugins/com.st.stm32cube.ide.mcu.externaltools.gnu-tools-for-stm32.13.3.rel1.win32_1.0.0.202411081344/tools/bin/../lib/gcc/arm-none-eabi/13.3.1/thumb/v7e-m+fp/hard\libgcc.a(_arm_truncdfsf2.o)
 .ARM.attributes
                0x000006af       0x22 C:/ST/STM32CubeIDE_1.19.0/STM32CubeIDE/plugins/com.st.stm32cube.ide.mcu.externaltools.gnu-tools-for-stm32.13.3.rel1.win32_1.0.0.202411081344/tools/bin/../lib/gcc/arm-none-eabi/13.3.1/thumb/v7e-m+fp/hard\libgcc.a(_aeabi_uldivmod.o)
 .ARM.attributes
                0x000006d1       0x34 C:/ST/STM32CubeIDE_1.19.0/STM32CubeIDE/plugins/com.st.stm32cube.ide.mcu.externaltools.gnu-tools-for-stm32.13.3.rel1.win32_1.0.0.202411081344/tools/bin/../lib/gcc/arm-none-eabi/13.3.1/thumb/v7e-m+fp/hard\libgcc.a(_udivmoddi4.o)
 .ARM.attributes
                0x00000705       0x22 C:/ST/STM32CubeIDE_1.19.0/STM32CubeIDE/plugins/com.st.stm32cube.ide.mcu.externaltools.gnu-tools-for-stm32.13.3.rel1.win32_1.0.0.202411081344/tools/bin/../lib/gcc/arm-none-eabi/13.3.1/thumb/v7e-m+fp/hard\libgcc.a(_dvmd_tls.o)
 .ARM.attributes
                0x00000727       0x22 C:/ST/STM32CubeIDE_1.19.0/STM32CubeIDE/plugins/com.st.stm32cube.ide.mcu.externaltools.gnu-tools-for-stm32.13.3.rel1.win32_1.0.0.202411081344/tools/bin/../lib/gcc/arm-none-eabi/13.3.1/thumb/v7e-m+fp/hard/crtn.o
OUTPUT(FRA163_Ball_Reciever.elf elf32-littlearm)
LOAD linker stubs
LOAD C:/ST/STM32CubeIDE_1.19.0/STM32CubeIDE/plugins/com.st.stm32cube.ide.mcu.externaltools.gnu-tools-for-stm32.13.3.rel1.win32_1.0.0.202411081344/tools/bin/../lib/gcc/arm-none-eabi/13.3.1/../../../../arm-none-eabi/lib/thumb/v7e-m+fp/hard\libc.a
LOAD C:/ST/STM32CubeIDE_1.19.0/STM32CubeIDE/plugins/com.st.stm32cube.ide.mcu.externaltools.gnu-tools-for-stm32.13.3.rel1.win32_1.0.0.202411081344/tools/bin/../lib/gcc/arm-none-eabi/13.3.1/../../../../arm-none-eabi/lib/thumb/v7e-m+fp/hard\libm.a
LOAD C:/ST/STM32CubeIDE_1.19.0/STM32CubeIDE/plugins/com.st.stm32cube.ide.mcu.externaltools.gnu-tools-for-stm32.13.3.rel1.win32_1.0.0.202411081344/tools/bin/../lib/gcc/arm-none-eabi/13.3.1/thumb/v7e-m+fp/hard\libgcc.a

.debug_info     0x00000000    0x100b8
 .debug_info    0x00000000      0x149 ./Core/Src/Controller.o
 .debug_info    0x00000149      0x12d ./Core/Src/LowPassFilter.o
 .debug_info    0x00000276      0x92b ./Core/Src/MotorDriver.o
 .debug_info    0x00000ba1      0x78a ./Core/Src/PWM.o
 .debug_info    0x0000132b      0x895 ./Core/Src/QEI.o
 .debug_info    0x00001bc0     0x108b ./Core/Src/RevRobot1DOF.o
 .debug_info    0x00002c4b      0x133 ./Core/Src/Trajectory.o
 .debug_info    0x00002d7e      0x433 ./Core/Src/gpio.o
 .debug_info    0x000031b1     0x11b0 ./Core/Src/main.o
 .debug_info    0x00004361      0x2a4 ./Core/Src/stm32f4xx_hal_msp.o
 .debug_info    0x00004605      0x716 ./Core/Src/stm32f4xx_it.o
 .debug_info    0x00004d1b      0x53e ./Core/Src/system_stm32f4xx.o
 .debug_info    0x00005259     0x1164 ./Core/Src/tim.o
 .debug_info    0x000063bd      0x94e ./Core/Src/usart.o
 .debug_info    0x00006d0b       0x30 ./Core/Startup/startup_stm32f411retx.o
 .debug_info    0x00006d3b      0x8c4 ./Drivers/STM32F4xx_HAL_Driver/Src/stm32f4xx_hal.o
 .debug_info    0x000075ff      0xcfc ./Drivers/STM32F4xx_HAL_Driver/Src/stm32f4xx_hal_cortex.o
 .debug_info    0x000082fb      0x6f9 ./Drivers/STM32F4xx_HAL_Driver/Src/stm32f4xx_hal_gpio.o
 .debug_info    0x000089f4      0x904 ./Drivers/STM32F4xx_HAL_Driver/Src/stm32f4xx_hal_rcc.o
 .debug_info    0x000092f8     0x2996 ./Drivers/STM32F4xx_HAL_Driver/Src/stm32f4xx_hal_tim.o
 .debug_info    0x0000bc8e     0x14d4 ./Drivers/STM32F4xx_HAL_Driver/Src/stm32f4xx_hal_tim_ex.o
 .debug_info    0x0000d162     0x2f56 ./Drivers/STM32F4xx_HAL_Driver/Src/stm32f4xx_hal_uart.o

.debug_abbrev   0x00000000     0x280b
 .debug_abbrev  0x00000000       0xea ./Core/Src/Controller.o
 .debug_abbrev  0x000000ea       0xe9 ./Core/Src/LowPassFilter.o
 .debug_abbrev  0x000001d3      0x190 ./Core/Src/MotorDriver.o
 .debug_abbrev  0x00000363      0x1a3 ./Core/Src/PWM.o
 .debug_abbrev  0x00000506      0x1bb ./Core/Src/QEI.o
 .debug_abbrev  0x000006c1      0x228 ./Core/Src/RevRobot1DOF.o
 .debug_abbrev  0x000008e9       0xe0 ./Core/Src/Trajectory.o
 .debug_abbrev  0x000009c9      0x151 ./Core/Src/gpio.o
 .debug_abbrev  0x00000b1a      0x296 ./Core/Src/main.o
 .debug_abbrev  0x00000db0       0xf4 ./Core/Src/stm32f4xx_hal_msp.o
 .debug_abbrev  0x00000ea4      0x1a7 ./Core/Src/stm32f4xx_it.o
 .debug_abbrev  0x0000104b      0x11a ./Core/Src/system_stm32f4xx.o
 .debug_abbrev  0x00001165      0x25d ./Core/Src/tim.o
 .debug_abbrev  0x000013c2      0x1f8 ./Core/Src/usart.o
 .debug_abbrev  0x000015ba       0x24 ./Core/Startup/startup_stm32f411retx.o
 .debug_abbrev  0x000015de      0x24b ./Drivers/STM32F4xx_HAL_Driver/Src/stm32f4xx_hal.o
 .debug_abbrev  0x00001829      0x31d ./Drivers/STM32F4xx_HAL_Driver/Src/stm32f4xx_hal_cortex.o
 .debug_abbrev  0x00001b46      0x1d3 ./Drivers/STM32F4xx_HAL_Driver/Src/stm32f4xx_hal_gpio.o
 .debug_abbrev  0x00001d19      0x2b6 ./Drivers/STM32F4xx_HAL_Driver/Src/stm32f4xx_hal_rcc.o
 .debug_abbrev  0x00001fcf      0x28b ./Drivers/STM32F4xx_HAL_Driver/Src/stm32f4xx_hal_tim.o
 .debug_abbrev  0x0000225a      0x296 ./Drivers/STM32F4xx_HAL_Driver/Src/stm32f4xx_hal_tim_ex.o
 .debug_abbrev  0x000024f0      0x31b ./Drivers/STM32F4xx_HAL_Driver/Src/stm32f4xx_hal_uart.o

.debug_aranges  0x00000000      0xd98
 .debug_aranges
                0x00000000       0x28 ./Core/Src/Controller.o
 .debug_aranges
                0x00000028       0x28 ./Core/Src/LowPassFilter.o
 .debug_aranges
                0x00000050       0x38 ./Core/Src/MotorDriver.o
 .debug_aranges
                0x00000088       0x28 ./Core/Src/PWM.o
 .debug_aranges
                0x000000b0       0x28 ./Core/Src/QEI.o
 .debug_aranges
                0x000000d8       0x70 ./Core/Src/RevRobot1DOF.o
 .debug_aranges
                0x00000148       0x38 ./Core/Src/Trajectory.o
 .debug_aranges
                0x00000180       0x20 ./Core/Src/gpio.o
 .debug_aranges
                0x000001a0       0x38 ./Core/Src/main.o
 .debug_aranges
                0x000001d8       0x20 ./Core/Src/stm32f4xx_hal_msp.o
 .debug_aranges
                0x000001f8       0x78 ./Core/Src/stm32f4xx_it.o
 .debug_aranges
                0x00000270       0x28 ./Core/Src/system_stm32f4xx.o
 .debug_aranges
                0x00000298       0x68 ./Core/Src/tim.o
 .debug_aranges
                0x00000300       0x30 ./Core/Src/usart.o
 .debug_aranges
                0x00000330       0x28 ./Core/Startup/startup_stm32f411retx.o
 .debug_aranges
                0x00000358       0xf0 ./Drivers/STM32F4xx_HAL_Driver/Src/stm32f4xx_hal.o
 .debug_aranges
                0x00000448      0x130 ./Drivers/STM32F4xx_HAL_Driver/Src/stm32f4xx_hal_cortex.o
 .debug_aranges
                0x00000578       0x58 ./Drivers/STM32F4xx_HAL_Driver/Src/stm32f4xx_hal_gpio.o
 .debug_aranges
                0x000005d0       0x88 ./Drivers/STM32F4xx_HAL_Driver/Src/stm32f4xx_hal_rcc.o
 .debug_aranges
                0x00000658      0x3d0 ./Drivers/STM32F4xx_HAL_Driver/Src/stm32f4xx_hal_tim.o
 .debug_aranges
                0x00000a28      0x168 ./Drivers/STM32F4xx_HAL_Driver/Src/stm32f4xx_hal_tim_ex.o
 .debug_aranges
                0x00000b90      0x208 ./Drivers/STM32F4xx_HAL_Driver/Src/stm32f4xx_hal_uart.o

.debug_rnglists
                0x00000000      0xa8b
 .debug_rnglists
                0x00000000       0x1a ./Core/Src/Controller.o
 .debug_rnglists
                0x0000001a       0x1a ./Core/Src/LowPassFilter.o
 .debug_rnglists
                0x00000034       0x26 ./Core/Src/MotorDriver.o
 .debug_rnglists
                0x0000005a       0x1a ./Core/Src/PWM.o
 .debug_rnglists
                0x00000074       0x1b ./Core/Src/QEI.o
 .debug_rnglists
                0x0000008f       0x51 ./Core/Src/RevRobot1DOF.o
 .debug_rnglists
                0x000000e0       0x36 ./Core/Src/Trajectory.o
 .debug_rnglists
                0x00000116       0x14 ./Core/Src/gpio.o
 .debug_rnglists
                0x0000012a       0x27 ./Core/Src/main.o
 .debug_rnglists
                0x00000151       0x13 ./Core/Src/stm32f4xx_hal_msp.o
 .debug_rnglists
                0x00000164       0x55 ./Core/Src/stm32f4xx_it.o
 .debug_rnglists
                0x000001b9       0x1a ./Core/Src/system_stm32f4xx.o
 .debug_rnglists
                0x000001d3       0x50 ./Core/Src/tim.o
 .debug_rnglists
                0x00000223       0x20 ./Core/Src/usart.o
 .debug_rnglists
                0x00000243       0x19 ./Core/Startup/startup_stm32f411retx.o
 .debug_rnglists
                0x0000025c       0xaf ./Drivers/STM32F4xx_HAL_Driver/Src/stm32f4xx_hal.o
 .debug_rnglists
                0x0000030b       0xe0 ./Drivers/STM32F4xx_HAL_Driver/Src/stm32f4xx_hal_cortex.o
 .debug_rnglists
                0x000003eb       0x3f ./Drivers/STM32F4xx_HAL_Driver/Src/stm32f4xx_hal_gpio.o
 .debug_rnglists
                0x0000042a       0x66 ./Drivers/STM32F4xx_HAL_Driver/Src/stm32f4xx_hal_rcc.o
 .debug_rnglists
                0x00000490      0x31a ./Drivers/STM32F4xx_HAL_Driver/Src/stm32f4xx_hal_tim.o
 .debug_rnglists
                0x000007aa      0x125 ./Drivers/STM32F4xx_HAL_Driver/Src/stm32f4xx_hal_tim_ex.o
 .debug_rnglists
                0x000008cf      0x1bc ./Drivers/STM32F4xx_HAL_Driver/Src/stm32f4xx_hal_uart.o

.debug_macro    0x00000000    0x171ab
 .debug_macro   0x00000000       0x1b ./Core/Src/Controller.o
 .debug_macro   0x0000001b      0xad8 ./Core/Src/Controller.o
 .debug_macro   0x00000af3       0x1b ./Core/Src/LowPassFilter.o
 .debug_macro   0x00000b0e      0x2a2 ./Core/Src/MotorDriver.o
 .debug_macro   0x00000db0      0x29b ./Core/Src/MotorDriver.o
 .debug_macro   0x0000104b       0x2e ./Core/Src/MotorDriver.o
 .debug_macro   0x00001079       0x28 ./Core/Src/MotorDriver.o
 .debug_macro   0x000010a1       0x22 ./Core/Src/MotorDriver.o
 .debug_macro   0x000010c3       0x8e ./Core/Src/MotorDriver.o
 .debug_macro   0x00001151       0x51 ./Core/Src/MotorDriver.o
 .debug_macro   0x000011a2      0x103 ./Core/Src/MotorDriver.o
 .debug_macro   0x000012a5       0x6a ./Core/Src/MotorDriver.o
 .debug_macro   0x0000130f      0x1df ./Core/Src/MotorDriver.o
 .debug_macro   0x000014ee       0x1c ./Core/Src/MotorDriver.o
 .debug_macro   0x0000150a       0x22 ./Core/Src/MotorDriver.o
 .debug_macro   0x0000152c       0xfb ./Core/Src/MotorDriver.o
 .debug_macro   0x00001627     0x1011 ./Core/Src/MotorDriver.o
 .debug_macro   0x00002638      0x11f ./Core/Src/MotorDriver.o
 .debug_macro   0x00002757     0xb968 ./Core/Src/MotorDriver.o
 .debug_macro   0x0000e0bf       0x6d ./Core/Src/MotorDriver.o
 .debug_macro   0x0000e12c     0x3693 ./Core/Src/MotorDriver.o
 .debug_macro   0x000117bf      0x190 ./Core/Src/MotorDriver.o
 .debug_macro   0x0001194f       0x5c ./Core/Src/MotorDriver.o
 .debug_macro   0x000119ab      0x45c ./Core/Src/MotorDriver.o
 .debug_macro   0x00011e07      0x9e9 ./Core/Src/MotorDriver.o
 .debug_macro   0x000127f0      0x115 ./Core/Src/MotorDriver.o
 .debug_macro   0x00012905      0x11b ./Core/Src/MotorDriver.o
 .debug_macro   0x00012a20       0xa5 ./Core/Src/MotorDriver.o
 .debug_macro   0x00012ac5      0x15f ./Core/Src/MotorDriver.o
 .debug_macro   0x00012c24      0x287 ./Core/Src/MotorDriver.o
 .debug_macro   0x00012eab       0x5f ./Core/Src/MotorDriver.o
 .debug_macro   0x00012f0a      0x236 ./Core/Src/MotorDriver.o
 .debug_macro   0x00013140      0x132 ./Core/Src/MotorDriver.o
 .debug_macro   0x00013272      0x264 ./Core/Src/MotorDriver.o
 .debug_macro   0x000134d6       0x2e ./Core/Src/MotorDriver.o
 .debug_macro   0x00013504      0x127 ./Core/Src/MotorDriver.o
 .debug_macro   0x0001362b       0x85 ./Core/Src/MotorDriver.o
 .debug_macro   0x000136b0       0x89 ./Core/Src/MotorDriver.o
 .debug_macro   0x00013739      0x8ed ./Core/Src/MotorDriver.o
 .debug_macro   0x00014026       0x47 ./Core/Src/MotorDriver.o
 .debug_macro   0x0001406d      0x2aa ./Core/Src/MotorDriver.o
 .debug_macro   0x00014317      0x126 ./Core/Src/MotorDriver.o
 .debug_macro   0x0001443d       0xac ./Core/Src/MotorDriver.o
 .debug_macro   0x000144e9       0x61 ./Core/Src/MotorDriver.o
 .debug_macro   0x0001454a       0x2a ./Core/Src/MotorDriver.o
 .debug_macro   0x00014574       0x43 ./Core/Src/MotorDriver.o
 .debug_macro   0x000145b7       0x34 ./Core/Src/MotorDriver.o
 .debug_macro   0x000145eb      0x370 ./Core/Src/MotorDriver.o
 .debug_macro   0x0001495b       0x16 ./Core/Src/MotorDriver.o
 .debug_macro   0x00014971       0x4a ./Core/Src/MotorDriver.o
 .debug_macro   0x000149bb       0x34 ./Core/Src/MotorDriver.o
 .debug_macro   0x000149ef       0x10 ./Core/Src/MotorDriver.o
 .debug_macro   0x000149ff       0x58 ./Core/Src/MotorDriver.o
 .debug_macro   0x00014a57       0x8e ./Core/Src/MotorDriver.o
 .debug_macro   0x00014ae5       0x1c ./Core/Src/MotorDriver.o
 .debug_macro   0x00014b01      0x185 ./Core/Src/MotorDriver.o
 .debug_macro   0x00014c86      0x19b ./Core/Src/MotorDriver.o
 .debug_macro   0x00014e21      0x298 ./Core/Src/PWM.o
 .debug_macro   0x000150b9      0x292 ./Core/Src/QEI.o
 .debug_macro   0x0001534b      0x2da ./Core/Src/RevRobot1DOF.o
 .debug_macro   0x00015625       0x1b ./Core/Src/Trajectory.o
 .debug_macro   0x00015640      0x1e7 ./Core/Src/gpio.o
 .debug_macro   0x00015827      0x2f6 ./Core/Src/main.o
 .debug_macro   0x00015b1d      0x1dd ./Core/Src/stm32f4xx_hal_msp.o
 .debug_macro   0x00015cfa      0x1e7 ./Core/Src/stm32f4xx_it.o
 .debug_macro   0x00015ee1      0x1ce ./Core/Src/system_stm32f4xx.o
 .debug_macro   0x000160af      0x1e7 ./Core/Src/tim.o
 .debug_macro   0x00016296      0x1e7 ./Core/Src/usart.o
 .debug_macro   0x0001647d      0x22e ./Drivers/STM32F4xx_HAL_Driver/Src/stm32f4xx_hal.o
 .debug_macro   0x000166ab      0x1ce ./Drivers/STM32F4xx_HAL_Driver/Src/stm32f4xx_hal_cortex.o
 .debug_macro   0x00016879      0x1d4 ./Drivers/STM32F4xx_HAL_Driver/Src/stm32f4xx_hal_gpio.o
 .debug_macro   0x00016a4d      0x1f2 ./Drivers/STM32F4xx_HAL_Driver/Src/stm32f4xx_hal_rcc.o
 .debug_macro   0x00016c3f      0x1cf ./Drivers/STM32F4xx_HAL_Driver/Src/stm32f4xx_hal_tim.o
 .debug_macro   0x00016e0e      0x1ce ./Drivers/STM32F4xx_HAL_Driver/Src/stm32f4xx_hal_tim_ex.o
 .debug_macro   0x00016fdc      0x1cf ./Drivers/STM32F4xx_HAL_Driver/Src/stm32f4xx_hal_uart.o

.debug_line     0x00000000    0x10a02
 .debug_line    0x00000000      0x154 ./Core/Src/Controller.o
 .debug_line    0x00000154       0xe5 ./Core/Src/LowPassFilter.o
 .debug_line    0x00000239      0x915 ./Core/Src/MotorDriver.o
 .debug_line    0x00000b4e      0x936 ./Core/Src/PWM.o
 .debug_line    0x00001484      0x96d ./Core/Src/QEI.o
 .debug_line    0x00001df1      0xb08 ./Core/Src/RevRobot1DOF.o
 .debug_line    0x000028f9       0xe8 ./Core/Src/Trajectory.o
 .debug_line    0x000029e1      0x778 ./Core/Src/gpio.o
 .debug_line    0x00003159      0x9c6 ./Core/Src/main.o
 .debug_line    0x00003b1f      0x747 ./Core/Src/stm32f4xx_hal_msp.o
 .debug_line    0x00004266      0x83e ./Core/Src/stm32f4xx_it.o
 .debug_line    0x00004aa4      0x7bc ./Core/Src/system_stm32f4xx.o
 .debug_line    0x00005260      0xa6f ./Core/Src/tim.o
 .debug_line    0x00005ccf      0x7b4 ./Core/Src/usart.o
 .debug_line    0x00006483       0x7a ./Core/Startup/startup_stm32f411retx.o
 .debug_line    0x000064fd      0xa38 ./Drivers/STM32F4xx_HAL_Driver/Src/stm32f4xx_hal.o
 .debug_line    0x00006f35      0xd08 ./Drivers/STM32F4xx_HAL_Driver/Src/stm32f4xx_hal_cortex.o
 .debug_line    0x00007c3d      0xb54 ./Drivers/STM32F4xx_HAL_Driver/Src/stm32f4xx_hal_gpio.o
 .debug_line    0x00008791      0xe47 ./Drivers/STM32F4xx_HAL_Driver/Src/stm32f4xx_hal_rcc.o
 .debug_line    0x000095d8     0x3577 ./Drivers/STM32F4xx_HAL_Driver/Src/stm32f4xx_hal_tim.o
 .debug_line    0x0000cb4f     0x1933 ./Drivers/STM32F4xx_HAL_Driver/Src/stm32f4xx_hal_tim_ex.o
 .debug_line    0x0000e482     0x2580 ./Drivers/STM32F4xx_HAL_Driver/Src/stm32f4xx_hal_uart.o

.debug_str      0x00000000    0x8e89a
 .debug_str     0x00000000    0x8e89a ./Core/Src/Controller.o
                               0x2eef (size before relaxing)
 .debug_str     0x0008e89a     0x2f0a ./Core/Src/LowPassFilter.o
 .debug_str     0x0008e89a    0x8b2bf ./Core/Src/MotorDriver.o
 .debug_str     0x0008e89a    0x8b1ec ./Core/Src/PWM.o
 .debug_str     0x0008e89a    0x8b243 ./Core/Src/QEI.o
 .debug_str     0x0008e89a    0x8b72e ./Core/Src/RevRobot1DOF.o
 .debug_str     0x0008e89a     0x2f13 ./Core/Src/Trajectory.o
 .debug_str     0x0008e89a    0x87464 ./Core/Src/gpio.o
 .debug_str     0x0008e89a    0x8b8d7 ./Core/Src/main.o
 .debug_str     0x0008e89a    0x873b6 ./Core/Src/stm32f4xx_hal_msp.o
 .debug_str     0x0008e89a    0x878a6 ./Core/Src/stm32f4xx_it.o
 .debug_str     0x0008e89a    0x871eb ./Core/Src/system_stm32f4xx.o
 .debug_str     0x0008e89a    0x8815c ./Core/Src/tim.o
 .debug_str     0x0008e89a    0x87921 ./Core/Src/usart.o
 .debug_str     0x0008e89a       0x8d ./Core/Startup/startup_stm32f411retx.o
 .debug_str     0x0008e89a    0x87c17 ./Drivers/STM32F4xx_HAL_Driver/Src/stm32f4xx_hal.o
 .debug_str     0x0008e89a    0x87981 ./Drivers/STM32F4xx_HAL_Driver/Src/stm32f4xx_hal_cortex.o
 .debug_str     0x0008e89a    0x87366 ./Drivers/STM32F4xx_HAL_Driver/Src/stm32f4xx_hal_gpio.o
 .debug_str     0x0008e89a    0x8761f ./Drivers/STM32F4xx_HAL_Driver/Src/stm32f4xx_hal_rcc.o
 .debug_str     0x0008e89a    0x88563 ./Drivers/STM32F4xx_HAL_Driver/Src/stm32f4xx_hal_tim.o
 .debug_str     0x0008e89a    0x87d6f ./Drivers/STM32F4xx_HAL_Driver/Src/stm32f4xx_hal_tim_ex.o
 .debug_str     0x0008e89a    0x87bee ./Drivers/STM32F4xx_HAL_Driver/Src/stm32f4xx_hal_uart.o

.comment        0x00000000       0x43
 .comment       0x00000000       0x43 ./Core/Src/Controller.o
                                 0x44 (size before relaxing)
 .comment       0x00000043       0x44 ./Core/Src/LowPassFilter.o
 .comment       0x00000043       0x44 ./Core/Src/MotorDriver.o
 .comment       0x00000043       0x44 ./Core/Src/PWM.o
 .comment       0x00000043       0x44 ./Core/Src/QEI.o
 .comment       0x00000043       0x44 ./Core/Src/RevRobot1DOF.o
 .comment       0x00000043       0x44 ./Core/Src/Trajectory.o
 .comment       0x00000043       0x44 ./Core/Src/gpio.o
 .comment       0x00000043       0x44 ./Core/Src/main.o
 .comment       0x00000043       0x44 ./Core/Src/stm32f4xx_hal_msp.o
 .comment       0x00000043       0x44 ./Core/Src/stm32f4xx_it.o
 .comment       0x00000043       0x44 ./Core/Src/system_stm32f4xx.o
 .comment       0x00000043       0x44 ./Core/Src/tim.o
 .comment       0x00000043       0x44 ./Core/Src/usart.o
 .comment       0x00000043       0x44 ./Drivers/STM32F4xx_HAL_Driver/Src/stm32f4xx_hal.o
 .comment       0x00000043       0x44 ./Drivers/STM32F4xx_HAL_Driver/Src/stm32f4xx_hal_cortex.o
 .comment       0x00000043       0x44 ./Drivers/STM32F4xx_HAL_Driver/Src/stm32f4xx_hal_gpio.o
 .comment       0x00000043       0x44 ./Drivers/STM32F4xx_HAL_Driver/Src/stm32f4xx_hal_rcc.o
 .comment       0x00000043       0x44 ./Drivers/STM32F4xx_HAL_Driver/Src/stm32f4xx_hal_tim.o
 .comment       0x00000043       0x44 ./Drivers/STM32F4xx_HAL_Driver/Src/stm32f4xx_hal_tim_ex.o
 .comment       0x00000043       0x44 ./Drivers/STM32F4xx_HAL_Driver/Src/stm32f4xx_hal_uart.o

.debug_frame    0x00000000     0x39d4
 .debug_frame   0x00000000       0x60 ./Core/Src/Controller.o
 .debug_frame   0x00000060       0x60 ./Core/Src/LowPassFilter.o
 .debug_frame   0x000000c0       0xac ./Core/Src/MotorDriver.o
 .debug_frame   0x0000016c       0x5c ./Core/Src/PWM.o
 .debug_frame   0x000001c8       0x60 ./Core/Src/QEI.o
 .debug_frame   0x00000228      0x1a8 ./Core/Src/RevRobot1DOF.o
 .debug_frame   0x000003d0       0xb0 ./Core/Src/Trajectory.o
 .debug_frame   0x00000480       0x34 ./Core/Src/gpio.o
 .debug_frame   0x000004b4       0x98 ./Core/Src/main.o
 .debug_frame   0x0000054c       0x34 ./Core/Src/stm32f4xx_hal_msp.o
 .debug_frame   0x00000580      0x158 ./Core/Src/stm32f4xx_it.o
 .debug_frame   0x000006d8       0x58 ./Core/Src/system_stm32f4xx.o
 .debug_frame   0x00000730      0x178 ./Core/Src/tim.o
 .debug_frame   0x000008a8       0x74 ./Core/Src/usart.o
 .debug_frame   0x0000091c      0x374 ./Drivers/STM32F4xx_HAL_Driver/Src/stm32f4xx_hal.o
 .debug_frame   0x00000c90      0x508 ./Drivers/STM32F4xx_HAL_Driver/Src/stm32f4xx_hal_cortex.o
 .debug_frame   0x00001198      0x14c ./Drivers/STM32F4xx_HAL_Driver/Src/stm32f4xx_hal_gpio.o
 .debug_frame   0x000012e4      0x1f4 ./Drivers/STM32F4xx_HAL_Driver/Src/stm32f4xx_hal_rcc.o
 .debug_frame   0x000014d8     0x11b8 ./Drivers/STM32F4xx_HAL_Driver/Src/stm32f4xx_hal_tim.o
 .debug_frame   0x00002690      0x638 ./Drivers/STM32F4xx_HAL_Driver/Src/stm32f4xx_hal_tim_ex.o
 .debug_frame   0x00002cc8      0x954 ./Drivers/STM32F4xx_HAL_Driver/Src/stm32f4xx_hal_uart.o
 .debug_frame   0x0000361c      0x144 C:/ST/STM32CubeIDE_1.19.0/STM32CubeIDE/plugins/com.st.stm32cube.ide.mcu.externaltools.gnu-tools-for-stm32.13.3.rel1.win32_1.0.0.202411081344/tools/bin/../lib/gcc/arm-none-eabi/13.3.1/../../../../arm-none-eabi/lib/thumb/v7e-m+fp/hard\libc_nano.a(libc_a-findfp.o)
 .debug_frame   0x00003760       0x20 C:/ST/STM32CubeIDE_1.19.0/STM32CubeIDE/plugins/com.st.stm32cube.ide.mcu.externaltools.gnu-tools-for-stm32.13.3.rel1.win32_1.0.0.202411081344/tools/bin/../lib/gcc/arm-none-eabi/13.3.1/../../../../arm-none-eabi/lib/thumb/v7e-m+fp/hard\libc_nano.a(libc_a-memset.o)
 .debug_frame   0x00003780       0x20 C:/ST/STM32CubeIDE_1.19.0/STM32CubeIDE/plugins/com.st.stm32cube.ide.mcu.externaltools.gnu-tools-for-stm32.13.3.rel1.win32_1.0.0.202411081344/tools/bin/../lib/gcc/arm-none-eabi/13.3.1/../../../../arm-none-eabi/lib/thumb/v7e-m+fp/hard\libc_nano.a(libc_a-errno.o)
 .debug_frame   0x000037a0       0x2c C:/ST/STM32CubeIDE_1.19.0/STM32CubeIDE/plugins/com.st.stm32cube.ide.mcu.externaltools.gnu-tools-for-stm32.13.3.rel1.win32_1.0.0.202411081344/tools/bin/../lib/gcc/arm-none-eabi/13.3.1/../../../../arm-none-eabi/lib/thumb/v7e-m+fp/hard\libc_nano.a(libc_a-init.o)
 .debug_frame   0x000037cc       0x38 C:/ST/STM32CubeIDE_1.19.0/STM32CubeIDE/plugins/com.st.stm32cube.ide.mcu.externaltools.gnu-tools-for-stm32.13.3.rel1.win32_1.0.0.202411081344/tools/bin/../lib/gcc/arm-none-eabi/13.3.1/../../../../arm-none-eabi/lib/thumb/v7e-m+fp/hard\libm.a(libm_a-wf_fmod.o)
 .debug_frame   0x00003804       0x2c C:/ST/STM32CubeIDE_1.19.0/STM32CubeIDE/plugins/com.st.stm32cube.ide.mcu.externaltools.gnu-tools-for-stm32.13.3.rel1.win32_1.0.0.202411081344/tools/bin/../lib/gcc/arm-none-eabi/13.3.1/../../../../arm-none-eabi/lib/thumb/v7e-m+fp/hard\libm.a(libm_a-ef_fmod.o)
 .debug_frame   0x00003830       0xac C:/ST/STM32CubeIDE_1.19.0/STM32CubeIDE/plugins/com.st.stm32cube.ide.mcu.externaltools.gnu-tools-for-stm32.13.3.rel1.win32_1.0.0.202411081344/tools/bin/../lib/gcc/arm-none-eabi/13.3.1/thumb/v7e-m+fp/hard\libgcc.a(_arm_addsubdf3.o)
 .debug_frame   0x000038dc       0x50 C:/ST/STM32CubeIDE_1.19.0/STM32CubeIDE/plugins/com.st.stm32cube.ide.mcu.externaltools.gnu-tools-for-stm32.13.3.rel1.win32_1.0.0.202411081344/tools/bin/../lib/gcc/arm-none-eabi/13.3.1/thumb/v7e-m+fp/hard\libgcc.a(_arm_muldivdf3.o)
 .debug_frame   0x0000392c       0x24 C:/ST/STM32CubeIDE_1.19.0/STM32CubeIDE/plugins/com.st.stm32cube.ide.mcu.externaltools.gnu-tools-for-stm32.13.3.rel1.win32_1.0.0.202411081344/tools/bin/../lib/gcc/arm-none-eabi/13.3.1/thumb/v7e-m+fp/hard\libgcc.a(_arm_fixunsdfsi.o)
 .debug_frame   0x00003950       0x24 C:/ST/STM32CubeIDE_1.19.0/STM32CubeIDE/plugins/com.st.stm32cube.ide.mcu.externaltools.gnu-tools-for-stm32.13.3.rel1.win32_1.0.0.202411081344/tools/bin/../lib/gcc/arm-none-eabi/13.3.1/thumb/v7e-m+fp/hard\libgcc.a(_arm_truncdfsf2.o)
 .debug_frame   0x00003974       0x2c C:/ST/STM32CubeIDE_1.19.0/STM32CubeIDE/plugins/com.st.stm32cube.ide.mcu.externaltools.gnu-tools-for-stm32.13.3.rel1.win32_1.0.0.202411081344/tools/bin/../lib/gcc/arm-none-eabi/13.3.1/thumb/v7e-m+fp/hard\libgcc.a(_aeabi_uldivmod.o)
 .debug_frame   0x000039a0       0x34 C:/ST/STM32CubeIDE_1.19.0/STM32CubeIDE/plugins/com.st.stm32cube.ide.mcu.externaltools.gnu-tools-for-stm32.13.3.rel1.win32_1.0.0.202411081344/tools/bin/../lib/gcc/arm-none-eabi/13.3.1/thumb/v7e-m+fp/hard\libgcc.a(_udivmoddi4.o)

.debug_line_str
                0x00000000       0x71
 .debug_line_str
                0x00000000       0x71 ./Core/Startup/startup_stm32f411retx.o
