../Core/Src/main.c:121:13:LED_Blink	24	static
../Core/Src/main.c:134:16:LCD_Scan_Address	16	static
../Core/Src/main.c:150:13:LCD_Send4Bits	32	static
../Core/Src/main.c:160:13:LCD_SendByte	16	static
../Core/Src/main.c:165:13:LCD_Cmd	16	static
../Core/Src/main.c:166:13:LCD_Data	16	static
../Core/Src/main.c:168:13:LCD_Init	8	static
../Core/Src/main.c:185:13:LCD_PrintAt	16	static
../Core/Src/main.c:195:13:Display_Ready	8	static
../Core/Src/main.c:202:13:Display_Select	40	static
../Core/Src/main.c:215:13:Display_Running	80	static
../Core/Src/main.c:235:13:Display_Stopped	8	static
../Core/Src/main.c:246:15:Encoder_ReadDelta	16	static
../Core/Src/main.c:258:13:Button_Poll	32	static
../Core/Src/main.c:284:13:App_Tick	24	static
../Core/Src/main.c:368:5:main	32	static
../Core/Src/main.c:487:6:SystemClock_Config	88	static
../Core/Src/main.c:531:6:HAL_TIM_PeriodElapsedCallback	16	static
../Core/Src/main.c:541:6:Error_Handler	4	static,ignoring_inline_asm
