../Core/Src/main.c:121:13:LED_Blink	2
../Core/Src/main.c:134:16:LCD_Scan_Address	6
../Core/Src/main.c:150:13:LCD_Send4Bits	1
../Core/Src/main.c:160:13:LCD_SendByte	1
../Core/Src/main.c:165:13:LCD_Cmd	1
../Core/Src/main.c:166:13:LCD_Data	1
../Core/Src/main.c:168:13:LCD_Init	1
../Core/Src/main.c:185:13:LCD_PrintAt	2
../Core/Src/main.c:195:13:Display_Ready	1
../Core/Src/main.c:202:13:Display_Select	2
../Core/Src/main.c:215:13:Display_Running	3
../Core/Src/main.c:235:13:Display_Stopped	1
../Core/Src/main.c:246:15:Encoder_ReadDelta	3
../Core/Src/main.c:258:13:Button_Poll	12
../Core/Src/main.c:284:13:App_Tick	15
../Core/Src/main.c:368:5:main	6
../Core/Src/main.c:487:6:SystemClock_Config	3
../Core/Src/main.c:531:6:HAL_TIM_PeriodElapsedCallback	1
../Core/Src/main.c:541:6:Error_Handler	1
