../Core/Src/main.c:108:13:LED_Blink	24	static
../Core/Src/main.c:121:16:LCD_Scan_Address	16	static
../Core/Src/main.c:137:13:LCD_Send4Bits	32	static
../Core/Src/main.c:147:13:LCD_SendByte	16	static
../Core/Src/main.c:152:13:LCD_Cmd	16	static
../Core/Src/main.c:153:13:LCD_Data	16	static
../Core/Src/main.c:155:13:LCD_Init	8	static
../Core/Src/main.c:168:13:LCD_PrintAt	16	static
../Core/Src/main.c:178:13:Display_Ready	8	static
../Core/Src/main.c:183:13:Display_Select	40	static
../Core/Src/main.c:194:13:Display_Running	56	static
../Core/Src/main.c:213:13:Display_Stopped	8	static
../Core/Src/main.c:222:15:Encoder_ReadDelta	16	static
../Core/Src/main.c:234:13:Button_Poll	32	static
../Core/Src/main.c:261:13:App_Tick	24	static
../Core/Src/main.c:351:5:main	32	static
../Core/Src/main.c:443:6:SystemClock_Config	88	static
../Core/Src/main.c:477:6:HAL_TIM_PeriodElapsedCallback	16	static
../Core/Src/main.c:483:6:Error_Handler	4	static,ignoring_inline_asm
