../Core/Src/main.c:108:13:LED_Blink	2
../Core/Src/main.c:121:16:LCD_Scan_Address	6
../Core/Src/main.c:137:13:LCD_Send4Bits	1
../Core/Src/main.c:147:13:LCD_SendByte	1
../Core/Src/main.c:152:13:LCD_Cmd	1
../Core/Src/main.c:153:13:LCD_Data	1
../Core/Src/main.c:155:13:LCD_Init	1
../Core/Src/main.c:168:13:LCD_PrintAt	2
../Core/Src/main.c:178:13:Display_Ready	1
../Core/Src/main.c:183:13:Display_Select	2
../Core/Src/main.c:194:13:Display_Running	3
../Core/Src/main.c:213:13:Display_Stopped	1
../Core/Src/main.c:222:15:Encoder_ReadDelta	3
../Core/Src/main.c:234:13:Button_Poll	12
../Core/Src/main.c:261:13:App_Tick	15
../Core/Src/main.c:351:5:main	6
../Core/Src/main.c:443:6:SystemClock_Config	3
../Core/Src/main.c:477:6:HAL_TIM_PeriodElapsedCallback	1
../Core/Src/main.c:483:6:Error_Handler	1
