Archive member included to satisfy reference by file (symbol)

C:/ST/STM32CubeIDE_1.19.0/STM32CubeIDE/plugins/com.st.stm32cube.ide.mcu.externaltools.gnu-tools-for-stm32.13.3.rel1.win32_1.0.0.202411081344/tools/bin/../lib/gcc/arm-none-eabi/13.3.1/../../../../arm-none-eabi/lib/thumb/v7e-m+fp/hard\libc_nano.a(libc_a-exit.o)
                              C:/ST/STM32CubeIDE_1.19.0/STM32CubeIDE/plugins/com.st.stm32cube.ide.mcu.externaltools.gnu-tools-for-stm32.13.3.rel1.win32_1.0.0.202411081344/tools/bin/../lib/gcc/arm-none-eabi/13.3.1/../../../../arm-none-eabi/lib/thumb/v7e-m+fp/hard/crt0.o (exit)
C:/ST/STM32CubeIDE_1.19.0/STM32CubeIDE/plugins/com.st.stm32cube.ide.mcu.externaltools.gnu-tools-for-stm32.13.3.rel1.win32_1.0.0.202411081344/tools/bin/../lib/gcc/arm-none-eabi/13.3.1/../../../../arm-none-eabi/lib/thumb/v7e-m+fp/hard\libc_nano.a(libc_a-findfp.o)
                              C:/ST/STM32CubeIDE_1.19.0/STM32CubeIDE/plugins/com.st.stm32cube.ide.mcu.externaltools.gnu-tools-for-stm32.13.3.rel1.win32_1.0.0.202411081344/tools/bin/../lib/gcc/arm-none-eabi/13.3.1/../../../../arm-none-eabi/lib/thumb/v7e-m+fp/hard\libc_nano.a(libc_a-exit.o) (__stdio_exit_handler)
C:/ST/STM32CubeIDE_1.19.0/STM32CubeIDE/plugins/com.st.stm32cube.ide.mcu.externaltools.gnu-tools-for-stm32.13.3.rel1.win32_1.0.0.202411081344/tools/bin/../lib/gcc/arm-none-eabi/13.3.1/../../../../arm-none-eabi/lib/thumb/v7e-m+fp/hard\libc_nano.a(libc_a-fwalk.o)
                              C:/ST/STM32CubeIDE_1.19.0/STM32CubeIDE/plugins/com.st.stm32cube.ide.mcu.externaltools.gnu-tools-for-stm32.13.3.rel1.win32_1.0.0.202411081344/tools/bin/../lib/gcc/arm-none-eabi/13.3.1/../../../../arm-none-eabi/lib/thumb/v7e-m+fp/hard\libc_nano.a(libc_a-findfp.o) (_fwalk_sglue)
C:/ST/STM32CubeIDE_1.19.0/STM32CubeIDE/plugins/com.st.stm32cube.ide.mcu.externaltools.gnu-tools-for-stm32.13.3.rel1.win32_1.0.0.202411081344/tools/bin/../lib/gcc/arm-none-eabi/13.3.1/../../../../arm-none-eabi/lib/thumb/v7e-m+fp/hard\libc_nano.a(libc_a-snprintf.o)
                              ./Core/Src/main.o (snprintf)
C:/ST/STM32CubeIDE_1.19.0/STM32CubeIDE/plugins/com.st.stm32cube.ide.mcu.externaltools.gnu-tools-for-stm32.13.3.rel1.win32_1.0.0.202411081344/tools/bin/../lib/gcc/arm-none-eabi/13.3.1/../../../../arm-none-eabi/lib/thumb/v7e-m+fp/hard\libc_nano.a(libc_a-stdio.o)
                              C:/ST/STM32CubeIDE_1.19.0/STM32CubeIDE/plugins/com.st.stm32cube.ide.mcu.externaltools.gnu-tools-for-stm32.13.3.rel1.win32_1.0.0.202411081344/tools/bin/../lib/gcc/arm-none-eabi/13.3.1/../../../../arm-none-eabi/lib/thumb/v7e-m+fp/hard\libc_nano.a(libc_a-findfp.o) (__sread)
C:/ST/STM32CubeIDE_1.19.0/STM32CubeIDE/plugins/com.st.stm32cube.ide.mcu.externaltools.gnu-tools-for-stm32.13.3.rel1.win32_1.0.0.202411081344/tools/bin/../lib/gcc/arm-none-eabi/13.3.1/../../../../arm-none-eabi/lib/thumb/v7e-m+fp/hard\libc_nano.a(libc_a-memset.o)
                              C:/ST/STM32CubeIDE_1.19.0/STM32CubeIDE/plugins/com.st.stm32cube.ide.mcu.externaltools.gnu-tools-for-stm32.13.3.rel1.win32_1.0.0.202411081344/tools/bin/../lib/gcc/arm-none-eabi/13.3.1/../../../../arm-none-eabi/lib/thumb/v7e-m+fp/hard/crt0.o (memset)
C:/ST/STM32CubeIDE_1.19.0/STM32CubeIDE/plugins/com.st.stm32cube.ide.mcu.externaltools.gnu-tools-for-stm32.13.3.rel1.win32_1.0.0.202411081344/tools/bin/../lib/gcc/arm-none-eabi/13.3.1/../../../../arm-none-eabi/lib/thumb/v7e-m+fp/hard\libc_nano.a(libc_a-closer.o)
                              C:/ST/STM32CubeIDE_1.19.0/STM32CubeIDE/plugins/com.st.stm32cube.ide.mcu.externaltools.gnu-tools-for-stm32.13.3.rel1.win32_1.0.0.202411081344/tools/bin/../lib/gcc/arm-none-eabi/13.3.1/../../../../arm-none-eabi/lib/thumb/v7e-m+fp/hard\libc_nano.a(libc_a-stdio.o) (_close_r)
C:/ST/STM32CubeIDE_1.19.0/STM32CubeIDE/plugins/com.st.stm32cube.ide.mcu.externaltools.gnu-tools-for-stm32.13.3.rel1.win32_1.0.0.202411081344/tools/bin/../lib/gcc/arm-none-eabi/13.3.1/../../../../arm-none-eabi/lib/thumb/v7e-m+fp/hard\libc_nano.a(libc_a-reent.o)
                              C:/ST/STM32CubeIDE_1.19.0/STM32CubeIDE/plugins/com.st.stm32cube.ide.mcu.externaltools.gnu-tools-for-stm32.13.3.rel1.win32_1.0.0.202411081344/tools/bin/../lib/gcc/arm-none-eabi/13.3.1/../../../../arm-none-eabi/lib/thumb/v7e-m+fp/hard\libc_nano.a(libc_a-closer.o) (errno)
C:/ST/STM32CubeIDE_1.19.0/STM32CubeIDE/plugins/com.st.stm32cube.ide.mcu.externaltools.gnu-tools-for-stm32.13.3.rel1.win32_1.0.0.202411081344/tools/bin/../lib/gcc/arm-none-eabi/13.3.1/../../../../arm-none-eabi/lib/thumb/v7e-m+fp/hard\libc_nano.a(libc_a-impure.o)
                              C:/ST/STM32CubeIDE_1.19.0/STM32CubeIDE/plugins/com.st.stm32cube.ide.mcu.externaltools.gnu-tools-for-stm32.13.3.rel1.win32_1.0.0.202411081344/tools/bin/../lib/gcc/arm-none-eabi/13.3.1/../../../../arm-none-eabi/lib/thumb/v7e-m+fp/hard\libc_nano.a(libc_a-snprintf.o) (_impure_ptr)
[...]
Memory Configuration

Name             Origin             Length             Attributes
RAM              0x20000000         0x00020000         xrw
FLASH            0x08000000         0x00080000         xr
*default*        0x00000000         0xffffffff

Linker script and memory map

LOAD C:/ST/STM32CubeIDE_1.19.0/STM32CubeIDE/plugins/com.st.stm32cube.ide.mcu.externaltools.gnu-tools-for-stm32.13.3.rel1.win32_1.0.0.202411081344/tools/bin/../lib/gcc/arm-none-eabi/13.3.1/thumb/v7e-m+fp/hard/crti.o
LOAD C:/ST/STM32CubeIDE_1.19.0/STM32CubeIDE/plugins/com.st.stm32cube.ide.mcu.externaltools.gnu-tools-for-stm32.13.3.rel1.win32_1.0.0.202411081344/tools/bin/../lib/gcc/arm-none-eabi/13.3.1/thumb/v7e-m+fp/hard/crtbegin.o
LOAD C:/ST/STM32CubeIDE_1.19.0/STM32CubeIDE/plugins/com.st.stm32cube.ide.mcu.externaltools.gnu-tools-for-stm32.13.3.rel1.win32_1.0.0.202411081344/tools/bin/../lib/gcc/arm-none-eabi/13.3.1/../../../../arm-none-eabi/lib/thumb/v7e-m+fp/hard/crt0.o
LOAD ./Core/Src/Controller.o
LOAD ./Core/Src/LowPassFilter.o
LOAD ./Core/Src/MotorDriver.o
LOAD ./Core/Src/PWM.o
LOAD ./Core/Src/QEI.o
LOAD ./Core/Src/RevRobot1DOF.o
LOAD ./Core/Src/Trajectory.o
LOAD ./Core/Src/gpio.o
LOAD ./Core/Src/i2c.o
LOAD ./Core/Src/main.o
LOAD ./Core/Src/stm32f4xx_hal_msp.o
LOAD ./Core/Src/stm32f4xx_it.o
LOAD ./Core/Src/syscalls.o
LOAD ./Core/Src/sysmem.o
LOAD ./Core/Src/system_stm32f4xx.o
LOAD ./Core/Src/tim.o
LOAD ./Core/Src/usart.o
LOAD ./Core/Startup/startup_stm32f411retx.o
LOAD ./Drivers/STM32F4xx_HAL_Driver/Src/stm32f4xx_hal.o
LOAD ./Drivers/STM32F4xx_HAL_Driver/Src/stm32f4xx_hal_cortex.o
LOAD ./Drivers/STM32F4xx_HAL_Driver/Src/stm32f4xx_hal_dma.o
LOAD ./Drivers/STM32F4xx_HAL_Driver/Src/stm32f4xx_hal_dma_ex.o
LOAD ./Drivers/STM32F4xx_HAL_Driver/Src/stm32f4xx_hal_exti.o
LOAD ./Drivers/STM32F4xx_HAL_Driver/Src/stm32f4xx_hal_flash.o
LOAD ./Drivers/STM32F4xx_HAL_Driver/Src/stm32f4xx_hal_flash_ex.o
LOAD ./Drivers/STM32F4xx_HAL_Driver/Src/stm32f4xx_hal_flash_ramfunc.o
LOAD ./Drivers/STM32F4xx_HAL_Driver/Src/stm32f4xx_hal_gpio.o
LOAD ./Drivers/STM32F4xx_HAL_Driver/Src/stm32f4xx_hal_i2c.o
LOAD ./Drivers/STM32F4xx_HAL_Driver/Src/stm32f4xx_hal_i2c_ex.o
LOAD ./Drivers/STM32F4xx_HAL_Driver/Src/stm32f4xx_hal_pwr.o
LOAD ./Drivers/STM32F4xx_HAL_Driver/Src/stm32f4xx_hal_pwr_ex.o
LOAD ./Drivers/STM32F4xx_HAL_Driver/Src/stm32f4xx_hal_rcc.o
LOAD ./Drivers/STM32F4xx_HAL_Driver/Src/stm32f4xx_hal_rcc_ex.o
LOAD ./Drivers/STM32F4xx_HAL_Driver/Src/stm32f4xx_hal_tim.o
LOAD ./Drivers/STM32F4xx_HAL_Driver/Src/stm32f4xx_hal_tim_ex.o
LOAD ./Drivers/STM32F4xx_HAL_Driver/Src/stm32f4xx_hal_uart.o
START GROUP
LOAD C:/ST/STM32CubeIDE_1.19.0/STM32CubeIDE/plugins/com.st.stm32cube.ide.mcu.externaltools.gnu-tools-for-stm32.13.3.rel1.win32_1.0.0.202411081344/tools/bin/../lib/gcc/arm-none-eabi/13.3.1/../../../../arm-none-eabi/lib/thumb/v7e-m+fp/hard\libc_nano.a
LOAD C:/ST/STM32CubeIDE_1.19.0/STM32CubeIDE/plugins/com.st.stm32cube.ide.mcu.externaltools.gnu-tools-for-stm32.13.3.rel1.win32_1.0.0.202411081344/tools/bin/../lib/gcc/arm-none-eabi/13.3.1/../../../../arm-none-eabi/lib/thumb/v7e-m+fp/hard\libm.a
END GROUP
START GROUP
LOAD C:/ST/STM32CubeIDE_1.19.0/STM32CubeIDE/plugins/com.st.stm32cube.ide.mcu.externaltools.gnu-tools-for-stm32.13.3.rel1.win32_1.0.0.202411081344/tools/bin/../lib/gcc/arm-none-eabi/13.3.1/thumb/v7e-m+fp/hard\libgcc.a
LOAD C:/ST/STM32CubeIDE_1.19.0/STM32CubeIDE/plugins/com.st.stm32cube.ide.mcu.externaltools.gnu-tools-for-stm32.13.3.rel1.win32_1.0.0.202411081344/tools/bin/../lib/gcc/arm-none-eabi/13.3.1/../../../../arm-none-eabi/lib/thumb/v7e-m+fp/hard\libc_nano.a
END GROUP
START GROUP
LOAD C:/ST/STM32CubeIDE_1.19.0/STM32CubeIDE/plugins/com.st.stm32cube.ide.mcu.externaltools.gnu-tools-for-stm32.13.3.rel1.win32_1.0.0.202411081344/tools/bin/../lib/gcc/arm-none-eabi/13.3.1/thumb/v7e-m+fp/hard\libgcc.a
LOAD C:/ST/STM32CubeIDE_1.19.0/STM32CubeIDE/plugins/com.st.stm32cube.ide.mcu.externaltools.gnu-tools-for-stm32.13.3.rel1.win32_1.0.0.202411081344/tools/bin/../lib/gcc/arm-none-eabi/13.3.1/../../../../arm-none-eabi/lib/thumb/v7e-m+fp/hard\libc_nano.a
LOAD C:/ST/STM32CubeIDE_1.19.0/STM32CubeIDE/plugins/com.st.stm32cube.ide.mcu.externaltools.gnu-tools-for-stm32.13.3.rel1.win32_1.0.0.202411081344/tools/bin/../lib/gcc/arm-none-eabi/13.3.1/../../../../arm-none-eabi/lib/thumb/v7e-m+fp/hard\libnosys.a
END GROUP
START GROUP
LOAD C:/ST/STM32CubeIDE_1.19.0/STM32CubeIDE/plugins/com.st.stm32cube.ide.mcu.externaltools.gnu-tools-for-stm32.13.3.rel1.win32_1.0.0.202411081344/tools/bin/../lib/gcc/arm-none-eabi/13.3.1/thumb/v7e-m+fp/hard\libgcc.a
LOAD C:/ST/STM32CubeIDE_1.19.0/STM32CubeIDE/plugins/com.st.stm32cube.ide.mcu.externaltools.gnu-tools-for-stm32.13.3.rel1.win32_1.0.0.202411081344/tools/bin/../lib/gcc/arm-none-eabi/13.3.1/../../../../arm-none-eabi/lib/thumb/v7e-m+fp/hard\libc_nano.a
LOAD C:/ST/STM32CubeIDE_1.19.0/STM32CubeIDE/plugins/com.st.stm32cube.ide.mcu.externaltools.gnu-tools-for-stm32.13.3.rel1.win32_1.0.0.202411081344/tools/bin/../lib/gcc/arm-none-eabi/13.3.1/../../../../arm-none-eabi/lib/thumb/v7e-m+fp/hard\libnosys.a
END GROUP
LOAD C:/ST/STM32CubeIDE_1.19.0/STM32CubeIDE/plugins/com.st.stm32cube.ide.mcu.externaltools.gnu-tools-for-stm32.13.3.rel1.win32_1.0.0.202411081344/tools/bin/../lib/gcc/arm-none-eabi/13.3.1/thumb/v7e-m+fp/hard/crtend.o
LOAD C:/ST/STM32CubeIDE_1.19.0/STM32CubeIDE/plugins/com.st.stm32cube.ide.mcu.externaltools.gnu-tools-for-stm32.13.3.rel1.win32_1.0.0.202411081344/tools/bin/../lib/gcc/arm-none-eabi/13.3.1/thumb/v7e-m+fp/hard/crtn.o
                0x20020000                        _estack = (ORIGIN (RAM) + LENGTH (RAM))
                0x00000200                        _Min_Heap_Size = 0x200
                0x00000400                        _Min_Stack_Size = 0x400

.isr_vector     0x08000000      0x198
                0x08000000                        . = ALIGN (0x4)
 *(.isr_vector)
 .isr_vector    0x08000000      0x198 ./Core/Startup/startup_stm32f411retx.o
                0x08000000                g_pfnVectors
                0x08000198                        . = ALIGN (0x4)

.text           0x080001a0     0x70c8
                0x080001a0                        . = ALIGN (0x4)
 *(.text)
 .text          0x080001a0       0x40 C:/ST/STM32CubeIDE_1.19.0/STM32CubeIDE/plugins/com.st.stm32cube.ide.mcu.externaltools.gnu-tools-for-stm32.13.3.rel1.win32_1.0.0.202411081344/tools/bin/../lib/gcc/arm-none-eabi/13.3.1/thumb/v7e-m+fp/hard/crtbegin.o
 .text          0x080001e0       0xa0 C:/ST/STM32CubeIDE_1.19.0/STM32CubeIDE/plugins/com.st.stm32cube.ide.mcu.externaltools.gnu-tools-for-stm32.13.3.rel1.win32_1.0.0.202411081344/tools/bin/../lib/gcc/arm-none-eabi/13.3.1/../../../../arm-none-eabi/lib/thumb/v7e-m+fp/hard\libc_nano.a(libc_a-memchr.o)
                0x080001e0                memchr
 .text          0x08000280      0x378 C:/ST/STM32CubeIDE_1.19.0/STM32CubeIDE/plugins/com.st.stm32cube.ide.mcu.externaltools.gnu-tools-for-stm32.13.3.rel1.win32_1.0.0.202411081344/tools/bin/../lib/gcc/arm-none-eabi/13.3.1/thumb/v7e-m+fp/hard\libgcc.a(_arm_addsubdf3.o)
                0x08000280                __aeabi_drsub
                0x08000288                __aeabi_dsub
                0x08000288                __subdf3
                0x0800028c                __aeabi_dadd
                0x0800028c                __adddf3
                0x08000504                __floatunsidf
                0x08000504                __aeabi_ui2d
                0x08000524                __floatsidf
                0x08000524                __aeabi_i2d
                0x08000548                __aeabi_f2d
                0x08000548                __extendsfdf2
                0x0800058c                __floatundidf
                0x0800058c                __aeabi_ul2d
                0x0800059c                __floatdidf
                0x0800059c                __aeabi_l2d
 .text          0x080005f8      0x424 C:/ST/STM32CubeIDE_1.19.0/STM32CubeIDE/plugins/com.st.stm32cube.ide.mcu.externaltools.gnu-tools-for-stm32.13.3.rel1.win32_1.0.0.202411081344/tools/bin/../lib/gcc/arm-none-eabi/13.3.1/thumb/v7e-m+fp/hard\libgcc.a(_arm_muldivdf3.o)
                0x080005f8                __aeabi_dmul
                0x080005f8                __muldf3
                0x0800084c                __divdf3
                0x0800084c                __aeabi_ddiv
 .text          0x08000a1c       0x40 C:/ST/STM32CubeIDE_1.19.0/STM32CubeIDE/plugins/com.st.stm32cube.ide.mcu.externaltools.gnu-tools-for-stm32.13.3.rel1.win32_1.0.0.202411081344/tools/bin/../lib/gcc/arm-none-eabi/13.3.1/thumb/v7e-m+fp/hard\libgcc.a(_arm_fixunsdfsi.o)
                0x08000a1c                __aeabi_d2uiz
                0x08000a1c                __fixunsdfsi
 .text          0x08000a5c       0xa0 C:/ST/STM32CubeIDE_1.19.0/STM32CubeIDE/plugins/com.st.stm32cube.ide.mcu.externaltools.gnu-tools-for-stm32.13.3.rel1.win32_1.0.0.202411081344/tools/bin/../lib/gcc/arm-none-eabi/13.3.1/thumb/v7e-m+fp/hard\libgcc.a(_arm_truncdfsf2.o)
                0x08000a5c                __truncdfsf2
                0x08000a5c                __aeabi_d2f
 .text          0x08000afc       0x30 C:/ST/STM32CubeIDE_1.19.0/STM32CubeIDE/plugins/com.st.stm32cube.ide.mcu.externaltools.gnu-tools-for-stm32.13.3.rel1.win32_1.0.0.202411081344/tools/bin/../lib/gcc/arm-none-eabi/13.3.1/thumb/v7e-m+fp/hard\libgcc.a(_aeabi_uldivmod.o)
                0x08000afc                __aeabi_uldivmod
 .text          0x08000b2c      0x2f8 C:/ST/STM32CubeIDE_1.19.0/STM32CubeIDE/plugins/com.st.stm32cube.ide.mcu.externaltools.gnu-tools-for-stm32.13.3.rel1.win32_1.0.0.202411081344/tools/bin/../lib/gcc/arm-none-eabi/13.3.1/thumb/v7e-m+fp/hard\libgcc.a(_udivmoddi4.o)
                0x08000b2c                __udivmoddi4
 .text          0x08000e24        0x4 C:/ST/STM32CubeIDE_1.19.0/STM32CubeIDE/plugins/com.st.stm32cube.ide.mcu.externaltools.gnu-tools-for-stm32.13.3.rel1.win32_1.0.0.202411081344/tools/bin/../lib/gcc/arm-none-eabi/13.3.1/thumb/v7e-m+fp/hard\libgcc.a(_dvmd_tls.o)
                0x08000e24                __aeabi_idiv0
                0x08000e24                __aeabi_ldiv0
 *(.text*)
 .text.PID_Init
                0x08000e28       0x5c ./Core/Src/Controller.o
                0x08000e28                PID_Init
 .text.PID_Compute
                0x08000e84      0x18c ./Core/Src/Controller.o
                0x08000e84                PID_Compute
 .text.LowpassFilter_Init
                0x08001010       0xb8 ./Core/Src/LowPassFilter.o
                0x08001010                LowpassFilter_Init
 .text.LowpassFilter
                0x080010c8       0x6c ./Core/Src/LowPassFilter.o
                0x080010c8                LowpassFilter
 .text.MotorDriver_init
                0x08001134       0x66 ./Core/Src/MotorDriver.o
                0x08001134                MotorDriver_init
 *fill*         0x0800119a        0x2 
 .text.MotorDriver_write
                0x0800119c       0xf0 ./Core/Src/MotorDriver.o
                0x0800119c                MotorDriver_write
 .text.MotorDriver_enable
                0x0800128c       0x20 ./Core/Src/MotorDriver.o
                0x0800128c                MotorDriver_enable
 .text.PWM_init
                0x080012ac       0x38 ./Core/Src/PWM.o
                0x080012ac                PWM_init
 *fill*         0x080012e4        0x4 
 .text.PWM_write
                0x080012e8      0x1f0 ./Core/Src/PWM.o
                0x080012e8                PWM_write
 .text.QEI_init
                0x080014d8       0xbc ./Core/Src/QEI.o
                0x080014d8                QEI_init
 *fill*         0x08001594        0x4 
 .text.QEI_update
                0x08001598      0x184 ./Core/Src/QEI.o
                0x08001598                QEI_update
 .text.RevRobot1DOF_init
                0x0800171c       0x90 ./Core/Src/RevRobot1DOF.o
                0x0800171c                RevRobot1DOF_init
 .text.RevRobot1DOF_init_Motor
                0x080017ac       0x5c ./Core/Src/RevRobot1DOF.o
                0x080017ac                RevRobot1DOF_init_Motor
 .text.RevRobot1DOF_init_Encoder
                0x08001808       0x62 ./Core/Src/RevRobot1DOF.o
                0x08001808                RevRobot1DOF_init_Encoder
 .text.RevRobot1DOF_init_Filter
                0x0800186a       0x2a ./Core/Src/RevRobot1DOF.o
                0x0800186a                RevRobot1DOF_init_Filter
 .text.RevRobot1DOF_init_Position_PID
                0x08001894       0x6c ./Core/Src/RevRobot1DOF.o
                0x08001894                RevRobot1DOF_init_Position_PID
 .text.RevRobot1DOF_init_Velocity_PID
                0x08001900       0x5a ./Core/Src/RevRobot1DOF.o
                0x08001900                RevRobot1DOF_init_Velocity_PID
 *fill*         0x0800195a        0x2 
 .text.RevRobot1DOF_update
                0x0800195c      0x1ec ./Core/Src/RevRobot1DOF.o
                0x0800195c                RevRobot1DOF_update
 .text.RevRobot1DOF_set_RPM
                0x08001b48       0x2e ./Core/Src/RevRobot1DOF.o
                0x08001b48                RevRobot1DOF_set_RPM
 .text.Trajectory_Init
                0x08001b76       0x2e ./Core/Src/Trajectory.o
                0x08001b76                Trajectory_Init
 .text.Trajectory_Stop
                0x08001ba4       0x1c ./Core/Src/Trajectory.o
                0x08001ba4                Trajectory_Stop
 .text.Trajectory_Update
                0x08001bc0       0xb0 ./Core/Src/Trajectory.o
                0x08001bc0                Trajectory_Update
 .text.MX_GPIO_Init
                0x08001c70      0x134 ./Core/Src/gpio.o
                0x08001c70                MX_GPIO_Init
 .text.MX_I2C1_Init
                0x08001da4       0x5c ./Core/Src/i2c.o
                0x08001da4                MX_I2C1_Init
 .text.HAL_I2C_MspInit
                0x08001e00       0x90 ./Core/Src/i2c.o
                0x08001e00                HAL_I2C_MspInit
 .text.LED_Blink
                0x08001e90       0x58 ./Core/Src/main.o
 .text.LCD_Scan_Address
                0x08001ee8       0x94 ./Core/Src/main.o
 .text.LCD_Send4Bits
                0x08001f7c       0xa0 ./Core/Src/main.o
 .text.LCD_SendByte
                0x0800201c       0x3a ./Core/Src/main.o
 .text.LCD_Cmd  0x08002056       0x1c ./Core/Src/main.o
 .text.LCD_Data
                0x08002072       0x1c ./Core/Src/main.o
 .text.LCD_Init
                0x0800208e       0x64 ./Core/Src/main.o
 *fill*         0x080020f2        0x2 
 .text.LCD_PrintAt
                0x080020f4       0x58 ./Core/Src/main.o
 .text.Display_Ready
                0x0800214c       0x24 ./Core/Src/main.o
 .text.Display_Select
                0x08002170       0x60 ./Core/Src/main.o
 .text.Display_Running
                0x080021d0       0xdc ./Core/Src/main.o
 .text.Display_Stopped
                0x080022ac       0x24 ./Core/Src/main.o
 .text.Encoder_ReadDelta
                0x080022d0       0x5c ./Core/Src/main.o
 .text.Button_Poll
                0x0800232c       0xd0 ./Core/Src/main.o
 .text.App_Tick
                0x080023fc      0x214 ./Core/Src/main.o
 .text.main     0x08002610      0x260 ./Core/Src/main.o
                0x08002610                main
 .text.SystemClock_Config
                0x08002870       0xd4 ./Core/Src/main.o
                0x08002870                SystemClock_Config
 .text.HAL_TIM_PeriodElapsedCallback
                0x08002944       0x1c ./Core/Src/main.o
                0x08002944                HAL_TIM_PeriodElapsedCallback
 .text.Error_Handler
                0x08002960        0xc ./Core/Src/main.o
                0x08002960                Error_Handler
 .text.HAL_MspInit
                0x0800296c       0x50 ./Core/Src/stm32f4xx_hal_msp.o
                0x0800296c                HAL_MspInit
 .text.NMI_Handler
                0x080029bc        0x8 ./Core/Src/stm32f4xx_it.o
                0x080029bc                NMI_Handler
 .text.HardFault_Handler
                0x080029c4        0x8 ./Core/Src/stm32f4xx_it.o
                0x080029c4                HardFault_Handler
 .text.MemManage_Handler
                0x080029cc        0x8 ./Core/Src/stm32f4xx_it.o
                0x080029cc                MemManage_Handler
 .text.BusFault_Handler
                0x080029d4        0x8 ./Core/Src/stm32f4xx_it.o
                0x080029d4                BusFault_Handler
 .text.UsageFault_Handler
                0x080029dc        0x8 ./Core/Src/stm32f4xx_it.o
                0x080029dc                UsageFault_Handler
 .text.SVC_Handler
                0x080029e4        0xe ./Core/Src/stm32f4xx_it.o
                0x080029e4                SVC_Handler
 .text.DebugMon_Handler
                0x080029f2        0xe ./Core/Src/stm32f4xx_it.o
                0x080029f2                DebugMon_Handler
 .text.PendSV_Handler
                0x08002a00        0xe ./Core/Src/stm32f4xx_it.o
                0x08002a00                PendSV_Handler
 .text.SysTick_Handler
                0x08002a0e        0xc ./Core/Src/stm32f4xx_it.o
                0x08002a0e                SysTick_Handler
 *fill*         0x08002a1a        0x2 
 .text.TIM1_BRK_TIM9_IRQHandler
                0x08002a1c       0x1c ./Core/Src/stm32f4xx_it.o
                0x08002a1c                TIM1_BRK_TIM9_IRQHandler
 .text.TIM4_IRQHandler
                0x08002a38       0x14 ./Core/Src/stm32f4xx_it.o
                0x08002a38                TIM4_IRQHandler
 .text.EXTI15_10_IRQHandler
                0x08002a4c       0x10 ./Core/Src/stm32f4xx_it.o
                0x08002a4c                EXTI15_10_IRQHandler
 .text.TIM5_IRQHandler
                0x08002a5c       0x14 ./Core/Src/stm32f4xx_it.o
                0x08002a5c                TIM5_IRQHandler
 .text._sbrk    0x08002a70       0x6c ./Core/Src/sysmem.o
                0x08002a70                _sbrk
 .text.SystemInit
                0x08002adc       0x24 ./Core/Src/system_stm32f4xx.o
                0x08002adc                SystemInit
 .text.MX_TIM1_Init
                0x08002b00      0x158 ./Core/Src/tim.o
                0x08002b00                MX_TIM1_Init
 .text.MX_TIM2_Init
                0x08002c58       0xa8 ./Core/Src/tim.o
                0x08002c58                MX_TIM2_Init
 .text.MX_TIM3_Init
                0x08002d00       0xa8 ./Core/Src/tim.o
                0x08002d00                MX_TIM3_Init
 .text.MX_TIM4_Init
                0x08002da8       0x9c ./Core/Src/tim.o
                0x08002da8                MX_TIM4_Init
 .text.MX_TIM5_Init
                0x08002e44       0x9c ./Core/Src/tim.o
                0x08002e44                MX_TIM5_Init
 .text.MX_TIM9_Init
                0x08002ee0       0x74 ./Core/Src/tim.o
                0x08002ee0                MX_TIM9_Init
 .text.HAL_TIM_Base_MspInit
                0x08002f54      0x104 ./Core/Src/tim.o
                0x08002f54                HAL_TIM_Base_MspInit
 .text.HAL_TIM_Encoder_MspInit
                0x08003058       0xf4 ./Core/Src/tim.o
                0x08003058                HAL_TIM_Encoder_MspInit
 .text.HAL_TIM_MspPostInit
                0x0800314c       0x74 ./Core/Src/tim.o
                0x0800314c                HAL_TIM_MspPostInit
 .text.MX_USART2_UART_Init
                0x080031c0       0x54 ./Core/Src/usart.o
                0x080031c0                MX_USART2_UART_Init
 .text.HAL_UART_MspInit
                0x08003214       0x90 ./Core/Src/usart.o
                0x08003214                HAL_UART_MspInit
 .text.Reset_Handler
                0x080032a4       0x50 ./Core/Startup/startup_stm32f411retx.o
                0x080032a4                Reset_Handler
 .text.Default_Handler
                0x080032f4        0x2 ./Core/Startup/startup_stm32f411retx.o
                0x080032f4                RTC_Alarm_IRQHandler
                0x080032f4                EXTI2_IRQHandler
                0x080032f4                SPI4_IRQHandler
                0x080032f4                TIM1_CC_IRQHandler
                0x080032f4                DMA2_Stream5_IRQHandler
                0x080032f4                DMA1_Stream5_IRQHandler
                0x080032f4                PVD_IRQHandler
                0x080032f4                SDIO_IRQHandler
                0x080032f4                TAMP_STAMP_IRQHandler
                0x080032f4                EXTI3_IRQHandler
                0x080032f4                TIM1_UP_TIM10_IRQHandler
                0x080032f4                I2C3_ER_IRQHandler
                0x080032f4                EXTI0_IRQHandler
                0x080032f4                I2C2_EV_IRQHandler
                0x080032f4                DMA1_Stream2_IRQHandler
                0x080032f4                FPU_IRQHandler
                0x080032f4                DMA2_Stream2_IRQHandler
                0x080032f4                SPI1_IRQHandler
                0x080032f4                DMA2_Stream3_IRQHandler
                0x080032f4                USART6_IRQHandler
                0x080032f4                DMA2_Stream0_IRQHandler
                0x080032f4                I2C1_EV_IRQHandler
                0x080032f4                DMA1_Stream6_IRQHandler
                0x080032f4                DMA1_Stream1_IRQHandler
                0x080032f4                TIM3_IRQHandler
                0x080032f4                RCC_IRQHandler
                0x080032f4                Default_Handler
                0x080032f4                ADC_IRQHandler
                0x080032f4                DMA1_Stream7_IRQHandler
                0x080032f4                SPI5_IRQHandler
                0x080032f4                DMA2_Stream7_IRQHandler
                0x080032f4                I2C3_EV_IRQHandler
                0x080032f4                EXTI9_5_IRQHandler
                0x080032f4                RTC_WKUP_IRQHandler
                0x080032f4                SPI2_IRQHandler
                0x080032f4                DMA1_Stream0_IRQHandler
                0x080032f4                EXTI4_IRQHandler
                0x080032f4                WWDG_IRQHandler
                0x080032f4                TIM2_IRQHandler
                0x080032f4                OTG_FS_WKUP_IRQHandler
                0x080032f4                TIM1_TRG_COM_TIM11_IRQHandler
                0x080032f4                EXTI1_IRQHandler
                0x080032f4                USART2_IRQHandler
                0x080032f4                I2C2_ER_IRQHandler
                0x080032f4                DMA2_Stream1_IRQHandler
                0x080032f4                FLASH_IRQHandler
                0x080032f4                DMA2_Stream4_IRQHandler
                0x080032f4                USART1_IRQHandler
                0x080032f4                OTG_FS_IRQHandler
                0x080032f4                SPI3_IRQHandler
                0x080032f4                DMA1_Stream4_IRQHandler
                0x080032f4                I2C1_ER_IRQHandler
                0x080032f4                DMA2_Stream6_IRQHandler
                0x080032f4                DMA1_Stream3_IRQHandler
 *fill*         0x080032f6        0x2 
 .text.HAL_Init
                0x080032f8       0x44 ./Drivers/STM32F4xx_HAL_Driver/Src/stm32f4xx_hal.o
                0x080032f8                HAL_Init
 .text.HAL_InitTick
                0x0800333c       0x60 ./Drivers/STM32F4xx_HAL_Driver/Src/stm32f4xx_hal.o
                0x0800333c                HAL_InitTick
 .text.HAL_IncTick
                0x0800339c       0x28 ./Drivers/STM32F4xx_HAL_Driver/Src/stm32f4xx_hal.o
                0x0800339c                HAL_IncTick
 .text.HAL_GetTick
                0x080033c4       0x18 ./Drivers/STM32F4xx_HAL_Driver/Src/stm32f4xx_hal.o
                0x080033c4                HAL_GetTick
 .text.HAL_Delay
                0x080033dc       0x48 ./Drivers/STM32F4xx_HAL_Driver/Src/stm32f4xx_hal.o
                0x080033dc                HAL_Delay
 .text.__NVIC_SetPriorityGrouping
                0x08003424       0x48 ./Drivers/STM32F4xx_HAL_Driver/Src/stm32f4xx_hal_cortex.o
 .text.__NVIC_GetPriorityGrouping
                0x0800346c       0x1c ./Drivers/STM32F4xx_HAL_Driver/Src/stm32f4xx_hal_cortex.o
 .text.__NVIC_EnableIRQ
                0x08003488       0x3c ./Drivers/STM32F4xx_HAL_Driver/Src/stm32f4xx_hal_cortex.o
 .text.__NVIC_SetPriority
                0x080034c4       0x54 ./Drivers/STM32F4xx_HAL_Driver/Src/stm32f4xx_hal_cortex.o
 .text.NVIC_EncodePriority
                0x08003518       0x66 ./Drivers/STM32F4xx_HAL_Driver/Src/stm32f4xx_hal_cortex.o
 *fill*         0x0800357e        0x2 
 .text.SysTick_Config
                0x08003580       0x44 ./Drivers/STM32F4xx_HAL_Driver/Src/stm32f4xx_hal_cortex.o
 .text.HAL_NVIC_SetPriorityGrouping
                0x080035c4       0x16 ./Drivers/STM32F4xx_HAL_Driver/Src/stm32f4xx_hal_cortex.o
                0x080035c4                HAL_NVIC_SetPriorityGrouping
 .text.HAL_NVIC_SetPriority
                0x080035da       0x38 ./Drivers/STM32F4xx_HAL_Driver/Src/stm32f4xx_hal_cortex.o
                0x080035da                HAL_NVIC_SetPriority
 .text.HAL_NVIC_EnableIRQ
                0x08003612       0x1c ./Drivers/STM32F4xx_HAL_Driver/Src/stm32f4xx_hal_cortex.o
                0x08003612                HAL_NVIC_EnableIRQ
 .text.HAL_SYSTICK_Config
                0x0800362e       0x18 ./Drivers/STM32F4xx_HAL_Driver/Src/stm32f4xx_hal_cortex.o
                0x0800362e                HAL_SYSTICK_Config
 *fill*         0x08003646        0x2 
 .text.HAL_GPIO_Init
                0x08003648      0x308 ./Drivers/STM32F4xx_HAL_Driver/Src/stm32f4xx_hal_gpio.o
                0x08003648                HAL_GPIO_Init
 .text.HAL_GPIO_ReadPin
                0x08003950       0x30 ./Drivers/STM32F4xx_HAL_Driver/Src/stm32f4xx_hal_gpio.o
                0x08003950                HAL_GPIO_ReadPin
 .text.HAL_GPIO_WritePin
                0x08003980       0x32 ./Drivers/STM32F4xx_HAL_Driver/Src/stm32f4xx_hal_gpio.o
                0x08003980                HAL_GPIO_WritePin
 .text.HAL_GPIO_TogglePin
                0x080039b2       0x34 ./Drivers/STM32F4xx_HAL_Driver/Src/stm32f4xx_hal_gpio.o
                0x080039b2                HAL_GPIO_TogglePin
 *fill*         0x080039e6        0x2 
 .text.HAL_GPIO_EXTI_IRQHandler
                0x080039e8       0x30 ./Drivers/STM32F4xx_HAL_Driver/Src/stm32f4xx_hal_gpio.o
                0x080039e8                HAL_GPIO_EXTI_IRQHandler
 .text.HAL_GPIO_EXTI_Callback
                0x08003a18       0x16 ./Drivers/STM32F4xx_HAL_Driver/Src/stm32f4xx_hal_gpio.o
                0x08003a18                HAL_GPIO_EXTI_Callback
 *fill*         0x08003a2e        0x2 
 .text.HAL_I2C_Init
                0x08003a30      0x288 ./Drivers/STM32F4xx_HAL_Driver/Src/stm32f4xx_hal_i2c.o
                0x08003a30                HAL_I2C_Init
 .text.HAL_I2C_Master_Transmit
                0x08003cb8      0x1fc ./Drivers/STM32F4xx_HAL_Driver/Src/stm32f4xx_hal_i2c.o
                0x08003cb8                HAL_I2C_Master_Transmit
 .text.HAL_I2C_IsDeviceReady
                0x08003eb4      0x25c ./Drivers/STM32F4xx_HAL_Driver/Src/stm32f4xx_hal_i2c.o
                0x08003eb4                HAL_I2C_IsDeviceReady
 .text.I2C_MasterRequestWrite
                0x08004110      0x104 ./Drivers/STM32F4xx_HAL_Driver/Src/stm32f4xx_hal_i2c.o
 .text.I2C_WaitOnFlagUntilTimeout
                0x08004214       0xf4 ./Drivers/STM32F4xx_HAL_Driver/Src/stm32f4xx_hal_i2c.o
 .text.I2C_WaitOnMasterAddressFlagUntilTimeout
                0x08004308      0x140 ./Drivers/STM32F4xx_HAL_Driver/Src/stm32f4xx_hal_i2c.o
 .text.I2C_WaitOnTXEFlagUntilTimeout
                0x08004448       0x90 ./Drivers/STM32F4xx_HAL_Driver/Src/stm32f4xx_hal_i2c.o
 .text.I2C_WaitOnBTFFlagUntilTimeout
                0x080044d8       0x90 ./Drivers/STM32F4xx_HAL_Driver/Src/stm32f4xx_hal_i2c.o
 .text.I2C_IsAcknowledgeFailed
                0x08004568       0x5e ./Drivers/STM32F4xx_HAL_Driver/Src/stm32f4xx_hal_i2c.o
 *fill*         0x080045c6        0x2 
 .text.HAL_RCC_OscConfig
                0x080045c8      0x4f0 ./Drivers/STM32F4xx_HAL_Driver/Src/stm32f4xx_hal_rcc.o
                0x080045c8                HAL_RCC_OscConfig
 .text.HAL_RCC_ClockConfig
                0x08004ab8      0x1cc ./Drivers/STM32F4xx_HAL_Driver/Src/stm32f4xx_hal_rcc.o
                0x08004ab8                HAL_RCC_ClockConfig
 .text.HAL_RCC_GetSysClockFreq
                0x08004c84      0x20c ./Drivers/STM32F4xx_HAL_Driver/Src/stm32f4xx_hal_rcc.o
                0x08004c84                HAL_RCC_GetSysClockFreq
 .text.HAL_RCC_GetHCLKFreq
                0x08004e90       0x18 ./Drivers/STM32F4xx_HAL_Driver/Src/stm32f4xx_hal_rcc.o
                0x08004e90                HAL_RCC_GetHCLKFreq
 .text.HAL_RCC_GetPCLK1Freq
                0x08004ea8       0x28 ./Drivers/STM32F4xx_HAL_Driver/Src/stm32f4xx_hal_rcc.o
                0x08004ea8                HAL_RCC_GetPCLK1Freq
 .text.HAL_RCC_GetPCLK2Freq
                0x08004ed0       0x28 ./Drivers/STM32F4xx_HAL_Driver/Src/stm32f4xx_hal_rcc.o
                0x08004ed0                HAL_RCC_GetPCLK2Freq
 .text.HAL_TIM_Base_Init
                0x08004ef8       0x9e ./Drivers/STM32F4xx_HAL_Driver/Src/stm32f4xx_hal_tim.o
                0x08004ef8                HAL_TIM_Base_Init
 *fill*         0x08004f96        0x2 
 .text.HAL_TIM_Base_Start
                0x08004f98       0xb4 ./Drivers/STM32F4xx_HAL_Driver/Src/stm32f4xx_hal_tim.o
                0x08004f98                HAL_TIM_Base_Start
 .text.HAL_TIM_Base_Start_IT
                0x0800504c       0xc4 ./Drivers/STM32F4xx_HAL_Driver/Src/stm32f4xx_hal_tim.o
                0x0800504c                HAL_TIM_Base_Start_IT
 .text.HAL_TIM_PWM_Init
                0x08005110       0x9e ./Drivers/STM32F4xx_HAL_Driver/Src/stm32f4xx_hal_tim.o
                0x08005110                HAL_TIM_PWM_Init
 .text.HAL_TIM_PWM_MspInit
                0x080051ae       0x14 ./Drivers/STM32F4xx_HAL_Driver/Src/stm32f4xx_hal_tim.o
                0x080051ae                HAL_TIM_PWM_MspInit
 *fill*         0x080051c2        0x2 
 .text.HAL_TIM_PWM_Start
                0x080051c4      0x160 ./Drivers/STM32F4xx_HAL_Driver/Src/stm32f4xx_hal_tim.o
                0x080051c4                HAL_TIM_PWM_Start
 .text.HAL_TIM_Encoder_Init
                0x08005324      0x14c ./Drivers/STM32F4xx_HAL_Driver/Src/stm32f4xx_hal_tim.o
                0x08005324                HAL_TIM_Encoder_Init
 .text.HAL_TIM_Encoder_Start
                0x08005470      0x11c ./Drivers/STM32F4xx_HAL_Driver/Src/stm32f4xx_hal_tim.o
                0x08005470                HAL_TIM_Encoder_Start
 .text.HAL_TIM_IRQHandler
                0x0800558c      0x1e0 ./Drivers/STM32F4xx_HAL_Driver/Src/stm32f4xx_hal_tim.o
                0x0800558c                HAL_TIM_IRQHandler
 .text.HAL_TIM_PWM_ConfigChannel
                0x0800576c      0x184 ./Drivers/STM32F4xx_HAL_Driver/Src/stm32f4xx_hal_tim.o
                0x0800576c                HAL_TIM_PWM_ConfigChannel
 .text.HAL_TIM_ConfigClockSource
                0x080058f0      0x18e ./Drivers/STM32F4xx_HAL_Driver/Src/stm32f4xx_hal_tim.o
                0x080058f0                HAL_TIM_ConfigClockSource
 .text.HAL_TIM_OC_DelayElapsedCallback
                0x08005a7e       0x14 ./Drivers/STM32F4xx_HAL_Driver/Src/stm32f4xx_hal_tim.o
                0x08005a7e                HAL_TIM_OC_DelayElapsedCallback
 .text.HAL_TIM_IC_CaptureCallback
                0x08005a92       0x14 ./Drivers/STM32F4xx_HAL_Driver/Src/stm32f4xx_hal_tim.o
                0x08005a92                HAL_TIM_IC_CaptureCallback
 .text.HAL_TIM_PWM_PulseFinishedCallback
                0x08005aa6       0x14 ./Drivers/STM32F4xx_HAL_Driver/Src/stm32f4xx_hal_tim.o
                0x08005aa6                HAL_TIM_PWM_PulseFinishedCallback
 .text.HAL_TIM_TriggerCallback
                0x08005aba       0x14 ./Drivers/STM32F4xx_HAL_Driver/Src/stm32f4xx_hal_tim.o
                0x08005aba                HAL_TIM_TriggerCallback
 *fill*         0x08005ace        0x2 
 .text.TIM_Base_SetConfig
                0x08005ad0      0x10c ./Drivers/STM32F4xx_HAL_Driver/Src/stm32f4xx_hal_tim.o
                0x08005ad0                TIM_Base_SetConfig
 .text.TIM_OC1_SetConfig
                0x08005bdc       0xcc ./Drivers/STM32F4xx_HAL_Driver/Src/stm32f4xx_hal_tim.o
 .text.TIM_OC2_SetConfig
                0x08005ca8       0xd8 ./Drivers/STM32F4xx_HAL_Driver/Src/stm32f4xx_hal_tim.o
                0x08005ca8                TIM_OC2_SetConfig
 .text.TIM_OC3_SetConfig
                0x08005d80       0xd4 ./Drivers/STM32F4xx_HAL_Driver/Src/stm32f4xx_hal_tim.o
 .text.TIM_OC4_SetConfig
                0x08005e54       0xa0 ./Drivers/STM32F4xx_HAL_Driver/Src/stm32f4xx_hal_tim.o
 .text.TIM_TI1_ConfigInputStage
                0x08005ef4       0x5e ./Drivers/STM32F4xx_HAL_Driver/Src/stm32f4xx_hal_tim.o
 .text.TIM_TI2_ConfigInputStage
                0x08005f52       0x60 ./Drivers/STM32F4xx_HAL_Driver/Src/stm32f4xx_hal_tim.o
 .text.TIM_ITRx_SetConfig
                0x08005fb2       0x36 ./Drivers/STM32F4xx_HAL_Driver/Src/stm32f4xx_hal_tim.o
 .text.TIM_ETR_SetConfig
                0x08005fe8       0x40 ./Drivers/STM32F4xx_HAL_Driver/Src/stm32f4xx_hal_tim.o
                0x08005fe8                TIM_ETR_SetConfig
 .text.TIM_CCxChannelCmd
                0x08006028       0x4a ./Drivers/STM32F4xx_HAL_Driver/Src/stm32f4xx_hal_tim.o
                0x08006028                TIM_CCxChannelCmd
 *fill*         0x08006072        0x2 
 .text.HAL_TIMEx_MasterConfigSynchronization
                0x08006074       0xdc ./Drivers/STM32F4xx_HAL_Driver/Src/stm32f4xx_hal_tim_ex.o
                0x08006074                HAL_TIMEx_MasterConfigSynchronization
 .text.HAL_TIMEx_ConfigBreakDeadTime
                0x08006150       0xa4 ./Drivers/STM32F4xx_HAL_Driver/Src/stm32f4xx_hal_tim_ex.o
                0x08006150                HAL_TIMEx_ConfigBreakDeadTime
 .text.HAL_TIMEx_CommutCallback
                0x080061f4       0x14 ./Drivers/STM32F4xx_HAL_Driver/Src/stm32f4xx_hal_tim_ex.o
                0x080061f4                HAL_TIMEx_CommutCallback
 .text.HAL_TIMEx_BreakCallback
                0x08006208       0x14 ./Drivers/STM32F4xx_HAL_Driver/Src/stm32f4xx_hal_tim_ex.o
                0x08006208                HAL_TIMEx_BreakCallback
 .text.HAL_UART_Init
                0x0800621c       0xa0 ./Drivers/STM32F4xx_HAL_Driver/Src/stm32f4xx_hal_uart.o
                0x0800621c                HAL_UART_Init
 .text.UART_SetConfig
                0x080062bc      0x4e8 ./Drivers/STM32F4xx_HAL_Driver/Src/stm32f4xx_hal_uart.o
 .text.snprintf
                0x080067a4       0x6c C:/ST/STM32CubeIDE_1.19.0/STM32CubeIDE/plugins/com.st.stm32cube.ide.mcu.externaltools.gnu-tools-for-stm32.13.3.rel1.win32_1.0.0.202411081344/tools/bin/../lib/gcc/arm-none-eabi/13.3.1/../../../../arm-none-eabi/lib/thumb/v7e-m+fp/hard\libc_nano.a(libc_a-snprintf.o)
                0x080067a4                sniprintf
                0x080067a4                snprintf
 .text.memset   0x08006810       0x10 C:/ST/STM32CubeIDE_1.19.0/STM32CubeIDE/plugins/com.st.stm32cube.ide.mcu.externaltools.gnu-tools-for-stm32.13.3.rel1.win32_1.0.0.202411081344/tools/bin/../lib/gcc/arm-none-eabi/13.3.1/../../../../arm-none-eabi/lib/thumb/v7e-m+fp/hard\libc_nano.a(libc_a-memset.o)
                0x08006810                memset
 .text.__errno  0x08006820        0xc C:/ST/STM32CubeIDE_1.19.0/STM32CubeIDE/plugins/com.st.stm32cube.ide.mcu.externaltools.gnu-tools-for-stm32.13.3.rel1.win32_1.0.0.202411081344/tools/bin/../lib/gcc/arm-none-eabi/13.3.1/../../../../arm-none-eabi/lib/thumb/v7e-m+fp/hard\libc_nano.a(libc_a-errno.o)
                0x08006820                __errno
 .text.__libc_init_array
                0x0800682c       0x48 C:/ST/STM32CubeIDE_1.19.0/STM32CubeIDE/plugins/com.st.stm32cube.ide.mcu.externaltools.gnu-tools-for-stm32.13.3.rel1.win32_1.0.0.202411081344/tools/bin/../lib/gcc/arm-none-eabi/13.3.1/../../../../arm-none-eabi/lib/thumb/v7e-m+fp/hard\libc_nano.a(libc_a-init.o)
                0x0800682c                __libc_init_array
 .text.__retarget_lock_acquire_recursive
                0x08006874        0x2 C:/ST/STM32CubeIDE_1.19.0/STM32CubeIDE/plugins/com.st.stm32cube.ide.mcu.externaltools.gnu-tools-for-stm32.13.3.rel1.win32_1.0.0.202411081344/tools/bin/../lib/gcc/arm-none-eabi/13.3.1/../../../../arm-none-eabi/lib/thumb/v7e-m+fp/hard\libc_nano.a(libc_a-lock.o)
                0x08006874                __retarget_lock_acquire_recursive
 .text.__retarget_lock_release_recursive
                0x08006876        0x2 C:/ST/STM32CubeIDE_1.19.0/STM32CubeIDE/plugins/com.st.stm32cube.ide.mcu.externaltools.gnu-tools-for-stm32.13.3.rel1.win32_1.0.0.202411081344/tools/bin/../lib/gcc/arm-none-eabi/13.3.1/../../../../arm-none-eabi/lib/thumb/v7e-m+fp/hard\libc_nano.a(libc_a-lock.o)
                0x08006876                __retarget_lock_release_recursive
 .text._free_r  0x08006878       0x94 C:/ST/STM32CubeIDE_1.19.0/STM32CubeIDE/plugins/com.st.stm32cube.ide.mcu.externaltools.gnu-tools-for-stm32.13.3.rel1.win32_1.0.0.202411081344/tools/bin/../lib/gcc/arm-none-eabi/13.3.1/../../../../arm-none-eabi/lib/thumb/v7e-m+fp/hard\libc_nano.a(libc_a-freer.o)
                0x08006878                _free_r
 .text.sbrk_aligned
                0x0800690c       0x44 C:/ST/STM32CubeIDE_1.19.0/STM32CubeIDE/plugins/com.st.stm32cube.ide.mcu.externaltools.gnu-tools-for-stm32.13.3.rel1.win32_1.0.0.202411081344/tools/bin/../lib/gcc/arm-none-eabi/13.3.1/../../../../arm-none-eabi/lib/thumb/v7e-m+fp/hard\libc_nano.a(libc_a-mallocr.o)
 .text._malloc_r
                0x08006950      0x100 C:/ST/STM32CubeIDE_1.19.0/STM32CubeIDE/plugins/com.st.stm32cube.ide.mcu.externaltools.gnu-tools-for-stm32.13.3.rel1.win32_1.0.0.202411081344/tools/bin/../lib/gcc/arm-none-eabi/13.3.1/../../../../arm-none-eabi/lib/thumb/v7e-m+fp/hard\libc_nano.a(libc_a-mallocr.o)
                0x08006950                _malloc_r
 .text.__malloc_lock
                0x08006a50        0xc C:/ST/STM32CubeIDE_1.19.0/STM32CubeIDE/plugins/com.st.stm32cube.ide.mcu.externaltools.gnu-tools-for-stm32.13.3.rel1.win32_1.0.0.202411081344/tools/bin/../lib/gcc/arm-none-eabi/13.3.1/../../../../arm-none-eabi/lib/thumb/v7e-m+fp/hard\libc_nano.a(libc_a-mlock.o)
                0x08006a50                __malloc_lock
 .text.__malloc_unlock
                0x08006a5c        0xc C:/ST/STM32CubeIDE_1.19.0/STM32CubeIDE/plugins/com.st.stm32cube.ide.mcu.externaltools.gnu-tools-for-stm32.13.3.rel1.win32_1.0.0.202411081344/tools/bin/../lib/gcc/arm-none-eabi/13.3.1/../../../../arm-none-eabi/lib/thumb/v7e-m+fp/hard\libc_nano.a(libc_a-mlock.o)
                0x08006a5c                __malloc_unlock
 .text.__ssputs_r
                0x08006a68       0xb6 C:/ST/STM32CubeIDE_1.19.0/STM32CubeIDE/plugins/com.st.stm32cube.ide.mcu.externaltools.gnu-tools-for-stm32.13.3.rel1.win32_1.0.0.202411081344/tools/bin/../lib/gcc/arm-none-eabi/13.3.1/../../../../arm-none-eabi/lib/thumb/v7e-m+fp/hard\libc_nano.a(libc_a-nano-svfprintf.o)
                0x08006a68                __ssputs_r
 *fill*         0x08006b1e        0x2 
 .text._svfprintf_r
                0x08006b20      0x1f8 C:/ST/STM32CubeIDE_1.19.0/STM32CubeIDE/plugins/com.st.stm32cube.ide.mcu.externaltools.gnu-tools-for-stm32.13.3.rel1.win32_1.0.0.202411081344/tools/bin/../lib/gcc/arm-none-eabi/13.3.1/../../../../arm-none-eabi/lib/thumb/v7e-m+fp/hard\libc_nano.a(libc_a-nano-svfprintf.o)
                0x08006b20                _svfiprintf_r
                0x08006b20                _svfprintf_r
 .text._printf_common
                0x08006d18       0xda C:/ST/STM32CubeIDE_1.19.0/STM32CubeIDE/plugins/com.st.stm32cube.ide.mcu.externaltools.gnu-tools-for-stm32.13.3.rel1.win32_1.0.0.202411081344/tools/bin/../lib/gcc/arm-none-eabi/13.3.1/../../../../arm-none-eabi/lib/thumb/v7e-m+fp/hard\libc_nano.a(libc_a-nano-vfprintf_i.o)
                0x08006d18                _printf_common
 *fill*         0x08006df2        0x2 
 .text._printf_i
                0x08006df4      0x23c C:/ST/STM32CubeIDE_1.19.0/STM32CubeIDE/plugins/com.st.stm32cube.ide.mcu.externaltools.gnu-tools-for-stm32.13.3.rel1.win32_1.0.0.202411081344/tools/bin/../lib/gcc/arm-none-eabi/13.3.1/../../../../arm-none-eabi/lib/thumb/v7e-m+fp/hard\libc_nano.a(libc_a-nano-vfprintf_i.o)
                0x08006df4                _printf_i
 .text.memmove  0x08007030       0x34 C:/ST/STM32CubeIDE_1.19.0/STM32CubeIDE/plugins/com.st.stm32cube.ide.mcu.externaltools.gnu-tools-for-stm32.13.3.rel1.win32_1.0.0.202411081344/tools/bin/../lib/gcc/arm-none-eabi/13.3.1/../../../../arm-none-eabi/lib/thumb/v7e-m+fp/hard\libc_nano.a(libc_a-memmove.o)
                0x08007030                memmove
 .text._sbrk_r  0x08007064       0x20 C:/ST/STM32CubeIDE_1.19.0/STM32CubeIDE/plugins/com.st.stm32cube.ide.mcu.externaltools.gnu-tools-for-stm32.13.3.rel1.win32_1.0.0.202411081344/tools/bin/../lib/gcc/arm-none-eabi/13.3.1/../../../../arm-none-eabi/lib/thumb/v7e-m+fp/hard\libc_nano.a(libc_a-sbrkr.o)
                0x08007064                _sbrk_r
 .text.memcpy   0x08007084       0x1c C:/ST/STM32CubeIDE_1.19.0/STM32CubeIDE/plugins/com.st.stm32cube.ide.mcu.externaltools.gnu-tools-for-stm32.13.3.rel1.win32_1.0.0.202411081344/tools/bin/../lib/gcc/arm-none-eabi/13.3.1/../../../../arm-none-eabi/lib/thumb/v7e-m+fp/hard\libc_nano.a(libc_a-memcpy-stub.o)
                0x08007084                memcpy
 .text._realloc_r
                0x080070a0       0x5c C:/ST/STM32CubeIDE_1.19.0/STM32CubeIDE/plugins/com.st.stm32cube.ide.mcu.externaltools.gnu-tools-for-stm32.13.3.rel1.win32_1.0.0.202411081344/tools/bin/../lib/gcc/arm-none-eabi/13.3.1/../../../../arm-none-eabi/lib/thumb/v7e-m+fp/hard\libc_nano.a(libc_a-reallocr.o)
                0x080070a0                _realloc_r
 .text._malloc_usable_size_r
                0x080070fc       0x10 C:/ST/STM32CubeIDE_1.19.0/STM32CubeIDE/plugins/com.st.stm32cube.ide.mcu.externaltools.gnu-tools-for-stm32.13.3.rel1.win32_1.0.0.202411081344/tools/bin/../lib/gcc/arm-none-eabi/13.3.1/../../../../arm-none-eabi/lib/thumb/v7e-m+fp/hard\libc_nano.a(libc_a-msizer.o)
                0x080070fc                _malloc_usable_size_r
 .text.fmodf    0x0800710c       0x40 C:/ST/STM32CubeIDE_1.19.0/STM32CubeIDE/plugins/com.st.stm32cube.ide.mcu.externaltools.gnu-tools-for-stm32.13.3.rel1.win32_1.0.0.202411081344/tools/bin/../lib/gcc/arm-none-eabi/13.3.1/../../../../arm-none-eabi/lib/thumb/v7e-m+fp/hard\libm.a(libm_a-wf_fmod.o)
                0x0800710c                fmodf
 .text.__ieee754_fmodf
                0x0800714c      0x104 C:/ST/STM32CubeIDE_1.19.0/STM32CubeIDE/plugins/com.st.stm32cube.ide.mcu.externaltools.gnu-tools-for-stm32.13.3.rel1.win32_1.0.0.202411081344/tools/bin/../lib/gcc/arm-none-eabi/13.3.1/../../../../arm-none-eabi/lib/thumb/v7e-m+fp/hard\libm.a(libm_a-ef_fmod.o)
                0x0800714c                __ieee754_fmodf
 *(.glue_7)
 .glue_7        0x08007250        0x0 linker stubs
 *(.glue_7t)
 .glue_7t       0x08007250        0x0 linker stubs
 *(.eh_frame)
 .eh_frame      0x08007250        0x0 C:/ST/STM32CubeIDE_1.19.0/STM32CubeIDE/plugins/com.st.stm32cube.ide.mcu.externaltools.gnu-tools-for-stm32.13.3.rel1.win32_1.0.0.202411081344/tools/bin/../lib/gcc/arm-none-eabi/13.3.1/thumb/v7e-m+fp/hard/crtbegin.o
 *(.init)
 .init          0x08007250        0x4 C:/ST/STM32CubeIDE_1.19.0/STM32CubeIDE/plugins/com.st.stm32cube.ide.mcu.externaltools.gnu-tools-for-stm32.13.3.rel1.win32_1.0.0.202411081344/tools/bin/../lib/gcc/arm-none-eabi/13.3.1/thumb/v7e-m+fp/hard/crti.o
                0x08007250                _init
 .init          0x08007254        0x8 C:/ST/STM32CubeIDE_1.19.0/STM32CubeIDE/plugins/com.st.stm32cube.ide.mcu.externaltools.gnu-tools-for-stm32.13.3.rel1.win32_1.0.0.202411081344/tools/bin/../lib/gcc/arm-none-eabi/13.3.1/thumb/v7e-m+fp/hard/crtn.o
 *(.fini)
 .fini          0x0800725c        0x4 C:/ST/STM32CubeIDE_1.19.0/STM32CubeIDE/plugins/com.st.stm32cube.ide.mcu.externaltools.gnu-tools-for-stm32.13.3.rel1.win32_1.0.0.202411081344/tools/bin/../lib/gcc/arm-none-eabi/13.3.1/thumb/v7e-m+fp/hard/crti.o
                0x0800725c                _fini
 .fini          0x08007260        0x8 C:/ST/STM32CubeIDE_1.19.0/STM32CubeIDE/plugins/com.st.stm32cube.ide.mcu.externaltools.gnu-tools-for-stm32.13.3.rel1.win32_1.0.0.202411081344/tools/bin/../lib/gcc/arm-none-eabi/13.3.1/thumb/v7e-m+fp/hard/crtn.o
                0x08007268                        . = ALIGN (0x4)
                0x08007268                        _etext = .

.vfp11_veneer   0x08007268        0x0
 .vfp11_veneer  0x08007268        0x0 linker stubs

.v4_bx          0x08007268        0x0
 .v4_bx         0x08007268        0x0 linker stubs

.iplt           0x08007268        0x0
 .iplt          0x08007268        0x0 C:/ST/STM32CubeIDE_1.19.0/STM32CubeIDE/plugins/com.st.stm32cube.ide.mcu.externaltools.gnu-tools-for-stm32.13.3.rel1.win32_1.0.0.202411081344/tools/bin/../lib/gcc/arm-none-eabi/13.3.1/thumb/v7e-m+fp/hard/crtbegin.o

.rodata         0x08007268      0x110
                0x08007268                        . = ALIGN (0x4)
 *(.rodata)
 .rodata        0x08007268       0xb1 ./Core/Src/main.o
 *(.rodata*)
 *fill*         0x08007319        0x3 
 .rodata.common.3
                0x0800731c        0x4 ./Core/Src/main.o
 .rodata.row_offsets.2
                0x08007320        0x2 ./Core/Src/main.o
 *fill*         0x08007322        0x2 
 .rodata.AHBPrescTable
                0x08007324       0x10 ./Core/Src/system_stm32f4xx.o
                0x08007324                AHBPrescTable
 .rodata.APBPrescTable
                0x08007334        0x8 ./Core/Src/system_stm32f4xx.o
                0x08007334                APBPrescTable
 .rodata._svfprintf_r.str1.1
                0x0800733c       0x33 C:/ST/STM32CubeIDE_1.19.0/STM32CubeIDE/plugins/com.st.stm32cube.ide.mcu.externaltools.gnu-tools-for-stm32.13.3.rel1.win32_1.0.0.202411081344/tools/bin/../lib/gcc/arm-none-eabi/13.3.1/../../../../arm-none-eabi/lib/thumb/v7e-m+fp/hard\libc_nano.a(libc_a-nano-svfprintf.o)
                                 0x11 (size before relaxing)
 .rodata._printf_i.str1.1
                0x0800736f       0x22 C:/ST/STM32CubeIDE_1.19.0/STM32CubeIDE/plugins/com.st.stm32cube.ide.mcu.externaltools.gnu-tools-for-stm32.13.3.rel1.win32_1.0.0.202411081344/tools/bin/../lib/gcc/arm-none-eabi/13.3.1/../../../../arm-none-eabi/lib/thumb/v7e-m+fp/hard\libc_nano.a(libc_a-nano-vfprintf_i.o)
 *fill*         0x0800736f        0x1 
 .rodata.Zero   0x08007370        0x8 C:/ST/STM32CubeIDE_1.19.0/STM32CubeIDE/plugins/com.st.stm32cube.ide.mcu.externaltools.gnu-tools-for-stm32.13.3.rel1.win32_1.0.0.202411081344/tools/bin/../lib/gcc/arm-none-eabi/13.3.1/../../../../arm-none-eabi/lib/thumb/v7e-m+fp/hard\libm.a(libm_a-ef_fmod.o)
                0x08007378                        . = ALIGN (0x4)

.ARM.extab      0x08007378        0x0
                0x08007378                        . = ALIGN (0x4)
 *(.ARM.extab* .gnu.linkonce.armextab.*)
                0x08007378                        . = ALIGN (0x4)

.ARM            0x08007378        0x8
                0x08007378                        . = ALIGN (0x4)
                0x08007378                        __exidx_start = .
 *(.ARM.exidx*)
 .ARM.exidx     0x08007378        0x8 C:/ST/STM32CubeIDE_1.19.0/STM32CubeIDE/plugins/com.st.stm32cube.ide.mcu.externaltools.gnu-tools-for-stm32.13.3.rel1.win32_1.0.0.202411081344/tools/bin/../lib/gcc/arm-none-eabi/13.3.1/../../../../arm-none-eabi/lib/thumb/v7e-m+fp/hard\libc_nano.a(libc_a-memchr.o)
 .ARM.exidx     0x08007380        0x0 C:/ST/STM32CubeIDE_1.19.0/STM32CubeIDE/plugins/com.st.stm32cube.ide.mcu.externaltools.gnu-tools-for-stm32.13.3.rel1.win32_1.0.0.202411081344/tools/bin/../lib/gcc/arm-none-eabi/13.3.1/thumb/v7e-m+fp/hard\libgcc.a(_udivmoddi4.o)
                                  0x8 (size before relaxing)
                0x08007380                        __exidx_end = .
                0x08007380                        . = ALIGN (0x4)

.preinit_array  0x08007380        0x0
                0x08007380                        . = ALIGN (0x4)
                0x08007380                        PROVIDE (__preinit_array_start = .)
 *(.preinit_array*)
                0x08007380                        PROVIDE (__preinit_array_end = .)
                0x08007380                        . = ALIGN (0x4)

.init_array     0x08007380        0x4
                0x08007380                        . = ALIGN (0x4)
                0x08007380                        PROVIDE (__init_array_start = .)
 *(SORT_BY_NAME(.init_array.*))
 *(.init_array*)
 .init_array    0x08007380        0x4 C:/ST/STM32CubeIDE_1.19.0/STM32CubeIDE/plugins/com.st.stm32cube.ide.mcu.externaltools.gnu-tools-for-stm32.13.3.rel1.win32_1.0.0.202411081344/tools/bin/../lib/gcc/arm-none-eabi/13.3.1/thumb/v7e-m+fp/hard/crtbegin.o
                0x08007384                        PROVIDE (__init_array_end = .)
                0x08007384                        . = ALIGN (0x4)

.fini_array     0x08007384        0x4
                0x08007384                        . = ALIGN (0x4)
                [!provide]                        PROVIDE (__fini_array_start = .)
 *(SORT_BY_NAME(.fini_array.*))
 *(.fini_array*)
 .fini_array    0x08007384        0x4 C:/ST/STM32CubeIDE_1.19.0/STM32CubeIDE/plugins/com.st.stm32cube.ide.mcu.externaltools.gnu-tools-for-stm32.13.3.rel1.win32_1.0.0.202411081344/tools/bin/../lib/gcc/arm-none-eabi/13.3.1/thumb/v7e-m+fp/hard/crtbegin.o
                [!provide]                        PROVIDE (__fini_array_end = .)
                0x08007388                        . = ALIGN (0x4)
                0x08007388                        _sidata = LOADADDR (.data)

.rel.dyn        0x08007388        0x0
 .rel.iplt      0x08007388        0x0 C:/ST/STM32CubeIDE_1.19.0/STM32CubeIDE/plugins/com.st.stm32cube.ide.mcu.externaltools.gnu-tools-for-stm32.13.3.rel1.win32_1.0.0.202411081344/tools/bin/../lib/gcc/arm-none-eabi/13.3.1/thumb/v7e-m+fp/hard/crtbegin.o

.data           0x20000000       0x60 load address 0x08007388
                0x20000000                        . = ALIGN (0x4)
                0x20000000                        _sdata = .
 *(.data)
 *(.data*)
 .data.rpm_selected
                0x20000000        0x1 ./Core/Src/main.o
 .data.btn_prev_state
                0x20000001        0x1 ./Core/Src/main.o
 .data.blink_on
                0x20000002        0x1 ./Core/Src/main.o
 *fill*         0x20000003        0x1 
 .data.SystemCoreClock
                0x20000004        0x4 ./Core/Src/system_stm32f4xx.o
                0x20000004                SystemCoreClock
 .data.uwTickPrio
                0x20000008        0x4 ./Drivers/STM32F4xx_HAL_Driver/Src/stm32f4xx_hal.o
                0x20000008                uwTickPrio
 .data.uwTickFreq
                0x2000000c        0x1 ./Drivers/STM32F4xx_HAL_Driver/Src/stm32f4xx_hal.o
                0x2000000c                uwTickFreq
 *fill*         0x2000000d        0x3 
 .data._impure_ptr
                0x20000010        0x4 C:/ST/STM32CubeIDE_1.19.0/STM32CubeIDE/plugins/com.st.stm32cube.ide.mcu.externaltools.gnu-tools-for-stm32.13.3.rel1.win32_1.0.0.202411081344/tools/bin/../lib/gcc/arm-none-eabi/13.3.1/../../../../arm-none-eabi/lib/thumb/v7e-m+fp/hard\libc_nano.a(libc_a-impure.o)
                0x20000010                _impure_ptr
 .data._impure_data
                0x20000014       0x4c C:/ST/STM32CubeIDE_1.19.0/STM32CubeIDE/plugins/com.st.stm32cube.ide.mcu.externaltools.gnu-tools-for-stm32.13.3.rel1.win32_1.0.0.202411081344/tools/bin/../lib/gcc/arm-none-eabi/13.3.1/../../../../arm-none-eabi/lib/thumb/v7e-m+fp/hard\libc_nano.a(libc_a-impure.o)
                0x20000014                _impure_data
 *(.RamFunc)
 *(.RamFunc*)
                0x20000060                        . = ALIGN (0x4)
                0x20000060                        _edata = .

.igot.plt       0x20000060        0x0 load address 0x080073e8
 .igot.plt      0x20000060        0x0 C:/ST/STM32CubeIDE_1.19.0/STM32CubeIDE/plugins/com.st.stm32cube.ide.mcu.externaltools.gnu-tools-for-stm32.13.3.rel1.win32_1.0.0.202411081344/tools/bin/../lib/gcc/arm-none-eabi/13.3.1/thumb/v7e-m+fp/hard/crtbegin.o
                0x20000060                        . = ALIGN (0x4)

.bss            0x20000060      0x52c load address 0x080073e8
                0x20000060                        _sbss = .
                0x20000060                        __bss_start__ = _sbss
 *(.bss)
 .bss           0x20000060       0x1c C:/ST/STM32CubeIDE_1.19.0/STM32CubeIDE/plugins/com.st.stm32cube.ide.mcu.externaltools.gnu-tools-for-stm32.13.3.rel1.win32_1.0.0.202411081344/tools/bin/../lib/gcc/arm-none-eabi/13.3.1/thumb/v7e-m+fp/hard/crtbegin.o
 *(.bss*)
 .bss.hi2c1     0x2000007c       0x54 ./Core/Src/i2c.o
                0x2000007c                hi2c1
 .bss.BallReciever
                0x200000d0      0x130 ./Core/Src/main.o
                0x200000d0                BallReciever
 .bss.target_RPM
                0x20000200        0x4 ./Core/Src/main.o
                0x20000200                target_RPM
 .bss.last_target_RPM
                0x20000204        0x4 ./Core/Src/main.o
                0x20000204                last_target_RPM
 .bss.Tracking_Error
                0x20000208        0x4 ./Core/Src/main.o
                0x20000208                Tracking_Error
 .bss.app_state
                0x2000020c        0x1 ./Core/Src/main.o
 *fill*         0x2000020d        0x1 
 .bss.last_enc_count
                0x2000020e        0x2 ./Core/Src/main.o
 .bss.btn_press_tick
                0x20000210        0x4 ./Core/Src/main.o
 .bss.btn_long_fired
                0x20000214        0x1 ./Core/Src/main.o
 *fill*         0x20000215        0x3 
 .bss.blink_tick
                0x20000218        0x4 ./Core/Src/main.o
 .bss.state_enter_tick
                0x2000021c        0x4 ./Core/Src/main.o
 .bss.lcd_addr  0x20000220        0x1 ./Core/Src/main.o
 .bss.lcd_addr_8bit
                0x20000221        0x1 ./Core/Src/main.o
 .bss.dbg_lcd_addr_found
                0x20000222        0x1 ./Core/Src/main.o
                0x20000222                dbg_lcd_addr_found
 *fill*         0x20000223        0x1 
 .bss.dbg_loop_count
                0x20000224        0x4 ./Core/Src/main.o
                0x20000224                dbg_loop_count
 .bss.dbg_app_state
                0x20000228        0x1 ./Core/Src/main.o
                0x20000228                dbg_app_state
 .bss.dbg_rpm_selected
                0x20000229        0x1 ./Core/Src/main.o
                0x20000229                dbg_rpm_selected
 *fill*         0x2000022a        0x2 
 .bss.dbg_target_rpm
                0x2000022c        0x4 ./Core/Src/main.o
                0x2000022c                dbg_target_rpm
 .bss.dbg_meas_rpm
                0x20000230        0x4 ./Core/Src/main.o
                0x20000230                dbg_meas_rpm
 .bss.dbg_motor_send_cnt
                0x20000234        0x4 ./Core/Src/main.o
                0x20000234                dbg_motor_send_cnt
 .bss.dbg_robot_mode
                0x20000238        0x1 ./Core/Src/main.o
                0x20000238                dbg_robot_mode
 *fill*         0x20000239        0x3 
 .bss.last_lcd_update.1
                0x2000023c        0x4 ./Core/Src/main.o
 .bss.led_tick.0
                0x20000240        0x4 ./Core/Src/main.o
 .bss.__sbrk_heap_end
                0x20000244        0x4 ./Core/Src/sysmem.o
 .bss.htim1     0x20000248       0x48 ./Core/Src/tim.o
                0x20000248                htim1
 .bss.htim2     0x20000290       0x48 ./Core/Src/tim.o
                0x20000290                htim2
 .bss.htim3     0x200002d8       0x48 ./Core/Src/tim.o
                0x200002d8                htim3
 .bss.htim4     0x20000320       0x48 ./Core/Src/tim.o
                0x20000320                htim4
 .bss.htim5     0x20000368       0x48 ./Core/Src/tim.o
                0x20000368                htim5
 .bss.htim9     0x200003b0       0x48 ./Core/Src/tim.o
                0x200003b0                htim9
 .bss.huart2    0x200003f8       0x48 ./Core/Src/usart.o
                0x200003f8                huart2
 .bss.uwTick    0x20000440        0x4 ./Drivers/STM32F4xx_HAL_Driver/Src/stm32f4xx_hal.o
                0x20000440                uwTick
 .bss.__sf      0x20000444      0x138 C:/ST/STM32CubeIDE_1.19.0/STM32CubeIDE/plugins/com.st.stm32cube.ide.mcu.externaltools.gnu-tools-for-stm32.13.3.rel1.win32_1.0.0.202411081344/tools/bin/../lib/gcc/arm-none-eabi/13.3.1/../../../../arm-none-eabi/lib/thumb/v7e-m+fp/hard\libc_nano.a(libc_a-findfp.o)
                0x20000444                __sf
 .bss.errno     0x2000057c        0x4 C:/ST/STM32CubeIDE_1.19.0/STM32CubeIDE/plugins/com.st.stm32cube.ide.mcu.externaltools.gnu-tools-for-stm32.13.3.rel1.win32_1.0.0.202411081344/tools/bin/../lib/gcc/arm-none-eabi/13.3.1/../../../../arm-none-eabi/lib/thumb/v7e-m+fp/hard\libc_nano.a(libc_a-reent.o)
                0x2000057c                errno
 .bss.__lock___malloc_recursive_mutex
                0x20000580        0x1 C:/ST/STM32CubeIDE_1.19.0/STM32CubeIDE/plugins/com.st.stm32cube.ide.mcu.externaltools.gnu-tools-for-stm32.13.3.rel1.win32_1.0.0.202411081344/tools/bin/../lib/gcc/arm-none-eabi/13.3.1/../../../../arm-none-eabi/lib/thumb/v7e-m+fp/hard\libc_nano.a(libc_a-lock.o)
                0x20000580                __lock___malloc_recursive_mutex
 *fill*         0x20000581        0x3 
 .bss.__malloc_sbrk_start
                0x20000584        0x4 C:/ST/STM32CubeIDE_1.19.0/STM32CubeIDE/plugins/com.st.stm32cube.ide.mcu.externaltools.gnu-tools-for-stm32.13.3.rel1.win32_1.0.0.202411081344/tools/bin/../lib/gcc/arm-none-eabi/13.3.1/../../../../arm-none-eabi/lib/thumb/v7e-m+fp/hard\libc_nano.a(libc_a-mallocr.o)
                0x20000584                __malloc_sbrk_start
 .bss.__malloc_free_list
                0x20000588        0x4 C:/ST/STM32CubeIDE_1.19.0/STM32CubeIDE/plugins/com.st.stm32cube.ide.mcu.externaltools.gnu-tools-for-stm32.13.3.rel1.win32_1.0.0.202411081344/tools/bin/../lib/gcc/arm-none-eabi/13.3.1/../../../../arm-none-eabi/lib/thumb/v7e-m+fp/hard\libc_nano.a(libc_a-mallocr.o)
                0x20000588                __malloc_free_list
 *(COMMON)
                0x2000058c                        . = ALIGN (0x4)
                0x2000058c                        _ebss = .
                0x2000058c                        __bss_end__ = _ebss

._user_heap_stack
                0x2000058c      0x604 load address 0x080073e8
                0x20000590                        . = ALIGN (0x8)
 *fill*         0x2000058c        0x4 
                [!provide]                        PROVIDE (end = .)
                0x20000590                        PROVIDE (_end = .)
                0x20000790                        . = (. + _Min_Heap_Size)
 *fill*         0x20000590      0x200 
                0x20000b90                        . = (. + _Min_Stack_Size)
 *fill*         0x20000790      0x400 
                0x20000b90                        . = ALIGN (0x8)

/DISCARD/
 libc.a(*)
 libm.a(*)
 libgcc.a(*)

.ARM.attributes
                0x00000000       0x30
 *(.ARM.attributes)
 .ARM.attributes
                0x00000000       0x22 C:/ST/STM32CubeIDE_1.19.0/STM32CubeIDE/plugins/com.st.stm32cube.ide.mcu.externaltools.gnu-tools-for-stm32.13.3.rel1.win32_1.0.0.202411081344/tools/bin/../lib/gcc/arm-none-eabi/13.3.1/thumb/v7e-m+fp/hard/crti.o
 .ARM.attributes
                0x00000022       0x34 C:/ST/STM32CubeIDE_1.19.0/STM32CubeIDE/plugins/com.st.stm32cube.ide.mcu.externaltools.gnu-tools-for-stm32.13.3.rel1.win32_1.0.0.202411081344/tools/bin/../lib/gcc/arm-none-eabi/13.3.1/thumb/v7e-m+fp/hard/crtbegin.o
 .ARM.attributes
                0x00000056       0x34 ./Core/Src/Controller.o
 .ARM.attributes
                0x0000008a       0x34 ./Core/Src/LowPassFilter.o
 .ARM.attributes
                0x000000be       0x34 ./Core/Src/MotorDriver.o
 .ARM.attributes
                0x000000f2       0x34 ./Core/Src/PWM.o
 .ARM.attributes
                0x00000126       0x34 ./Core/Src/QEI.o
 .ARM.attributes
                0x0000015a       0x34 ./Core/Src/RevRobot1DOF.o
 .ARM.attributes
                0x0000018e       0x34 ./Core/Src/Trajectory.o
 .ARM.attributes
                0x000001c2       0x34 ./Core/Src/gpio.o
 .ARM.attributes
                0x000001f6       0x34 ./Core/Src/i2c.o
 .ARM.attributes
                0x0000022a       0x34 ./Core/Src/main.o
 .ARM.attributes
                0x0000025e       0x34 ./Core/Src/stm32f4xx_hal_msp.o
 .ARM.attributes
                0x00000292       0x34 ./Core/Src/stm32f4xx_it.o
 .ARM.attributes
                0x000002c6       0x34 ./Core/Src/sysmem.o
 .ARM.attributes
                0x000002fa       0x34 ./Core/Src/system_stm32f4xx.o
 .ARM.attributes
                0x0000032e       0x34 ./Core/Src/tim.o
 .ARM.attributes
                0x00000362       0x34 ./Core/Src/usart.o
 .ARM.attributes
                0x00000396       0x21 ./Core/Startup/startup_stm32f411retx.o
 .ARM.attributes
                0x000003b7       0x34 ./Drivers/STM32F4xx_HAL_Driver/Src/stm32f4xx_hal.o
 .ARM.attributes
                0x000003eb       0x34 ./Drivers/STM32F4xx_HAL_Driver/Src/stm32f4xx_hal_cortex.o
 .ARM.attributes
                0x0000041f       0x34 ./Drivers/STM32F4xx_HAL_Driver/Src/stm32f4xx_hal_gpio.o
 .ARM.attributes
                0x00000453       0x34 ./Drivers/STM32F4xx_HAL_Driver/Src/stm32f4xx_hal_i2c.o
 .ARM.attributes
                0x00000487       0x34 ./Drivers/STM32F4xx_HAL_Driver/Src/stm32f4xx_hal_rcc.o
 .ARM.attributes
                0x000004bb       0x34 ./Drivers/STM32F4xx_HAL_Driver/Src/stm32f4xx_hal_tim.o
 .ARM.attributes
                0x000004ef       0x34 ./Drivers/STM32F4xx_HAL_Driver/Src/stm32f4xx_hal_tim_ex.o
 .ARM.attributes
                0x00000523       0x34 ./Drivers/STM32F4xx_HAL_Driver/Src/stm32f4xx_hal_uart.o
 .ARM.attributes
                0x00000557       0x34 C:/ST/STM32CubeIDE_1.19.0/STM32CubeIDE/plugins/com.st.stm32cube.ide.mcu.externaltools.gnu-tools-for-stm32.13.3.rel1.win32_1.0.0.202411081344/tools/bin/../lib/gcc/arm-none-eabi/13.3.1/../../../../arm-none-eabi/lib/thumb/v7e-m+fp/hard\libc_nano.a(libc_a-findfp.o)
 .ARM.attributes
                0x0000058b       0x34 C:/ST/STM32CubeIDE_1.19.0/STM32CubeIDE/plugins/com.st.stm32cube.ide.mcu.externaltools.gnu-tools-for-stm32.13.3.rel1.win32_1.0.0.202411081344/tools/bin/../lib/gcc/arm-none-eabi/13.3.1/../../../../arm-none-eabi/lib/thumb/v7e-m+fp/hard\libc_nano.a(libc_a-snprintf.o)
 .ARM.attributes
                0x000005bf       0x34 C:/ST/STM32CubeIDE_1.19.0/STM32CubeIDE/plugins/com.st.stm32cube.ide.mcu.externaltools.gnu-tools-for-stm32.13.3.rel1.win32_1.0.0.202411081344/tools/bin/../lib/gcc/arm-none-eabi/13.3.1/../../../../arm-none-eabi/lib/thumb/v7e-m+fp/hard\libc_nano.a(libc_a-memset.o)
 .ARM.attributes
                0x000005f3       0x34 C:/ST/STM32CubeIDE_1.19.0/STM32CubeIDE/plugins/com.st.stm32cube.ide.mcu.externaltools.gnu-tools-for-stm32.13.3.rel1.win32_1.0.0.202411081344/tools/bin/../lib/gcc/arm-none-eabi/13.3.1/../../../../arm-none-eabi/lib/thumb/v7e-m+fp/hard\libc_nano.a(libc_a-reent.o)
 .ARM.attributes
                0x00000627       0x34 C:/ST/STM32CubeIDE_1.19.0/STM32CubeIDE/plugins/com.st.stm32cube.ide.mcu.externaltools.gnu-tools-for-stm32.13.3.rel1.win32_1.0.0.202411081344/tools/bin/../lib/gcc/arm-none-eabi/13.3.1/../../../../arm-none-eabi/lib/thumb/v7e-m+fp/hard\libc_nano.a(libc_a-impure.o)
 .ARM.attributes
                0x0000065b       0x34 C:/ST/STM32CubeIDE_1.19.0/STM32CubeIDE/plugins/com.st.stm32cube.ide.mcu.externaltools.gnu-tools-for-stm32.13.3.rel1.win32_1.0.0.202411081344/tools/bin/../lib/gcc/arm-none-eabi/13.3.1/../../../../arm-none-eabi/lib/thumb/v7e-m+fp/hard\libc_nano.a(libc_a-errno.o)
 .ARM.attributes
                0x0000068f       0x34 C:/ST/STM32CubeIDE_1.19.0/STM32CubeIDE/plugins/com.st.stm32cube.ide.mcu.externaltools.gnu-tools-for-stm32.13.3.rel1.win32_1.0.0.202411081344/tools/bin/../lib/gcc/arm-none-eabi/13.3.1/../../../../arm-none-eabi/lib/thumb/v7e-m+fp/hard\libc_nano.a(libc_a-init.o)
 .ARM.attributes
                0x000006c3       0x34 C:/ST/STM32CubeIDE_1.19.0/STM32CubeIDE/plugins/com.st.stm32cube.ide.mcu.externaltools.gnu-tools-for-stm32.13.3.rel1.win32_1.0.0.202411081344/tools/bin/../lib/gcc/arm-none-eabi/13.3.1/../../../../arm-none-eabi/lib/thumb/v7e-m+fp/hard\libc_nano.a(libc_a-lock.o)
 .ARM.attributes
                0x000006f7       0x34 C:/ST/STM32CubeIDE_1.19.0/STM32CubeIDE/plugins/com.st.stm32cube.ide.mcu.externaltools.gnu-tools-for-stm32.13.3.rel1.win32_1.0.0.202411081344/tools/bin/../lib/gcc/arm-none-eabi/13.3.1/../../../../arm-none-eabi/lib/thumb/v7e-m+fp/hard\libc_nano.a(libc_a-freer.o)
 .ARM.attributes
                0x0000072b       0x34 C:/ST/STM32CubeIDE_1.19.0/STM32CubeIDE/plugins/com.st.stm32cube.ide.mcu.externaltools.gnu-tools-for-stm32.13.3.rel1.win32_1.0.0.202411081344/tools/bin/../lib/gcc/arm-none-eabi/13.3.1/../../../../arm-none-eabi/lib/thumb/v7e-m+fp/hard\libc_nano.a(libc_a-mallocr.o)
 .ARM.attributes
                0x0000075f       0x34 C:/ST/STM32CubeIDE_1.19.0/STM32CubeIDE/plugins/com.st.stm32cube.ide.mcu.externaltools.gnu-tools-for-stm32.13.3.rel1.win32_1.0.0.202411081344/tools/bin/../lib/gcc/arm-none-eabi/13.3.1/../../../../arm-none-eabi/lib/thumb/v7e-m+fp/hard\libc_nano.a(libc_a-mlock.o)
 .ARM.attributes
                0x00000793       0x34 C:/ST/STM32CubeIDE_1.19.0/STM32CubeIDE/plugins/com.st.stm32cube.ide.mcu.externaltools.gnu-tools-for-stm32.13.3.rel1.win32_1.0.0.202411081344/tools/bin/../lib/gcc/arm-none-eabi/13.3.1/../../../../arm-none-eabi/lib/thumb/v7e-m+fp/hard\libc_nano.a(libc_a-nano-svfprintf.o)
 .ARM.attributes
                0x000007c7       0x34 C:/ST/STM32CubeIDE_1.19.0/STM32CubeIDE/plugins/com.st.stm32cube.ide.mcu.externaltools.gnu-tools-for-stm32.13.3.rel1.win32_1.0.0.202411081344/tools/bin/../lib/gcc/arm-none-eabi/13.3.1/../../../../arm-none-eabi/lib/thumb/v7e-m+fp/hard\libc_nano.a(libc_a-nano-vfprintf_i.o)
 .ARM.attributes
                0x000007fb       0x34 C:/ST/STM32CubeIDE_1.19.0/STM32CubeIDE/plugins/com.st.stm32cube.ide.mcu.externaltools.gnu-tools-for-stm32.13.3.rel1.win32_1.0.0.202411081344/tools/bin/../lib/gcc/arm-none-eabi/13.3.1/../../../../arm-none-eabi/lib/thumb/v7e-m+fp/hard\libc_nano.a(libc_a-memmove.o)
 .ARM.attributes
                0x0000082f       0x34 C:/ST/STM32CubeIDE_1.19.0/STM32CubeIDE/plugins/com.st.stm32cube.ide.mcu.externaltools.gnu-tools-for-stm32.13.3.rel1.win32_1.0.0.202411081344/tools/bin/../lib/gcc/arm-none-eabi/13.3.1/../../../../arm-none-eabi/lib/thumb/v7e-m+fp/hard\libc_nano.a(libc_a-sbrkr.o)
 .ARM.attributes
                0x00000863       0x1c C:/ST/STM32CubeIDE_1.19.0/STM32CubeIDE/plugins/com.st.stm32cube.ide.mcu.externaltools.gnu-tools-for-stm32.13.3.rel1.win32_1.0.0.202411081344/tools/bin/../lib/gcc/arm-none-eabi/13.3.1/../../../../arm-none-eabi/lib/thumb/v7e-m+fp/hard\libc_nano.a(libc_a-memchr.o)
 .ARM.attributes
                0x0000087f       0x34 C:/ST/STM32CubeIDE_1.19.0/STM32CubeIDE/plugins/com.st.stm32cube.ide.mcu.externaltools.gnu-tools-for-stm32.13.3.rel1.win32_1.0.0.202411081344/tools/bin/../lib/gcc/arm-none-eabi/13.3.1/../../../../arm-none-eabi/lib/thumb/v7e-m+fp/hard\libc_nano.a(libc_a-memcpy-stub.o)
 .ARM.attributes
                0x000008b3       0x34 C:/ST/STM32CubeIDE_1.19.0/STM32CubeIDE/plugins/com.st.stm32cube.ide.mcu.externaltools.gnu-tools-for-stm32.13.3.rel1.win32_1.0.0.202411081344/tools/bin/../lib/gcc/arm-none-eabi/13.3.1/../../../../arm-none-eabi/lib/thumb/v7e-m+fp/hard\libc_nano.a(libc_a-reallocr.o)
 .ARM.attributes
                0x000008e7       0x34 C:/ST/STM32CubeIDE_1.19.0/STM32CubeIDE/plugins/com.st.stm32cube.ide.mcu.externaltools.gnu-tools-for-stm32.13.3.rel1.win32_1.0.0.202411081344/tools/bin/../lib/gcc/arm-none-eabi/13.3.1/../../../../arm-none-eabi/lib/thumb/v7e-m+fp/hard\libc_nano.a(libc_a-msizer.o)
 .ARM.attributes
                0x0000091b       0x34 C:/ST/STM32CubeIDE_1.19.0/STM32CubeIDE/plugins/com.st.stm32cube.ide.mcu.externaltools.gnu-tools-for-stm32.13.3.rel1.win32_1.0.0.202411081344/tools/bin/../lib/gcc/arm-none-eabi/13.3.1/../../../../arm-none-eabi/lib/thumb/v7e-m+fp/hard\libm.a(libm_a-wf_fmod.o)
 .ARM.attributes
                0x0000094f       0x34 C:/ST/STM32CubeIDE_1.19.0/STM32CubeIDE/plugins/com.st.stm32cube.ide.mcu.externaltools.gnu-tools-for-stm32.13.3.rel1.win32_1.0.0.202411081344/tools/bin/../lib/gcc/arm-none-eabi/13.3.1/../../../../arm-none-eabi/lib/thumb/v7e-m+fp/hard\libm.a(libm_a-ef_fmod.o)
 .ARM.attributes
                0x00000983       0x22 C:/ST/STM32CubeIDE_1.19.0/STM32CubeIDE/plugins/com.st.stm32cube.ide.mcu.externaltools.gnu-tools-for-stm32.13.3.rel1.win32_1.0.0.202411081344/tools/bin/../lib/gcc/arm-none-eabi/13.3.1/thumb/v7e-m+fp/hard\libgcc.a(_arm_addsubdf3.o)
 .ARM.attributes
                0x000009a5       0x22 C:/ST/STM32CubeIDE_1.19.0/STM32CubeIDE/plugins/com.st.stm32cube.ide.mcu.externaltools.gnu-tools-for-stm32.13.3.rel1.win32_1.0.0.202411081344/tools/bin/../lib/gcc/arm-none-eabi/13.3.1/thumb/v7e-m+fp/hard\libgcc.a(_arm_muldivdf3.o)
 .ARM.attributes
                0x000009c7       0x22 C:/ST/STM32CubeIDE_1.19.0/STM32CubeIDE/plugins/com.st.stm32cube.ide.mcu.externaltools.gnu-tools-for-stm32.13.3.rel1.win32_1.0.0.202411081344/tools/bin/../lib/gcc/arm-none-eabi/13.3.1/thumb/v7e-m+fp/hard\libgcc.a(_arm_fixunsdfsi.o)
 .ARM.attributes
                0x000009e9       0x22 C:/ST/STM32CubeIDE_1.19.0/STM32CubeIDE/plugins/com.st.stm32cube.ide.mcu.externaltools.gnu-tools-for-stm32.13.3.rel1.win32_1.0.0.202411081344/tools/bin/../lib/gcc/arm-none-eabi/13.3.1/thumb/v7e-m+fp/hard\libgcc.a(_arm_truncdfsf2.o)
 .ARM.attributes
                0x00000a0b       0x22 C:/ST/STM32CubeIDE_1.19.0/STM32CubeIDE/plugins/com.st.stm32cube.ide.mcu.externaltools.gnu-tools-for-stm32.13.3.rel1.win32_1.0.0.202411081344/tools/bin/../lib/gcc/arm-none-eabi/13.3.1/thumb/v7e-m+fp/hard\libgcc.a(_aeabi_uldivmod.o)
 .ARM.attributes
                0x00000a2d       0x34 C:/ST/STM32CubeIDE_1.19.0/STM32CubeIDE/plugins/com.st.stm32cube.ide.mcu.externaltools.gnu-tools-for-stm32.13.3.rel1.win32_1.0.0.202411081344/tools/bin/../lib/gcc/arm-none-eabi/13.3.1/thumb/v7e-m+fp/hard\libgcc.a(_udivmoddi4.o)
 .ARM.attributes
                0x00000a61       0x22 C:/ST/STM32CubeIDE_1.19.0/STM32CubeIDE/plugins/com.st.stm32cube.ide.mcu.externaltools.gnu-tools-for-stm32.13.3.rel1.win32_1.0.0.202411081344/tools/bin/../lib/gcc/arm-none-eabi/13.3.1/thumb/v7e-m+fp/hard\libgcc.a(_dvmd_tls.o)
 .ARM.attributes
                0x00000a83       0x22 C:/ST/STM32CubeIDE_1.19.0/STM32CubeIDE/plugins/com.st.stm32cube.ide.mcu.externaltools.gnu-tools-for-stm32.13.3.rel1.win32_1.0.0.202411081344/tools/bin/../lib/gcc/arm-none-eabi/13.3.1/thumb/v7e-m+fp/hard/crtn.o
OUTPUT(gui.elf elf32-littlearm)
LOAD linker stubs
LOAD C:/ST/STM32CubeIDE_1.19.0/STM32CubeIDE/plugins/com.st.stm32cube.ide.mcu.externaltools.gnu-tools-for-stm32.13.3.rel1.win32_1.0.0.202411081344/tools/bin/../lib/gcc/arm-none-eabi/13.3.1/../../../../arm-none-eabi/lib/thumb/v7e-m+fp/hard\libc.a
LOAD C:/ST/STM32CubeIDE_1.19.0/STM32CubeIDE/plugins/com.st.stm32cube.ide.mcu.externaltools.gnu-tools-for-stm32.13.3.rel1.win32_1.0.0.202411081344/tools/bin/../lib/gcc/arm-none-eabi/13.3.1/../../../../arm-none-eabi/lib/thumb/v7e-m+fp/hard\libm.a
LOAD C:/ST/STM32CubeIDE_1.19.0/STM32CubeIDE/plugins/com.st.stm32cube.ide.mcu.externaltools.gnu-tools-for-stm32.13.3.rel1.win32_1.0.0.202411081344/tools/bin/../lib/gcc/arm-none-eabi/13.3.1/thumb/v7e-m+fp/hard\libgcc.a

.debug_info     0x00000000    0x13cad
 .debug_info    0x00000000      0x149 ./Core/Src/Controller.o
 .debug_info    0x00000149      0x12d ./Core/Src/LowPassFilter.o
 .debug_info    0x00000276      0x92b ./Core/Src/MotorDriver.o
 .debug_info    0x00000ba1      0x78a ./Core/Src/PWM.o
 .debug_info    0x0000132b      0x895 ./Core/Src/QEI.o
 .debug_info    0x00001bc0     0x108b ./Core/Src/RevRobot1DOF.o
 .debug_info    0x00002c4b      0x133 ./Core/Src/Trajectory.o
 .debug_info    0x00002d7e      0x5fc ./Core/Src/gpio.o
 .debug_info    0x0000337a      0x9a5 ./Core/Src/i2c.o
 .debug_info    0x00003d1f     0x1bec ./Core/Src/main.o
 .debug_info    0x0000590b      0x2a4 ./Core/Src/stm32f4xx_hal_msp.o
 .debug_info    0x00005baf      0x750 ./Core/Src/stm32f4xx_it.o
 .debug_info    0x000062ff      0x168 ./Core/Src/sysmem.o
 .debug_info    0x00006467      0x53e ./Core/Src/system_stm32f4xx.o
 .debug_info    0x000069a5     0x11e7 ./Core/Src/tim.o
 .debug_info    0x00007b8c      0x94e ./Core/Src/usart.o
 .debug_info    0x000084da       0x30 ./Core/Startup/startup_stm32f411retx.o
 .debug_info    0x0000850a      0x8c4 ./Drivers/STM32F4xx_HAL_Driver/Src/stm32f4xx_hal.o
 .debug_info    0x00008dce      0xcfc ./Drivers/STM32F4xx_HAL_Driver/Src/stm32f4xx_hal_cortex.o
 .debug_info    0x00009aca      0x6f9 ./Drivers/STM32F4xx_HAL_Driver/Src/stm32f4xx_hal_gpio.o
 .debug_info    0x0000a1c3     0x2426 ./Drivers/STM32F4xx_HAL_Driver/Src/stm32f4xx_hal_i2c.o
 .debug_info    0x0000c5e9      0x904 ./Drivers/STM32F4xx_HAL_Driver/Src/stm32f4xx_hal_rcc.o
 .debug_info    0x0000ceed     0x2996 ./Drivers/STM32F4xx_HAL_Driver/Src/stm32f4xx_hal_tim.o
 .debug_info    0x0000f883     0x14d4 ./Drivers/STM32F4xx_HAL_Driver/Src/stm32f4xx_hal_tim_ex.o
 .debug_info    0x00010d57     0x2f56 ./Drivers/STM32F4xx_HAL_Driver/Src/stm32f4xx_hal_uart.o

.debug_abbrev   0x00000000     0x2ea4
 .debug_abbrev  0x00000000       0xea ./Core/Src/Controller.o
 .debug_abbrev  0x000000ea       0xe9 ./Core/Src/LowPassFilter.o
 .debug_abbrev  0x000001d3      0x190 ./Core/Src/MotorDriver.o
 .debug_abbrev  0x00000363      0x1a3 ./Core/Src/PWM.o
 .debug_abbrev  0x00000506      0x1bb ./Core/Src/QEI.o
 .debug_abbrev  0x000006c1      0x228 ./Core/Src/RevRobot1DOF.o
 .debug_abbrev  0x000008e9       0xe0 ./Core/Src/Trajectory.o
 .debug_abbrev  0x000009c9      0x173 ./Core/Src/gpio.o
 .debug_abbrev  0x00000b3c      0x1f0 ./Core/Src/i2c.o
 .debug_abbrev  0x00000d2c      0x390 ./Core/Src/main.o
 .debug_abbrev  0x000010bc       0xf4 ./Core/Src/stm32f4xx_hal_msp.o
 .debug_abbrev  0x000011b0      0x1bc ./Core/Src/stm32f4xx_it.o
 .debug_abbrev  0x0000136c       0xbc ./Core/Src/sysmem.o
 .debug_abbrev  0x00001428      0x11a ./Core/Src/system_stm32f4xx.o
 .debug_abbrev  0x00001542      0x25d ./Core/Src/tim.o
 .debug_abbrev  0x0000179f      0x1f8 ./Core/Src/usart.o
 .debug_abbrev  0x00001997       0x24 ./Core/Startup/startup_stm32f411retx.o
 .debug_abbrev  0x000019bb      0x24b ./Drivers/STM32F4xx_HAL_Driver/Src/stm32f4xx_hal.o
 .debug_abbrev  0x00001c06      0x31d ./Drivers/STM32F4xx_HAL_Driver/Src/stm32f4xx_hal_cortex.o
 .debug_abbrev  0x00001f23      0x1d3 ./Drivers/STM32F4xx_HAL_Driver/Src/stm32f4xx_hal_gpio.o
 .debug_abbrev  0x000020f6      0x2bc ./Drivers/STM32F4xx_HAL_Driver/Src/stm32f4xx_hal_i2c.o
 .debug_abbrev  0x000023b2      0x2b6 ./Drivers/STM32F4xx_HAL_Driver/Src/stm32f4xx_hal_rcc.o
 .debug_abbrev  0x00002668      0x28b ./Drivers/STM32F4xx_HAL_Driver/Src/stm32f4xx_hal_tim.o
 .debug_abbrev  0x000028f3      0x296 ./Drivers/STM32F4xx_HAL_Driver/Src/stm32f4xx_hal_tim_ex.o
 .debug_abbrev  0x00002b89      0x31b ./Drivers/STM32F4xx_HAL_Driver/Src/stm32f4xx_hal_uart.o

.debug_aranges  0x00000000     0x1118
 .debug_aranges
                0x00000000       0x28 ./Core/Src/Controller.o
 .debug_aranges
                0x00000028       0x28 ./Core/Src/LowPassFilter.o
 .debug_aranges
                0x00000050       0x38 ./Core/Src/MotorDriver.o
 .debug_aranges
                0x00000088       0x28 ./Core/Src/PWM.o
 .debug_aranges
                0x000000b0       0x28 ./Core/Src/QEI.o
 .debug_aranges
                0x000000d8       0x70 ./Core/Src/RevRobot1DOF.o
 .debug_aranges
                0x00000148       0x38 ./Core/Src/Trajectory.o
 .debug_aranges
                0x00000180       0x20 ./Core/Src/gpio.o
 .debug_aranges
                0x000001a0       0x30 ./Core/Src/i2c.o
 .debug_aranges
                0x000001d0       0xb0 ./Core/Src/main.o
 .debug_aranges
                0x00000280       0x20 ./Core/Src/stm32f4xx_hal_msp.o
 .debug_aranges
                0x000002a0       0x80 ./Core/Src/stm32f4xx_it.o
 .debug_aranges
                0x00000320       0x20 ./Core/Src/sysmem.o
 .debug_aranges
                0x00000340       0x28 ./Core/Src/system_stm32f4xx.o
 .debug_aranges
                0x00000368       0x70 ./Core/Src/tim.o
 .debug_aranges
                0x000003d8       0x30 ./Core/Src/usart.o
 .debug_aranges
                0x00000408       0x28 ./Core/Startup/startup_stm32f411retx.o
 .debug_aranges
                0x00000430       0xf0 ./Drivers/STM32F4xx_HAL_Driver/Src/stm32f4xx_hal.o
 .debug_aranges
                0x00000520      0x130 ./Drivers/STM32F4xx_HAL_Driver/Src/stm32f4xx_hal_cortex.o
 .debug_aranges
                0x00000650       0x58 ./Drivers/STM32F4xx_HAL_Driver/Src/stm32f4xx_hal_gpio.o
 .debug_aranges
                0x000006a8      0x2a8 ./Drivers/STM32F4xx_HAL_Driver/Src/stm32f4xx_hal_i2c.o
 .debug_aranges
                0x00000950       0x88 ./Drivers/STM32F4xx_HAL_Driver/Src/stm32f4xx_hal_rcc.o
 .debug_aranges
                0x000009d8      0x3d0 ./Drivers/STM32F4xx_HAL_Driver/Src/stm32f4xx_hal_tim.o
 .debug_aranges
                0x00000da8      0x168 ./Drivers/STM32F4xx_HAL_Driver/Src/stm32f4xx_hal_tim_ex.o
 .debug_aranges
                0x00000f10      0x208 ./Drivers/STM32F4xx_HAL_Driver/Src/stm32f4xx_hal_uart.o

.debug_rnglists
                0x00000000      0xd66
 .debug_rnglists
                0x00000000       0x1a ./Core/Src/Controller.o
 .debug_rnglists
                0x0000001a       0x1a ./Core/Src/LowPassFilter.o
 .debug_rnglists
                0x00000034       0x26 ./Core/Src/MotorDriver.o
 .debug_rnglists
                0x0000005a       0x1a ./Core/Src/PWM.o
 .debug_rnglists
                0x00000074       0x1b ./Core/Src/QEI.o
 .debug_rnglists
                0x0000008f       0x51 ./Core/Src/RevRobot1DOF.o
 .debug_rnglists
                0x000000e0       0x36 ./Core/Src/Trajectory.o
 .debug_rnglists
                0x00000116       0x14 ./Core/Src/gpio.o
 .debug_rnglists
                0x0000012a       0x20 ./Core/Src/i2c.o
 .debug_rnglists
                0x0000014a       0x86 ./Core/Src/main.o
 .debug_rnglists
                0x000001d0       0x13 ./Core/Src/stm32f4xx_hal_msp.o
 .debug_rnglists
                0x000001e3       0x5b ./Core/Src/stm32f4xx_it.o
 .debug_rnglists
                0x0000023e       0x13 ./Core/Src/sysmem.o
 .debug_rnglists
                0x00000251       0x1a ./Core/Src/system_stm32f4xx.o
 .debug_rnglists
                0x0000026b       0x57 ./Core/Src/tim.o
 .debug_rnglists
                0x000002c2       0x20 ./Core/Src/usart.o
 .debug_rnglists
                0x000002e2       0x19 ./Core/Startup/startup_stm32f411retx.o
 .debug_rnglists
                0x000002fb       0xaf ./Drivers/STM32F4xx_HAL_Driver/Src/stm32f4xx_hal.o
 .debug_rnglists
                0x000003aa       0xe0 ./Drivers/STM32F4xx_HAL_Driver/Src/stm32f4xx_hal_cortex.o
 .debug_rnglists
                0x0000048a       0x3f ./Drivers/STM32F4xx_HAL_Driver/Src/stm32f4xx_hal_gpio.o
 .debug_rnglists
                0x000004c9      0x23c ./Drivers/STM32F4xx_HAL_Driver/Src/stm32f4xx_hal_i2c.o
 .debug_rnglists
                0x00000705       0x66 ./Drivers/STM32F4xx_HAL_Driver/Src/stm32f4xx_hal_rcc.o
 .debug_rnglists
                0x0000076b      0x31a ./Drivers/STM32F4xx_HAL_Driver/Src/stm32f4xx_hal_tim.o
 .debug_rnglists
                0x00000a85      0x125 ./Drivers/STM32F4xx_HAL_Driver/Src/stm32f4xx_hal_tim_ex.o
 .debug_rnglists
                0x00000baa      0x1bc ./Drivers/STM32F4xx_HAL_Driver/Src/stm32f4xx_hal_uart.o

.debug_macro    0x00000000    0x18087
 .debug_macro   0x00000000       0x1b ./Core/Src/Controller.o
 .debug_macro   0x0000001b      0xad8 ./Core/Src/Controller.o
 .debug_macro   0x00000af3       0x1b ./Core/Src/LowPassFilter.o
 .debug_macro   0x00000b0e      0x2bb ./Core/Src/MotorDriver.o
 .debug_macro   0x00000dc9      0x2a1 ./Core/Src/MotorDriver.o
 .debug_macro   0x0000106a       0x2e ./Core/Src/MotorDriver.o
 .debug_macro   0x00001098       0x28 ./Core/Src/MotorDriver.o
 .debug_macro   0x000010c0       0x22 ./Core/Src/MotorDriver.o
 .debug_macro   0x000010e2       0x8e ./Core/Src/MotorDriver.o
 .debug_macro   0x00001170       0x51 ./Core/Src/MotorDriver.o
 .debug_macro   0x000011c1      0x103 ./Core/Src/MotorDriver.o
 .debug_macro   0x000012c4       0x6a ./Core/Src/MotorDriver.o
 .debug_macro   0x0000132e      0x1df ./Core/Src/MotorDriver.o
 .debug_macro   0x0000150d       0x1c ./Core/Src/MotorDriver.o
 .debug_macro   0x00001529       0x22 ./Core/Src/MotorDriver.o
 .debug_macro   0x0000154b       0xfb ./Core/Src/MotorDriver.o
 .debug_macro   0x00001646     0x1011 ./Core/Src/MotorDriver.o
 .debug_macro   0x00002657      0x11f ./Core/Src/MotorDriver.o
 .debug_macro   0x00002776     0xb968 ./Core/Src/MotorDriver.o
 .debug_macro   0x0000e0de       0x6d ./Core/Src/MotorDriver.o
 .debug_macro   0x0000e14b     0x3693 ./Core/Src/MotorDriver.o
 .debug_macro   0x000117de      0x190 ./Core/Src/MotorDriver.o
 .debug_macro   0x0001196e       0x5c ./Core/Src/MotorDriver.o
 .debug_macro   0x000119ca      0x45c ./Core/Src/MotorDriver.o
 .debug_macro   0x00011e26      0x9e9 ./Core/Src/MotorDriver.o
 .debug_macro   0x0001280f      0x115 ./Core/Src/MotorDriver.o
 .debug_macro   0x00012924      0x11b ./Core/Src/MotorDriver.o
 .debug_macro   0x00012a3f       0xa5 ./Core/Src/MotorDriver.o
 .debug_macro   0x00012ae4      0x15f ./Core/Src/MotorDriver.o
 .debug_macro   0x00012c43      0x287 ./Core/Src/MotorDriver.o
 .debug_macro   0x00012eca       0x5f ./Core/Src/MotorDriver.o
 .debug_macro   0x00012f29      0x236 ./Core/Src/MotorDriver.o
 .debug_macro   0x0001315f      0x132 ./Core/Src/MotorDriver.o
 .debug_macro   0x00013291      0x264 ./Core/Src/MotorDriver.o
 .debug_macro   0x000134f5       0x2e ./Core/Src/MotorDriver.o
 .debug_macro   0x00013523      0x1b5 ./Core/Src/MotorDriver.o
 .debug_macro   0x000136d8       0x22 ./Core/Src/MotorDriver.o
 .debug_macro   0x000136fa       0xd6 ./Core/Src/MotorDriver.o
 .debug_macro   0x000137d0      0x127 ./Core/Src/MotorDriver.o
 .debug_macro   0x000138f7       0x85 ./Core/Src/MotorDriver.o
 .debug_macro   0x0001397c       0x89 ./Core/Src/MotorDriver.o
 .debug_macro   0x00013a05      0x8ed ./Core/Src/MotorDriver.o
 .debug_macro   0x000142f2       0x47 ./Core/Src/MotorDriver.o
 .debug_macro   0x00014339      0x2aa ./Core/Src/MotorDriver.o
 .debug_macro   0x000145e3      0x126 ./Core/Src/MotorDriver.o
 .debug_macro   0x00014709       0xca ./Core/Src/MotorDriver.o
 .debug_macro   0x000147d3       0x61 ./Core/Src/MotorDriver.o
 .debug_macro   0x00014834       0x2a ./Core/Src/MotorDriver.o
 .debug_macro   0x0001485e       0x43 ./Core/Src/MotorDriver.o
 .debug_macro   0x000148a1       0x34 ./Core/Src/MotorDriver.o
 .debug_macro   0x000148d5      0x370 ./Core/Src/MotorDriver.o
 .debug_macro   0x00014c45       0x16 ./Core/Src/MotorDriver.o
 .debug_macro   0x00014c5b       0x4a ./Core/Src/MotorDriver.o
 .debug_macro   0x00014ca5       0x34 ./Core/Src/MotorDriver.o
 .debug_macro   0x00014cd9       0x10 ./Core/Src/MotorDriver.o
 .debug_macro   0x00014ce9       0x58 ./Core/Src/MotorDriver.o
 .debug_macro   0x00014d41       0x8e ./Core/Src/MotorDriver.o
 .debug_macro   0x00014dcf       0x1c ./Core/Src/MotorDriver.o
 .debug_macro   0x00014deb      0x185 ./Core/Src/MotorDriver.o
 .debug_macro   0x00014f70      0x19b ./Core/Src/MotorDriver.o
 .debug_macro   0x0001510b      0x2b1 ./Core/Src/PWM.o
 .debug_macro   0x000153bc      0x2ab ./Core/Src/QEI.o
 .debug_macro   0x00015667      0x2f3 ./Core/Src/RevRobot1DOF.o
 .debug_macro   0x0001595a       0x1b ./Core/Src/Trajectory.o
 .debug_macro   0x00015975      0x200 ./Core/Src/gpio.o
 .debug_macro   0x00015b75      0x200 ./Core/Src/i2c.o
 .debug_macro   0x00015d75      0x3bf ./Core/Src/main.o
 .debug_macro   0x00016134       0x16 ./Core/Src/main.o
 .debug_macro   0x0001614a       0x3c ./Core/Src/main.o
 .debug_macro   0x00016186       0x20 ./Core/Src/main.o
 .debug_macro   0x000161a6       0x1c ./Core/Src/main.o
 .debug_macro   0x000161c2       0x10 ./Core/Src/main.o
 .debug_macro   0x000161d2       0x1c ./Core/Src/main.o
 .debug_macro   0x000161ee       0x16 ./Core/Src/main.o
 .debug_macro   0x00016204      0x146 ./Core/Src/main.o
 .debug_macro   0x0001634a      0x1f6 ./Core/Src/stm32f4xx_hal_msp.o
 .debug_macro   0x00016540      0x200 ./Core/Src/stm32f4xx_it.o
 .debug_macro   0x00016740      0x112 ./Core/Src/sysmem.o
 .debug_macro   0x00016852      0x23c ./Core/Src/sysmem.o
 .debug_macro   0x00016a8e      0x1e7 ./Core/Src/system_stm32f4xx.o
 .debug_macro   0x00016c75      0x200 ./Core/Src/tim.o
 .debug_macro   0x00016e75      0x200 ./Core/Src/usart.o
 .debug_macro   0x00017075      0x247 ./Drivers/STM32F4xx_HAL_Driver/Src/stm32f4xx_hal.o
 .debug_macro   0x000172bc      0x1e7 ./Drivers/STM32F4xx_HAL_Driver/Src/stm32f4xx_hal_cortex.o
 .debug_macro   0x000174a3      0x1ed ./Drivers/STM32F4xx_HAL_Driver/Src/stm32f4xx_hal_gpio.o
 .debug_macro   0x00017690      0x235 ./Drivers/STM32F4xx_HAL_Driver/Src/stm32f4xx_hal_i2c.o
 .debug_macro   0x000178c5      0x20b ./Drivers/STM32F4xx_HAL_Driver/Src/stm32f4xx_hal_rcc.o
 .debug_macro   0x00017ad0      0x1e8 ./Drivers/STM32F4xx_HAL_Driver/Src/stm32f4xx_hal_tim.o
 .debug_macro   0x00017cb8      0x1e7 ./Drivers/STM32F4xx_HAL_Driver/Src/stm32f4xx_hal_tim_ex.o
 .debug_macro   0x00017e9f      0x1e8 ./Drivers/STM32F4xx_HAL_Driver/Src/stm32f4xx_hal_uart.o

.debug_line     0x00000000    0x15b60
 .debug_line    0x00000000      0x154 ./Core/Src/Controller.o
 .debug_line    0x00000154       0xe5 ./Core/Src/LowPassFilter.o
 .debug_line    0x00000239      0x946 ./Core/Src/MotorDriver.o
 .debug_line    0x00000b7f      0x967 ./Core/Src/PWM.o
 .debug_line    0x000014e6      0x99e ./Core/Src/QEI.o
 .debug_line    0x00001e84      0xb39 ./Core/Src/RevRobot1DOF.o
 .debug_line    0x000029bd       0xe8 ./Core/Src/Trajectory.o
 .debug_line    0x00002aa5      0x7ab ./Core/Src/gpio.o
 .debug_line    0x00003250      0x7e5 ./Core/Src/i2c.o
 .debug_line    0x00003a35      0xeb4 ./Core/Src/main.o
 .debug_line    0x000048e9      0x778 ./Core/Src/stm32f4xx_hal_msp.o
 .debug_line    0x00005061      0x887 ./Core/Src/stm32f4xx_it.o
 .debug_line    0x000058e8      0x588 ./Core/Src/sysmem.o
 .debug_line    0x00005e70      0x7ed ./Core/Src/system_stm32f4xx.o
 .debug_line    0x0000665d      0xb32 ./Core/Src/tim.o
 .debug_line    0x0000718f      0x7e5 ./Core/Src/usart.o
 .debug_line    0x00007974       0x7a ./Core/Startup/startup_stm32f411retx.o
 .debug_line    0x000079ee      0xa69 ./Drivers/STM32F4xx_HAL_Driver/Src/stm32f4xx_hal.o
 .debug_line    0x00008457      0xd39 ./Drivers/STM32F4xx_HAL_Driver/Src/stm32f4xx_hal_cortex.o
 .debug_line    0x00009190      0xb85 ./Drivers/STM32F4xx_HAL_Driver/Src/stm32f4xx_hal_gpio.o
 .debug_line    0x00009d15     0x3b16 ./Drivers/STM32F4xx_HAL_Driver/Src/stm32f4xx_hal_i2c.o
 .debug_line    0x0000d82b      0xe78 ./Drivers/STM32F4xx_HAL_Driver/Src/stm32f4xx_hal_rcc.o
 .debug_line    0x0000e6a3     0x35a8 ./Drivers/STM32F4xx_HAL_Driver/Src/stm32f4xx_hal_tim.o
 .debug_line    0x00011c4b     0x1964 ./Drivers/STM32F4xx_HAL_Driver/Src/stm32f4xx_hal_tim_ex.o
 .debug_line    0x000135af     0x25b1 ./Drivers/STM32F4xx_HAL_Driver/Src/stm32f4xx_hal_uart.o

.debug_str      0x00000000    0x91f82
 .debug_str     0x00000000    0x91f82 ./Core/Src/Controller.o
                               0x2edd (size before relaxing)
 .debug_str     0x00091f82     0x2ef8 ./Core/Src/LowPassFilter.o
 .debug_str     0x00091f82    0x8cd21 ./Core/Src/MotorDriver.o
 .debug_str     0x00091f82    0x8cc4e ./Core/Src/PWM.o
 .debug_str     0x00091f82    0x8cca5 ./Core/Src/QEI.o
 .debug_str     0x00091f82    0x8d190 ./Core/Src/RevRobot1DOF.o
 .debug_str     0x00091f82     0x2f01 ./Core/Src/Trajectory.o
 .debug_str     0x00091f82    0x8928e ./Core/Src/gpio.o
 .debug_str     0x00091f82    0x893fa ./Core/Src/i2c.o
 .debug_str     0x00091f82    0x8e0e0 ./Core/Src/main.o
 .debug_str     0x00091f82    0x88e18 ./Core/Src/stm32f4xx_hal_msp.o
 .debug_str     0x00091f82    0x8934a ./Core/Src/stm32f4xx_it.o
 .debug_str     0x00091f82     0x7779 ./Core/Src/sysmem.o
 .debug_str     0x00091f82    0x88bd2 ./Core/Src/system_stm32f4xx.o
 .debug_str     0x00091f82    0x89bd1 ./Core/Src/tim.o
 .debug_str     0x00091f82    0x89383 ./Core/Src/usart.o
 .debug_str     0x00091f82       0x7b ./Core/Startup/startup_stm32f411retx.o
 .debug_str     0x00091f82    0x895fe ./Drivers/STM32F4xx_HAL_Driver/Src/stm32f4xx_hal.o
 .debug_str     0x00091f82    0x89368 ./Drivers/STM32F4xx_HAL_Driver/Src/stm32f4xx_hal_cortex.o
 .debug_str     0x00091f82    0x88d4d ./Drivers/STM32F4xx_HAL_Driver/Src/stm32f4xx_hal_gpio.o
 .debug_str     0x00091f82    0x89be3 ./Drivers/STM32F4xx_HAL_Driver/Src/stm32f4xx_hal_i2c.o
 .debug_str     0x00091f82    0x89006 ./Drivers/STM32F4xx_HAL_Driver/Src/stm32f4xx_hal_rcc.o
 .debug_str     0x00091f82    0x89f4a ./Drivers/STM32F4xx_HAL_Driver/Src/stm32f4xx_hal_tim.o
 .debug_str     0x00091f82    0x89756 ./Drivers/STM32F4xx_HAL_Driver/Src/stm32f4xx_hal_tim_ex.o
 .debug_str     0x00091f82    0x895d5 ./Drivers/STM32F4xx_HAL_Driver/Src/stm32f4xx_hal_uart.o

.comment        0x00000000       0x43
 .comment       0x00000000       0x43 ./Core/Src/Controller.o
                                 0x44 (size before relaxing)
 .comment       0x00000043       0x44 ./Core/Src/LowPassFilter.o
 .comment       0x00000043       0x44 ./Core/Src/MotorDriver.o
 .comment       0x00000043       0x44 ./Core/Src/PWM.o
 .comment       0x00000043       0x44 ./Core/Src/QEI.o
 .comment       0x00000043       0x44 ./Core/Src/RevRobot1DOF.o
 .comment       0x00000043       0x44 ./Core/Src/Trajectory.o
 .comment       0x00000043       0x44 ./Core/Src/gpio.o
 .comment       0x00000043       0x44 ./Core/Src/i2c.o
 .comment       0x00000043       0x44 ./Core/Src/main.o
 .comment       0x00000043       0x44 ./Core/Src/stm32f4xx_hal_msp.o
 .comment       0x00000043       0x44 ./Core/Src/stm32f4xx_it.o
 .comment       0x00000043       0x44 ./Core/Src/sysmem.o
 .comment       0x00000043       0x44 ./Core/Src/system_stm32f4xx.o
 .comment       0x00000043       0x44 ./Core/Src/tim.o
 .comment       0x00000043       0x44 ./Core/Src/usart.o
 .comment       0x00000043       0x44 ./Drivers/STM32F4xx_HAL_Driver/Src/stm32f4xx_hal.o
 .comment       0x00000043       0x44 ./Drivers/STM32F4xx_HAL_Driver/Src/stm32f4xx_hal_cortex.o
 .comment       0x00000043       0x44 ./Drivers/STM32F4xx_HAL_Driver/Src/stm32f4xx_hal_gpio.o
 .comment       0x00000043       0x44 ./Drivers/STM32F4xx_HAL_Driver/Src/stm32f4xx_hal_i2c.o
 .comment       0x00000043       0x44 ./Drivers/STM32F4xx_HAL_Driver/Src/stm32f4xx_hal_rcc.o
 .comment       0x00000043       0x44 ./Drivers/STM32F4xx_HAL_Driver/Src/stm32f4xx_hal_tim.o
 .comment       0x00000043       0x44 ./Drivers/STM32F4xx_HAL_Driver/Src/stm32f4xx_hal_tim_ex.o
 .comment       0x00000043       0x44 ./Drivers/STM32F4xx_HAL_Driver/Src/stm32f4xx_hal_uart.o

.debug_frame    0x00000000     0x4d34
 .debug_frame   0x00000000       0x60 ./Core/Src/Controller.o
 .debug_frame   0x00000060       0x60 ./Core/Src/LowPassFilter.o
 .debug_frame   0x000000c0       0xac ./Core/Src/MotorDriver.o
 .debug_frame   0x0000016c       0x5c ./Core/Src/PWM.o
 .debug_frame   0x000001c8       0x60 ./Core/Src/QEI.o
 .debug_frame   0x00000228      0x1a8 ./Core/Src/RevRobot1DOF.o
 .debug_frame   0x000003d0       0xb0 ./Core/Src/Trajectory.o
 .debug_frame   0x00000480       0x34 ./Core/Src/gpio.o
 .debug_frame   0x000004b4       0x74 ./Core/Src/i2c.o
 .debug_frame   0x00000528      0x2a8 ./Core/Src/main.o
 .debug_frame   0x000007d0       0x34 ./Core/Src/stm32f4xx_hal_msp.o
 .debug_frame   0x00000804      0x174 ./Core/Src/stm32f4xx_it.o
 .debug_frame   0x00000978       0x34 ./Core/Src/sysmem.o
 .debug_frame   0x000009ac       0x58 ./Core/Src/system_stm32f4xx.o
 .debug_frame   0x00000a04      0x19c ./Core/Src/tim.o
 .debug_frame   0x00000ba0       0x74 ./Core/Src/usart.o
 .debug_frame   0x00000c14      0x374 ./Drivers/STM32F4xx_HAL_Driver/Src/stm32f4xx_hal.o
 .debug_frame   0x00000f88      0x508 ./Drivers/STM32F4xx_HAL_Driver/Src/stm32f4xx_hal_cortex.o
 .debug_frame   0x00001490      0x14c ./Drivers/STM32F4xx_HAL_Driver/Src/stm32f4xx_hal_gpio.o
 .debug_frame   0x000015dc      0xc84 ./Drivers/STM32F4xx_HAL_Driver/Src/stm32f4xx_hal_i2c.o
 .debug_frame   0x00002260      0x1f4 ./Drivers/STM32F4xx_HAL_Driver/Src/stm32f4xx_hal_rcc.o
 .debug_frame   0x00002454     0x11b8 ./Drivers/STM32F4xx_HAL_Driver/Src/stm32f4xx_hal_tim.o
 .debug_frame   0x0000360c      0x638 ./Drivers/STM32F4xx_HAL_Driver/Src/stm32f4xx_hal_tim_ex.o
 .debug_frame   0x00003c44      0x954 ./Drivers/STM32F4xx_HAL_Driver/Src/stm32f4xx_hal_uart.o
 .debug_frame   0x00004598      0x144 C:/ST/STM32CubeIDE_1.19.0/STM32CubeIDE/plugins/com.st.stm32cube.ide.mcu.externaltools.gnu-tools-for-stm32.13.3.rel1.win32_1.0.0.202411081344/tools/bin/../lib/gcc/arm-none-eabi/13.3.1/../../../../arm-none-eabi/lib/thumb/v7e-m+fp/hard\libc_nano.a(libc_a-findfp.o)
 .debug_frame   0x000046dc       0x7c C:/ST/STM32CubeIDE_1.19.0/STM32CubeIDE/plugins/com.st.stm32cube.ide.mcu.externaltools.gnu-tools-for-stm32.13.3.rel1.win32_1.0.0.202411081344/tools/bin/../lib/gcc/arm-none-eabi/13.3.1/../../../../arm-none-eabi/lib/thumb/v7e-m+fp/hard\libc_nano.a(libc_a-snprintf.o)
 .debug_frame   0x00004758       0x20 C:/ST/STM32CubeIDE_1.19.0/STM32CubeIDE/plugins/com.st.stm32cube.ide.mcu.externaltools.gnu-tools-for-stm32.13.3.rel1.win32_1.0.0.202411081344/tools/bin/../lib/gcc/arm-none-eabi/13.3.1/../../../../arm-none-eabi/lib/thumb/v7e-m+fp/hard\libc_nano.a(libc_a-memset.o)
 .debug_frame   0x00004778       0x38 C:/ST/STM32CubeIDE_1.19.0/STM32CubeIDE/plugins/com.st.stm32cube.ide.mcu.externaltools.gnu-tools-for-stm32.13.3.rel1.win32_1.0.0.202411081344/tools/bin/../lib/gcc/arm-none-eabi/13.3.1/../../../../arm-none-eabi/lib/thumb/v7e-m+fp/hard\libc_nano.a(libc_a-reent.o)
 .debug_frame   0x000047b0       0x20 C:/ST/STM32CubeIDE_1.19.0/STM32CubeIDE/plugins/com.st.stm32cube.ide.mcu.externaltools.gnu-tools-for-stm32.13.3.rel1.win32_1.0.0.202411081344/tools/bin/../lib/gcc/arm-none-eabi/13.3.1/../../../../arm-none-eabi/lib/thumb/v7e-m+fp/hard\libc_nano.a(libc_a-errno.o)
 .debug_frame   0x000047d0       0x2c C:/ST/STM32CubeIDE_1.19.0/STM32CubeIDE/plugins/com.st.stm32cube.ide.mcu.externaltools.gnu-tools-for-stm32.13.3.rel1.win32_1.0.0.202411081344/tools/bin/../lib/gcc/arm-none-eabi/13.3.1/../../../../arm-none-eabi/lib/thumb/v7e-m+fp/hard\libc_nano.a(libc_a-init.o)